Archive member included to satisfy reference by file (symbol)

c:/program files (x86)/atmel/studio/7.0/toolchain/avr8/avr8-gnu-toolchain/bin/../lib/gcc/avr/5.4.0/../../../../avr/lib/avrxmega6\libm.a(addsf3.o)
                              Source/lib/frtcpp/time_stamp_to_float.o (__addsf3)
c:/program files (x86)/atmel/studio/7.0/toolchain/avr8/avr8-gnu-toolchain/bin/../lib/gcc/avr/5.4.0/../../../../avr/lib/avrxmega6\libm.a(addsf3x.o)
                              c:/program files (x86)/atmel/studio/7.0/toolchain/avr8/avr8-gnu-toolchain/bin/../lib/gcc/avr/5.4.0/../../../../avr/lib/avrxmega6\libm.a(addsf3.o) (__addsf3x)
c:/program files (x86)/atmel/studio/7.0/toolchain/avr8/avr8-gnu-toolchain/bin/../lib/gcc/avr/5.4.0/../../../../avr/lib/avrxmega6\libm.a(divsf3.o)
                              Source/lib/frtcpp/time_stamp_to_float.o (__divsf3)
c:/program files (x86)/atmel/studio/7.0/toolchain/avr8/avr8-gnu-toolchain/bin/../lib/gcc/avr/5.4.0/../../../../avr/lib/avrxmega6\libm.a(divsf3x.o)
                              c:/program files (x86)/atmel/studio/7.0/toolchain/avr8/avr8-gnu-toolchain/bin/../lib/gcc/avr/5.4.0/../../../../avr/lib/avrxmega6\libm.a(divsf3.o) (__divsf3x)
c:/program files (x86)/atmel/studio/7.0/toolchain/avr8/avr8-gnu-toolchain/bin/../lib/gcc/avr/5.4.0/../../../../avr/lib/avrxmega6\libm.a(floatsisf.o)
                              Source/lib/frtcpp/time_stamp_to_float.o (__floatunsisf)
c:/program files (x86)/atmel/studio/7.0/toolchain/avr8/avr8-gnu-toolchain/bin/../lib/gcc/avr/5.4.0/../../../../avr/lib/avrxmega6\libm.a(fp_inf.o)
                              c:/program files (x86)/atmel/studio/7.0/toolchain/avr8/avr8-gnu-toolchain/bin/../lib/gcc/avr/5.4.0/../../../../avr/lib/avrxmega6\libm.a(addsf3x.o) (__fp_inf)
c:/program files (x86)/atmel/studio/7.0/toolchain/avr8/avr8-gnu-toolchain/bin/../lib/gcc/avr/5.4.0/../../../../avr/lib/avrxmega6\libm.a(fp_nan.o)
                              c:/program files (x86)/atmel/studio/7.0/toolchain/avr8/avr8-gnu-toolchain/bin/../lib/gcc/avr/5.4.0/../../../../avr/lib/avrxmega6\libm.a(addsf3x.o) (__fp_nan)
c:/program files (x86)/atmel/studio/7.0/toolchain/avr8/avr8-gnu-toolchain/bin/../lib/gcc/avr/5.4.0/../../../../avr/lib/avrxmega6\libm.a(fp_pscA.o)
                              c:/program files (x86)/atmel/studio/7.0/toolchain/avr8/avr8-gnu-toolchain/bin/../lib/gcc/avr/5.4.0/../../../../avr/lib/avrxmega6\libm.a(addsf3x.o) (__fp_pscA)
c:/program files (x86)/atmel/studio/7.0/toolchain/avr8/avr8-gnu-toolchain/bin/../lib/gcc/avr/5.4.0/../../../../avr/lib/avrxmega6\libm.a(fp_pscB.o)
                              c:/program files (x86)/atmel/studio/7.0/toolchain/avr8/avr8-gnu-toolchain/bin/../lib/gcc/avr/5.4.0/../../../../avr/lib/avrxmega6\libm.a(addsf3x.o) (__fp_pscB)
c:/program files (x86)/atmel/studio/7.0/toolchain/avr8/avr8-gnu-toolchain/bin/../lib/gcc/avr/5.4.0/../../../../avr/lib/avrxmega6\libm.a(fp_round.o)
                              c:/program files (x86)/atmel/studio/7.0/toolchain/avr8/avr8-gnu-toolchain/bin/../lib/gcc/avr/5.4.0/../../../../avr/lib/avrxmega6\libm.a(addsf3.o) (__fp_round)
c:/program files (x86)/atmel/studio/7.0/toolchain/avr8/avr8-gnu-toolchain/bin/../lib/gcc/avr/5.4.0/../../../../avr/lib/avrxmega6\libm.a(fp_split3.o)
                              c:/program files (x86)/atmel/studio/7.0/toolchain/avr8/avr8-gnu-toolchain/bin/../lib/gcc/avr/5.4.0/../../../../avr/lib/avrxmega6\libm.a(addsf3x.o) (__fp_split3)
c:/program files (x86)/atmel/studio/7.0/toolchain/avr8/avr8-gnu-toolchain/bin/../lib/gcc/avr/5.4.0/../../../../avr/lib/avrxmega6\libm.a(fp_zero.o)
                              c:/program files (x86)/atmel/studio/7.0/toolchain/avr8/avr8-gnu-toolchain/bin/../lib/gcc/avr/5.4.0/../../../../avr/lib/avrxmega6\libm.a(addsf3x.o) (__fp_zero)
c:/program files (x86)/atmel/studio/7.0/toolchain/avr8/avr8-gnu-toolchain/bin/../lib/gcc/avr/5.4.0/avrxmega6\libgcc.a(_mulsi3.o)
                              Source/lib/frtcpp/time_stamp_get_us.o (__mulsi3)
c:/program files (x86)/atmel/studio/7.0/toolchain/avr8/avr8-gnu-toolchain/bin/../lib/gcc/avr/5.4.0/avrxmega6\libgcc.a(_divmodhi4.o)
                              Source/motorDriver.o (__divmodhi4)
c:/program files (x86)/atmel/studio/7.0/toolchain/avr8/avr8-gnu-toolchain/bin/../lib/gcc/avr/5.4.0/avrxmega6\libgcc.a(_udivmodsi4.o)
                              src/ASF/xmega/services/pwm/pwm.o (__udivmodsi4)
c:/program files (x86)/atmel/studio/7.0/toolchain/avr8/avr8-gnu-toolchain/bin/../lib/gcc/avr/5.4.0/avrxmega6\libgcc.a(_divmodsi4.o)
                              Source/lib/frtcpp/time_stamp_lshift.o (__divmodsi4)
c:/program files (x86)/atmel/studio/7.0/toolchain/avr8/avr8-gnu-toolchain/bin/../lib/gcc/avr/5.4.0/avrxmega6\libgcc.a(_negsi2.o)
                              c:/program files (x86)/atmel/studio/7.0/toolchain/avr8/avr8-gnu-toolchain/bin/../lib/gcc/avr/5.4.0/avrxmega6\libgcc.a(_divmodsi4.o) (__negsi2)
[...]
Memory Configuration

Name             Origin             Length             Attributes
text             0x00000000         0x00100000         xr
data             0x00802000         0x0000ffa0         rw !x
eeprom           0x00810000         0x00010000         rw !x
fuse             0x00820000         0x00000006         rw !x
lock             0x00830000         0x00000400         rw !x
signature        0x00840000         0x00000400         rw !x
user_signatures  0x00850000         0x00000400         rw !x
*default*        0x00000000         0xffffffff

Linker script and memory map

LOAD C:/Program Files (x86)/Atmel/Studio/7.0/Packs/atmel/XMEGAA_DFP/1.1.68/gcc/dev/atxmega128a3u/avrxmega6/crtatxmega128a3u.o
LOAD Source/FollowInstructions.o
LOAD Source/lib/freertos/croutine.o
LOAD Source/motorDriver.o
LOAD Source/task_LED.o
LOAD Source/task_motor.o
LOAD Source/task_user.o
LOAD Source/xmega_util.o
LOAD src/ASF/common/boards/user_board/init.o
LOAD src/ASF/common/services/clock/xmega/sysclk.o
LOAD src/ASF/common/services/sleepmgr/xmega/sleepmgr.o
LOAD src/ASF/xmega/drivers/cpu/ccp.o
LOAD src/ASF/xmega/drivers/nvm/nvm.o
LOAD src/ASF/xmega/drivers/nvm/nvm_asm.o
LOAD src/ASF/xmega/drivers/tc/tc.o
LOAD src/ASF/xmega/services/pwm/pwm.o
LOAD Source/lib/freertos/heap_2.o
LOAD Source/lib/freertos/list.o
LOAD Source/lib/freertos/port.o
LOAD Source/lib/freertos/queue.o
LOAD Source/lib/freertos/tasks.o
LOAD Source/lib/frtcpp/base_data_receiver.o
LOAD Source/lib/frtcpp/frt_task.o
LOAD Source/lib/frtcpp/frt_task_stackprt.o
LOAD Source/lib/frtcpp/frt_task_status.o
LOAD Source/lib/frtcpp/frt_text_queue.o
LOAD Source/lib/frtcpp/func_get_run_time_counter.o
LOAD Source/lib/frtcpp/time_stamp_equal.o
LOAD Source/lib/frtcpp/time_stamp_get_us.o
LOAD Source/lib/frtcpp/time_stamp_greater.o
LOAD Source/lib/frtcpp/time_stamp_greater_eq.o
LOAD Source/lib/frtcpp/time_stamp_less.o
LOAD Source/lib/frtcpp/time_stamp_less_eq.o
LOAD Source/lib/frtcpp/time_stamp_lshift.o
LOAD Source/lib/frtcpp/time_stamp_minus.o
LOAD Source/lib/frtcpp/time_stamp_minus_eq.o
LOAD Source/lib/frtcpp/time_stamp_not_equal.o
LOAD Source/lib/frtcpp/time_stamp_plus.o
LOAD Source/lib/frtcpp/time_stamp_plus_eq.o
LOAD Source/lib/frtcpp/time_stamp_tick_res_time.o
LOAD Source/lib/frtcpp/time_stamp_to_float.o
LOAD Source/lib/frtcpp/time_stamp_to_now.o
LOAD Source/lib/frtcpp/time_stamp_to_now_ISR.o
LOAD Source/lib/misc/hex_dump_memory.o
LOAD Source/lib/misc/mechutil.o
LOAD Source/lib/serial/base232.o
LOAD Source/lib/serial/emstream.o
LOAD Source/lib/serial/emstream_bool.o
LOAD Source/lib/serial/emstream_float.o
LOAD Source/lib/serial/emstream_hex_receive.o
LOAD Source/lib/serial/emstream_hex_send.o
LOAD Source/lib/serial/emstream_int16_t.o
LOAD Source/lib/serial/emstream_int32_t.o
LOAD Source/lib/serial/emstream_int8_t.o
LOAD Source/lib/serial/emstream_pointer.o
LOAD Source/lib/serial/emstream_uint16_t.o
LOAD Source/lib/serial/emstream_uint32_t.o
LOAD Source/lib/serial/emstream_uint64_t.o
LOAD Source/lib/serial/emstream_uint8_t.o
LOAD Source/lib/serial/rs232int.o
LOAD Source/main.o
START GROUP
LOAD c:/program files (x86)/atmel/studio/7.0/toolchain/avr8/avr8-gnu-toolchain/bin/../lib/gcc/avr/5.4.0/../../../../avr/lib/avrxmega6\libm.a
END GROUP
LOAD c:/program files (x86)/atmel/studio/7.0/toolchain/avr8/avr8-gnu-toolchain/bin/../lib/gcc/avr/5.4.0/avrxmega6\libgcc.a
LOAD c:/program files (x86)/atmel/studio/7.0/toolchain/avr8/avr8-gnu-toolchain/bin/../lib/gcc/avr/5.4.0/../../../../avr/lib/avrxmega6\libm.a
START GROUP
LOAD c:/program files (x86)/atmel/studio/7.0/toolchain/avr8/avr8-gnu-toolchain/bin/../lib/gcc/avr/5.4.0/avrxmega6\libgcc.a
LOAD c:/program files (x86)/atmel/studio/7.0/toolchain/avr8/avr8-gnu-toolchain/bin/../lib/gcc/avr/5.4.0/../../../../avr/lib/avrxmega6\libm.a
LOAD c:/program files (x86)/atmel/studio/7.0/toolchain/avr8/avr8-gnu-toolchain/bin/../lib/gcc/avr/5.4.0/../../../../avr/lib/avrxmega6\libc.a
LOAD C:/Program Files (x86)/Atmel/Studio/7.0/Packs/atmel/XMEGAA_DFP/1.1.68/gcc/dev/atxmega128a3u/avrxmega6\libatxmega128a3u.a
END GROUP
                0x00100000                __TEXT_REGION_LENGTH__ = DEFINED (__TEXT_REGION_LENGTH__)?__TEXT_REGION_LENGTH__:0x100000
                0x0000ffa0                __DATA_REGION_LENGTH__ = DEFINED (__DATA_REGION_LENGTH__)?__DATA_REGION_LENGTH__:0xffa0
                0x00010000                __EEPROM_REGION_LENGTH__ = DEFINED (__EEPROM_REGION_LENGTH__)?__EEPROM_REGION_LENGTH__:0x10000
                [0x00000006]                __FUSE_REGION_LENGTH__ = DEFINED (__FUSE_REGION_LENGTH__)?__FUSE_REGION_LENGTH__:0x400
                0x00000400                __LOCK_REGION_LENGTH__ = DEFINED (__LOCK_REGION_LENGTH__)?__LOCK_REGION_LENGTH__:0x400
                0x00000400                __SIGNATURE_REGION_LENGTH__ = DEFINED (__SIGNATURE_REGION_LENGTH__)?__SIGNATURE_REGION_LENGTH__:0x400
                0x00000400                __USER_SIGNATURE_REGION_LENGTH__ = DEFINED (__USER_SIGNATURE_REGION_LENGTH__)?__USER_SIGNATURE_REGION_LENGTH__:0x400

.hash
 *(.hash)

.dynsym
 *(.dynsym)

.dynstr
 *(.dynstr)

.gnu.version
 *(.gnu.version)

.gnu.version_d
 *(.gnu.version_d)

.gnu.version_r
 *(.gnu.version_r)

.rel.init
 *(.rel.init)

.rela.init
 *(.rela.init)

.rel.text
 *(.rel.text)
 *(.rel.text.*)
 *(.rel.gnu.linkonce.t*)

.rela.text
 *(.rela.text)
 *(.rela.text.*)
 *(.rela.gnu.linkonce.t*)

.rel.fini
 *(.rel.fini)

.rela.fini
 *(.rela.fini)

.rel.rodata
 *(.rel.rodata)
 *(.rel.rodata.*)
 *(.rel.gnu.linkonce.r*)

.rela.rodata
 *(.rela.rodata)
 *(.rela.rodata.*)
 *(.rela.gnu.linkonce.r*)

.rel.data
 *(.rel.data)
 *(.rel.data.*)
 *(.rel.gnu.linkonce.d*)

.rela.data
 *(.rela.data)
 *(.rela.data.*)
 *(.rela.gnu.linkonce.d*)

.rel.ctors
 *(.rel.ctors)

.rela.ctors
 *(.rela.ctors)

.rel.dtors
 *(.rel.dtors)

.rela.dtors
 *(.rela.dtors)

.rel.got
 *(.rel.got)

.rela.got
 *(.rela.got)

.rel.bss
 *(.rel.bss)

.rela.bss
 *(.rela.bss)

.rel.plt
 *(.rel.plt)

.rela.plt
 *(.rela.plt)

.text           0x00000000     0x45e0
 *(.vectors)
 .vectors       0x00000000      0x1fc C:/Program Files (x86)/Atmel/Studio/7.0/Packs/atmel/XMEGAA_DFP/1.1.68/gcc/dev/atxmega128a3u/avrxmega6/crtatxmega128a3u.o
                0x00000000                __vector_default
                0x00000000                __vectors
 *(.vectors)
 *(.progmem.gcc*)
 .progmem.gcc_sw_table.pwm_init
                0x000001fc        0xe src/ASF/xmega/services/pwm/pwm.o
 .progmem.gcc_sw_table._ZN8emstreamlsE15ser_manipulator
                0x0000020a       0x16 Source/lib/serial/emstream.o
                0x00000220                . = ALIGN (0x2)
                0x00000220                __trampolines_start = .
 *(.trampolines)
 .trampolines   0x00000220       0x94 linker stubs
 *(.trampolines*)
                0x000002b4                __trampolines_end = .
 *libprintf_flt.a:*(.progmem.data)
 *libc.a:*(.progmem.data)
 *(.progmem*)
 .progmem.something
                0x000002b4       0x4b Source/lib/frtcpp/frt_task.o
 .progmem.something
                0x000002ff       0x72 Source/lib/frtcpp/frt_task_status.o
                0x00000372                . = ALIGN (0x2)
 *fill*         0x00000371        0x1 
 *(.jumptables)
 *(.jumptables*)
 *(.lowtext)
 .lowtext       0x00000372        0x4 Source/lib/frtcpp/frt_task.o
                0x00000372                _call_static_run_method
 *(.lowtext*)
                0x00000376                __ctors_start = .
 *(.ctors)
 .ctors         0x00000376        0x2 Source/main.o
                0x00000378                __ctors_end = .
                0x00000378                __dtors_start = .
 *(.dtors)
                0x00000378                __dtors_end = .
 SORT(*)(.ctors)
 SORT(*)(.dtors)
 *(.init0)
 .init0         0x00000378        0x0 C:/Program Files (x86)/Atmel/Studio/7.0/Packs/atmel/XMEGAA_DFP/1.1.68/gcc/dev/atxmega128a3u/avrxmega6/crtatxmega128a3u.o
                0x00000378                __init
 *(.init0)
 *(.init1)
 *(.init1)
 *(.init2)
 .init2         0x00000378       0x10 C:/Program Files (x86)/Atmel/Studio/7.0/Packs/atmel/XMEGAA_DFP/1.1.68/gcc/dev/atxmega128a3u/avrxmega6/crtatxmega128a3u.o
 *(.init2)
 *(.init3)
 *(.init3)
 *(.init4)
 .init4         0x00000388       0x1a c:/program files (x86)/atmel/studio/7.0/toolchain/avr8/avr8-gnu-toolchain/bin/../lib/gcc/avr/5.4.0/avrxmega6\libgcc.a(_copy_data.o)
                0x00000388                __do_copy_data
 .init4         0x000003a2       0x10 c:/program files (x86)/atmel/studio/7.0/toolchain/avr8/avr8-gnu-toolchain/bin/../lib/gcc/avr/5.4.0/avrxmega6\libgcc.a(_clear_bss.o)
                0x000003a2                __do_clear_bss
 *(.init4)
 *(.init5)
 *(.init5)
 *(.init6)
 .init6         0x000003b2       0x20 c:/program files (x86)/atmel/studio/7.0/toolchain/avr8/avr8-gnu-toolchain/bin/../lib/gcc/avr/5.4.0/avrxmega6\libgcc.a(_ctors.o)
                0x000003b2                __do_global_ctors
 *(.init6)
 *(.init7)
 *(.init7)
 *(.init8)
 *(.init8)
 *(.init9)
 .init9         0x000003d2        0x8 C:/Program Files (x86)/Atmel/Studio/7.0/Packs/atmel/XMEGAA_DFP/1.1.68/gcc/dev/atxmega128a3u/avrxmega6/crtatxmega128a3u.o
 *(.init9)
 *(.text)
 .text          0x000003da        0x4 C:/Program Files (x86)/Atmel/Studio/7.0/Packs/atmel/XMEGAA_DFP/1.1.68/gcc/dev/atxmega128a3u/avrxmega6/crtatxmega128a3u.o
                0x000003da                __vector_38
                0x000003da                __vector_104
                0x000003da                __vector_63
                0x000003da                __vector_67
                0x000003da                __vector_1
                0x000003da                __vector_32
                0x000003da                __vector_75
                0x000003da                __vector_71
                0x000003da                __vector_34
                0x000003da                __vector_62
                0x000003da                __vector_102
                0x000003da                __vector_24
                0x000003da                __vector_12
                0x000003da                __vector_69
                0x000003da                __vector_90
                0x000003da                __vector_46
                0x000003da                __bad_interrupt
                0x000003da                __vector_122
                0x000003da                __vector_72
                0x000003da                __vector_114
                0x000003da                __vector_6
                0x000003da                __vector_31
                0x000003da                __vector_92
                0x000003da                __vector_35
                0x000003da                __vector_74
                0x000003da                __vector_117
                0x000003da                __vector_39
                0x000003da                __vector_107
                0x000003da                __vector_3
                0x000003da                __vector_105
                0x000003da                __vector_98
                0x000003da                __vector_68
                0x000003da                __vector_30
                0x000003da                __vector_73
                0x000003da                __vector_45
                0x000003da                __vector_93
                0x000003da                __vector_11
                0x000003da                __vector_99
                0x000003da                __vector_13
                0x000003da                __vector_7
                0x000003da                __vector_125
                0x000003da                __vector_123
                0x000003da                __vector_41
                0x000003da                __vector_100
                0x000003da                __vector_101
                0x000003da                __vector_64
                0x000003da                __vector_43
                0x000003da                __vector_27
                0x000003da                __vector_5
                0x000003da                __vector_33
                0x000003da                __vector_76
                0x000003da                __vector_115
                0x000003da                __vector_37
                0x000003da                __vector_95
                0x000003da                __vector_103
                0x000003da                __vector_96
                0x000003da                __vector_89
                0x000003da                __vector_4
                0x000003da                __vector_44
                0x000003da                __vector_106
                0x000003da                __vector_118
                0x000003da                __vector_9
                0x000003da                __vector_2
                0x000003da                __vector_66
                0x000003da                __vector_36
                0x000003da                __vector_70
                0x000003da                __vector_29
                0x000003da                __vector_60
                0x000003da                __vector_121
                0x000003da                __vector_40
                0x000003da                __vector_94
                0x000003da                __vector_126
                0x000003da                __vector_8
                0x000003da                __vector_26
                0x000003da                __vector_124
                0x000003da                __vector_116
                0x000003da                __vector_57
                0x000003da                __vector_10
                0x000003da                __vector_59
                0x000003da                __vector_97
                0x000003da                __vector_42
                0x000003da                __vector_87
                0x000003da                __vector_65
                0x000003da                __vector_120
                0x000003de                . = ALIGN (0x2)
 *(.text.*)
 .text._ZN18FollowInstructions3runEv
                0x000003de       0xb6 Source/FollowInstructions.o
                0x000003de                _ZN18FollowInstructions3runEv
 .text._ZN18FollowInstructionsC2EPKchjP8emstream
                0x00000494       0x20 Source/FollowInstructions.o
                0x00000494                _ZN18FollowInstructionsC2EPKchjP8emstream
                0x00000494                _ZN18FollowInstructionsC1EPKchjP8emstream
 .text._ZN11motorDriver7set_k_lEiii
                0x000004b4       0x10 Source/motorDriver.o
                0x000004b4                _ZN11motorDriver7set_k_lEiii
 .text._ZN11motorDriver7set_k_aEiii
                0x000004c4       0x10 Source/motorDriver.o
                0x000004c4                _ZN11motorDriver7set_k_aEiii
 .text._ZN11motorDriver15set_pwm_scalingEi
                0x000004d4        0x8 Source/motorDriver.o
                0x000004d4                _ZN11motorDriver15set_pwm_scalingEi
 .text._ZN11motorDriver11set_pwm_limEi
                0x000004dc       0x1a Source/motorDriver.o
                0x000004dc                _ZN11motorDriver11set_pwm_limEi
 .text._ZN11motorDriver18set_pwm_lim_linearEi
                0x000004f6       0x1a Source/motorDriver.o
                0x000004f6                _ZN11motorDriver18set_pwm_lim_linearEi
 .text._ZN11motorDriverC2EcP8emstream
                0x00000510       0xb2 Source/motorDriver.o
                0x00000510                _ZN11motorDriverC2EcP8emstream
                0x00000510                _ZN11motorDriverC1EcP8emstream
 .text._ZN11motorDriver14set_esum_l_limEi
                0x000005c2        0x8 Source/motorDriver.o
                0x000005c2                _ZN11motorDriver14set_esum_l_limEi
 .text._ZN11motorDriver14set_esum_a_limEi
                0x000005ca        0x8 Source/motorDriver.o
                0x000005ca                _ZN11motorDriver14set_esum_a_limEi
 .text._ZN11motorDriver14set_setpoint_lEi
                0x000005d2        0x8 Source/motorDriver.o
                0x000005d2                _ZN11motorDriver14set_setpoint_lEi
 .text._ZN11motorDriver14set_setpoint_aEi
                0x000005da        0x8 Source/motorDriver.o
                0x000005da                _ZN11motorDriver14set_setpoint_aEi
 .text._ZN11motorDriver12set_positionEi
                0x000005e2        0x8 Source/motorDriver.o
                0x000005e2                _ZN11motorDriver12set_positionEi
 .text._ZN11motorDriver9set_angleEi
                0x000005ea        0x8 Source/motorDriver.o
                0x000005ea                _ZN11motorDriver9set_angleEi
 .text._ZN11motorDriver3runEbbbb
                0x000005f2      0x3c2 Source/motorDriver.o
                0x000005f2                _ZN11motorDriver3runEbbbb
 .text._ZN10task_motor3runEv
                0x000009b4      0x238 Source/task_motor.o
                0x000009b4                _ZN10task_motor3runEv
 .text._ZN10task_motorC2EPKchjP8emstream
                0x00000bec       0x20 Source/task_motor.o
                0x00000bec                _ZN10task_motorC1EPKchjP8emstream
                0x00000bec                _ZN10task_motorC2EPKchjP8emstream
 .text._Z8CCPWritePVhh
                0x00000c0c       0x2a Source/xmega_util.o
                0x00000c0c                _Z8CCPWritePVhh
 .text._Z15config_SYSCLOCKv
                0x00000c36       0x66 Source/xmega_util.o
                0x00000c36                _Z15config_SYSCLOCKv
 .text.sysclk_enable_module
                0x00000c9c       0x2c src/ASF/common/services/clock/xmega/sysclk.o
                0x00000c9c                sysclk_enable_module
 .text.__vector_14
                0x00000cc8       0x5a src/ASF/xmega/drivers/tc/tc.o
                0x00000cc8                __vector_14
 .text.__vector_15
                0x00000d22       0x5a src/ASF/xmega/drivers/tc/tc.o
                0x00000d22                __vector_15
 .text.__vector_16
                0x00000d7c       0x5a src/ASF/xmega/drivers/tc/tc.o
                0x00000d7c                __vector_16
 .text.__vector_17
                0x00000dd6       0x5a src/ASF/xmega/drivers/tc/tc.o
                0x00000dd6                __vector_17
 .text.__vector_18
                0x00000e30       0x5a src/ASF/xmega/drivers/tc/tc.o
                0x00000e30                __vector_18
 .text.__vector_19
                0x00000e8a       0x5a src/ASF/xmega/drivers/tc/tc.o
                0x00000e8a                __vector_19
 .text.__vector_20
                0x00000ee4       0x5a src/ASF/xmega/drivers/tc/tc.o
                0x00000ee4                __vector_20
 .text.__vector_21
                0x00000f3e       0x5a src/ASF/xmega/drivers/tc/tc.o
                0x00000f3e                __vector_21
 .text.__vector_22
                0x00000f98       0x5a src/ASF/xmega/drivers/tc/tc.o
                0x00000f98                __vector_22
 .text.__vector_23
                0x00000ff2       0x5a src/ASF/xmega/drivers/tc/tc.o
                0x00000ff2                __vector_23
 .text.__vector_77
                0x0000104c       0x5a src/ASF/xmega/drivers/tc/tc.o
                0x0000104c                __vector_77
 .text.__vector_78
                0x000010a6       0x5a src/ASF/xmega/drivers/tc/tc.o
                0x000010a6                __vector_78
 .text.__vector_79
                0x00001100       0x5a src/ASF/xmega/drivers/tc/tc.o
                0x00001100                __vector_79
 .text.__vector_80
                0x0000115a       0x5a src/ASF/xmega/drivers/tc/tc.o
                0x0000115a                __vector_80
 .text.__vector_81
                0x000011b4       0x5a src/ASF/xmega/drivers/tc/tc.o
                0x000011b4                __vector_81
 .text.__vector_82
                0x0000120e       0x5a src/ASF/xmega/drivers/tc/tc.o
                0x0000120e                __vector_82
 .text.__vector_83
                0x00001268       0x5a src/ASF/xmega/drivers/tc/tc.o
                0x00001268                __vector_83
 .text.__vector_84
                0x000012c2       0x5a src/ASF/xmega/drivers/tc/tc.o
                0x000012c2                __vector_84
 .text.__vector_85
                0x0000131c       0x5a src/ASF/xmega/drivers/tc/tc.o
                0x0000131c                __vector_85
 .text.__vector_86
                0x00001376       0x5a src/ASF/xmega/drivers/tc/tc.o
                0x00001376                __vector_86
 .text.__vector_47
                0x000013d0       0x5a src/ASF/xmega/drivers/tc/tc.o
                0x000013d0                __vector_47
 .text.__vector_48
                0x0000142a       0x5a src/ASF/xmega/drivers/tc/tc.o
                0x0000142a                __vector_48
 .text.__vector_49
                0x00001484       0x5a src/ASF/xmega/drivers/tc/tc.o
                0x00001484                __vector_49
 .text.__vector_50
                0x000014de       0x5a src/ASF/xmega/drivers/tc/tc.o
                0x000014de                __vector_50
 .text.__vector_51
                0x00001538       0x5a src/ASF/xmega/drivers/tc/tc.o
                0x00001538                __vector_51
 .text.__vector_52
                0x00001592       0x5a src/ASF/xmega/drivers/tc/tc.o
                0x00001592                __vector_52
 .text.__vector_53
                0x000015ec       0x5a src/ASF/xmega/drivers/tc/tc.o
                0x000015ec                __vector_53
 .text.__vector_54
                0x00001646       0x5a src/ASF/xmega/drivers/tc/tc.o
                0x00001646                __vector_54
 .text.__vector_56
                0x000016a0       0x5a src/ASF/xmega/drivers/tc/tc.o
                0x000016a0                __vector_56
 .text.__vector_108
                0x000016fa       0x5a src/ASF/xmega/drivers/tc/tc.o
                0x000016fa                __vector_108
 .text.__vector_109
                0x00001754       0x5a src/ASF/xmega/drivers/tc/tc.o
                0x00001754                __vector_109
 .text.__vector_110
                0x000017ae       0x5a src/ASF/xmega/drivers/tc/tc.o
                0x000017ae                __vector_110
 .text.__vector_111
                0x00001808       0x5a src/ASF/xmega/drivers/tc/tc.o
                0x00001808                __vector_111
 .text.__vector_112
                0x00001862       0x5a src/ASF/xmega/drivers/tc/tc.o
                0x00001862                __vector_112
 .text.__vector_113
                0x000018bc       0x5a src/ASF/xmega/drivers/tc/tc.o
                0x000018bc                __vector_113
 .text.tc_enable
                0x00001916       0xfe src/ASF/xmega/drivers/tc/tc.o
                0x00001916                tc_enable
 .text.pwm_set_frequency
                0x00001a14       0xd8 src/ASF/xmega/services/pwm/pwm.o
                0x00001a14                pwm_set_frequency
 .text.pwm_init
                0x00001aec      0x192 src/ASF/xmega/services/pwm/pwm.o
                0x00001aec                pwm_init
 .text.pwm_start
                0x00001c7e       0xa4 src/ASF/xmega/services/pwm/pwm.o
                0x00001c7e                pwm_start
 .text.pvPortMalloc
                0x00001d22      0x134 Source/lib/freertos/heap_2.o
                0x00001d22                pvPortMalloc
 .text.vPortFree
                0x00001e56       0x66 Source/lib/freertos/heap_2.o
                0x00001e56                vPortFree
 .text.vListInitialise
                0x00001ebc       0x22 Source/lib/freertos/list.o
                0x00001ebc                vListInitialise
 .text.vListInitialiseItem
                0x00001ede        0x8 Source/lib/freertos/list.o
                0x00001ede                vListInitialiseItem
 .text.vListInsertEnd
                0x00001ee6       0x4e Source/lib/freertos/list.o
                0x00001ee6                vListInsertEnd
 .text.vListInsert
                0x00001f34       0x96 Source/lib/freertos/list.o
                0x00001f34                vListInsert
 .text.vListRemove
                0x00001fca       0x4c Source/lib/freertos/list.o
                0x00001fca                vListRemove
 .text.pxPortInitialiseStack
                0x00002016       0xec Source/lib/freertos/port.o
                0x00002016                pxPortInitialiseStack
 .text.xPortStartScheduler
                0x00002102       0x7c Source/lib/freertos/port.o
                0x00002102                xPortStartScheduler
 .text.vPortYield
                0x0000217e       0xc2 Source/lib/freertos/port.o
                0x0000217e                vPortYield
 .text.vPortYieldFromTick
                0x00002240       0xc6 Source/lib/freertos/port.o
                0x00002240                vPortYieldFromTick
 .text.__vector_55
                0x00002306       0x16 Source/lib/freertos/port.o
                0x00002306                __vector_55
 .text.prvCopyDataToQueue
                0x0000231c       0x98 Source/lib/freertos/queue.o
 .text.prvCopyDataFromQueue
                0x000023b4       0x34 Source/lib/freertos/queue.o
 .text.prvUnlockQueue
                0x000023e8       0x94 Source/lib/freertos/queue.o
 .text.xQueueGenericReset
                0x0000247c       0x78 Source/lib/freertos/queue.o
                0x0000247c                xQueueGenericReset
 .text.xQueueGenericCreate
                0x000024f4       0x5c Source/lib/freertos/queue.o
                0x000024f4                xQueueGenericCreate
 .text.xQueueGenericSend
                0x00002550      0x136 Source/lib/freertos/queue.o
                0x00002550                xQueueGenericSend
 .text.xQueueGenericReceive
                0x00002686      0x188 Source/lib/freertos/queue.o
                0x00002686                xQueueGenericReceive
 .text.uxQueueMessagesWaiting
                0x0000280e       0x10 Source/lib/freertos/queue.o
                0x0000280e                uxQueueMessagesWaiting
 .text.prvIdleTask
                0x0000281e       0x10 Source/lib/freertos/tasks.o
 .text.prvAddCurrentTaskToDelayedList
                0x0000282e       0x9c Source/lib/freertos/tasks.o
 .text.xTaskGenericCreate
                0x000028ca      0x204 Source/lib/freertos/tasks.o
                0x000028ca                xTaskGenericCreate
 .text.uxTaskPriorityGet
                0x00002ace       0x1c Source/lib/freertos/tasks.o
                0x00002ace                uxTaskPriorityGet
 .text.vTaskStartScheduler
                0x00002aea       0x66 Source/lib/freertos/tasks.o
                0x00002aea                vTaskStartScheduler
 .text.vTaskSuspendAll
                0x00002b50        0xc Source/lib/freertos/tasks.o
                0x00002b50                vTaskSuspendAll
 .text.xTaskGetTickCount
                0x00002b5c       0x1c Source/lib/freertos/tasks.o
                0x00002b5c                xTaskGetTickCount
 .text.pcTaskGetTaskName
                0x00002b78       0x10 Source/lib/freertos/tasks.o
                0x00002b78                pcTaskGetTaskName
 .text.vTaskIncrementTick
                0x00002b88      0x202 Source/lib/freertos/tasks.o
                0x00002b88                vTaskIncrementTick
 .text.xTaskResumeAll
                0x00002d8a      0x104 Source/lib/freertos/tasks.o
                0x00002d8a                xTaskResumeAll
 .text.vTaskDelayUntil
                0x00002e8e       0xda Source/lib/freertos/tasks.o
                0x00002e8e                vTaskDelayUntil
 .text.vTaskDelay
                0x00002f68       0x5c Source/lib/freertos/tasks.o
                0x00002f68                vTaskDelay
 .text.vTaskSwitchContext
                0x00002fc4       0xba Source/lib/freertos/tasks.o
                0x00002fc4                vTaskSwitchContext
 .text.vTaskPlaceOnEventList
                0x0000307e       0x54 Source/lib/freertos/tasks.o
                0x0000307e                vTaskPlaceOnEventList
 .text.xTaskRemoveFromEventList
                0x000030d2       0x7e Source/lib/freertos/tasks.o
                0x000030d2                xTaskRemoveFromEventList
 .text.vTaskSetTimeOutState
                0x00003150       0x22 Source/lib/freertos/tasks.o
                0x00003150                vTaskSetTimeOutState
 .text.xTaskCheckForTimeOut
                0x00003172       0xda Source/lib/freertos/tasks.o
                0x00003172                xTaskCheckForTimeOut
 .text.vTaskMissedYield
                0x0000324c        0x8 Source/lib/freertos/tasks.o
                0x0000324c                vTaskMissedYield
 .text.uxTaskGetStackHighWaterMark
                0x00003254       0x32 Source/lib/freertos/tasks.o
                0x00003254                uxTaskGetStackHighWaterMark
 .text.xTaskGetCurrentTaskHandle
                0x00003286        0xa Source/lib/freertos/tasks.o
                0x00003286                xTaskGetCurrentTaskHandle
 .text.vTaskPriorityInherit
                0x00003290       0xaa Source/lib/freertos/tasks.o
                0x00003290                vTaskPriorityInherit
 .text.vTaskPriorityDisinherit
                0x0000333a       0x68 Source/lib/freertos/tasks.o
                0x0000333a                vTaskPriorityDisinherit
 .text._ZN8frt_task22_call_users_run_methodEPS_
                0x000033a2       0x1e Source/lib/frtcpp/frt_task.o
                0x000033a2                _ZN8frt_task22_call_users_run_methodEPS_
 .text._ZN8frt_taskC2EPKchjP8emstream
                0x000033c0      0x18e Source/lib/frtcpp/frt_task.o
                0x000033c0                _ZN8frt_taskC1EPKchjP8emstream
                0x000033c0                _ZN8frt_taskC2EPKchjP8emstream
 .text._ZN8frt_task12print_statusER8emstream
                0x0000354e      0x120 Source/lib/frtcpp/frt_task_status.o
                0x0000354e                _ZN8frt_task12print_statusER8emstream
 .text._ZN14frt_text_queue7getcharEv
                0x0000366e       0x3c Source/lib/frtcpp/frt_text_queue.o
                0x0000366e                _ZN14frt_text_queue7getcharEv
 .text._ZN14frt_text_queue14check_for_charEv
                0x000036aa       0x16 Source/lib/frtcpp/frt_text_queue.o
                0x000036aa                _ZN14frt_text_queue14check_for_charEv
 .text._ZN14frt_text_queue7putcharEc
                0x000036c0       0x3c Source/lib/frtcpp/frt_text_queue.o
                0x000036c0                _ZN14frt_text_queue7putcharEc
 .text._ZN14frt_text_queueC2EjP8emstreamm
                0x000036fc       0x5e Source/lib/frtcpp/frt_text_queue.o
                0x000036fc                _ZN14frt_text_queueC2EjP8emstreamm
                0x000036fc                _ZN14frt_text_queueC1EjP8emstreamm
 .text._Znwj    0x0000375a        0x6 Source/lib/misc/mechutil.o
                0x0000375a                _Znwj
 .text._Znaj    0x00003760        0x6 Source/lib/misc/mechutil.o
                0x00003760                _Znaj
 .text.__cxa_pure_virtual
                0x00003766        0x2 Source/lib/misc/mechutil.o
                0x00003766                __cxa_pure_virtual
 .text._ZN7base232C2EjP12USART_struct
                0x00003768      0x160 Source/lib/serial/base232.o
                0x00003768                _ZN7base232C1EjP12USART_struct
                0x00003768                _ZN7base232C2EjP12USART_struct
 .text._ZN8emstream13ready_to_sendEv
                0x000038c8        0x4 Source/lib/serial/emstream.o
                0x000038c8                _ZN8emstream13ready_to_sendEv
 .text._ZN8emstream7getcharEv
                0x000038cc        0x6 Source/lib/serial/emstream.o
                0x000038cc                _ZN8emstream7getcharEv
 .text._ZN8emstream14check_for_charEv
                0x000038d2        0x4 Source/lib/serial/emstream.o
                0x000038d2                _ZN8emstream14check_for_charEv
 .text._ZN8emstream12transmit_nowEv
                0x000038d6        0x2 Source/lib/serial/emstream.o
                0x000038d6                _ZN8emstream12transmit_nowEv
 .text._ZN8emstream12clear_screenEv
                0x000038d8        0x2 Source/lib/serial/emstream.o
                0x000038d8                _ZN8emstream12clear_screenEv
 .text._ZN8emstreamC2Ev
                0x000038da       0x1c Source/lib/serial/emstream.o
                0x000038da                _ZN8emstreamC2Ev
                0x000038da                _ZN8emstreamC1Ev
 .text._ZN8emstream4putsEPKc
                0x000038f6       0x6e Source/lib/serial/emstream.o
                0x000038f6                _ZN8emstream4putsEPKc
 .text._ZN8emstreamlsE15ser_manipulator
                0x00003964       0x8e Source/lib/serial/emstream.o
                0x00003964                _ZN8emstreamlsE15ser_manipulator
 .text._ZN8emstreamlsEi
                0x000039f2       0x52 Source/lib/serial/emstream_int16_t.o
                0x000039f2                _ZN8emstreamlsEi
 .text._ZN8emstreamlsEj
                0x00003a44       0x68 Source/lib/serial/emstream_uint16_t.o
                0x00003a44                _ZN8emstreamlsEj
 .text._ZN8emstreamlsEm
                0x00003aac       0x84 Source/lib/serial/emstream_uint32_t.o
                0x00003aac                _ZN8emstreamlsEm
 .text._ZN8emstreamlsEh
                0x00003b30      0x100 Source/lib/serial/emstream_uint8_t.o
                0x00003b30                _ZN8emstreamlsEh
 .text._ZN5rs2327putcharEc
                0x00003c30       0x48 Source/lib/serial/rs232int.o
                0x00003c30                _ZN5rs2327putcharEc
 .text._ZN5rs2327getcharEv
                0x00003c78       0x4c Source/lib/serial/rs232int.o
                0x00003c78                _ZN5rs2327getcharEv
 .text._ZN5rs23214check_for_charEv
                0x00003cc4       0x26 Source/lib/serial/rs232int.o
                0x00003cc4                _ZN5rs23214check_for_charEv
 .text._ZN5rs23212clear_screenEv
                0x00003cea       0x12 Source/lib/serial/rs232int.o
                0x00003cea                _ZN5rs23212clear_screenEv
 .text._ZN5rs232C2EjP12USART_struct
                0x00003cfc      0x144 Source/lib/serial/rs232int.o
                0x00003cfc                _ZN5rs232C2EjP12USART_struct
                0x00003cfc                _ZN5rs232C1EjP12USART_struct
 .text.__vector_25
                0x00003e40       0xb0 Source/lib/serial/rs232int.o
                0x00003e40                __vector_25
 .text.__vector_28
                0x00003ef0       0xb0 Source/lib/serial/rs232int.o
                0x00003ef0                __vector_28
 .text.__vector_88
                0x00003fa0       0xb0 Source/lib/serial/rs232int.o
                0x00003fa0                __vector_88
 .text.__vector_91
                0x00004050       0xb0 Source/lib/serial/rs232int.o
                0x00004050                __vector_91
 .text.__vector_58
                0x00004100       0xb0 Source/lib/serial/rs232int.o
                0x00004100                __vector_58
 .text.__vector_61
                0x000041b0       0xb0 Source/lib/serial/rs232int.o
                0x000041b0                __vector_61
 .text.__vector_119
                0x00004260       0xb0 Source/lib/serial/rs232int.o
                0x00004260                __vector_119
 .text.main     0x00004310       0xd0 Source/main.o
                0x00004310                main
 .text._GLOBAL__sub_I_print_ser_queue
                0x000043e0       0x22 Source/main.o
 .text.libgcc.div
                0x00004402       0x28 c:/program files (x86)/atmel/studio/7.0/toolchain/avr8/avr8-gnu-toolchain/bin/../lib/gcc/avr/5.4.0/avrxmega6\libgcc.a(_divmodhi4.o)
                0x00004402                _div
                0x00004402                __divmodhi4
 .text.libgcc.div
                0x0000442a       0x44 c:/program files (x86)/atmel/studio/7.0/toolchain/avr8/avr8-gnu-toolchain/bin/../lib/gcc/avr/5.4.0/avrxmega6\libgcc.a(_udivmodsi4.o)
                0x0000442a                __udivmodsi4
 .text.libgcc   0x0000446e       0x10 c:/program files (x86)/atmel/studio/7.0/toolchain/avr8/avr8-gnu-toolchain/bin/../lib/gcc/avr/5.4.0/avrxmega6\libgcc.a(_tablejump2.o)
                0x0000446e                __tablejump2__
 .text.libgcc.mul
                0x0000447e       0x1e c:/program files (x86)/atmel/studio/7.0/toolchain/avr8/avr8-gnu-toolchain/bin/../lib/gcc/avr/5.4.0/avrxmega6\libgcc.a(_umulhisi3.o)
                0x0000447e                __umulhisi3
 .text.libgcc.div
                0x0000449c       0x28 c:/program files (x86)/atmel/studio/7.0/toolchain/avr8/avr8-gnu-toolchain/bin/../lib/gcc/avr/5.4.0/avrxmega6\libgcc.a(_udivmodhi4.o)
                0x0000449c                __udivmodhi4
 .text.avr-libc
                0x000044c4       0x12 c:/program files (x86)/atmel/studio/7.0/toolchain/avr8/avr8-gnu-toolchain/bin/../lib/gcc/avr/5.4.0/../../../../avr/lib/avrxmega6\libc.a(memcpy.o)
                0x000044c4                memcpy
 .text.avr-libc
                0x000044d6        0xe c:/program files (x86)/atmel/studio/7.0/toolchain/avr8/avr8-gnu-toolchain/bin/../lib/gcc/avr/5.4.0/../../../../avr/lib/avrxmega6\libc.a(memset.o)
                0x000044d6                memset
 .text.avr-libc
                0x000044e4       0x1e c:/program files (x86)/atmel/studio/7.0/toolchain/avr8/avr8-gnu-toolchain/bin/../lib/gcc/avr/5.4.0/../../../../avr/lib/avrxmega6\libc.a(strncpy.o)
                0x000044e4                strncpy
 .text.avr-libc
                0x00004502       0x16 c:/program files (x86)/atmel/studio/7.0/toolchain/avr8/avr8-gnu-toolchain/bin/../lib/gcc/avr/5.4.0/../../../../avr/lib/avrxmega6\libc.a(itoa_ncheck.o)
                0x00004502                __itoa_ncheck
 .text.avr-libc
                0x00004518       0x16 c:/program files (x86)/atmel/studio/7.0/toolchain/avr8/avr8-gnu-toolchain/bin/../lib/gcc/avr/5.4.0/../../../../avr/lib/avrxmega6\libc.a(ultoa.o)
                0x00004518                ultoa
                0x00004518                __ultoa
 .text.avr-libc
                0x0000452e       0x44 c:/program files (x86)/atmel/studio/7.0/toolchain/avr8/avr8-gnu-toolchain/bin/../lib/gcc/avr/5.4.0/../../../../avr/lib/avrxmega6\libc.a(ultoa_ncheck.o)
                0x0000452e                __ultoa_ncheck
                0x00004530                __ultoa_common
 .text.avr-libc
                0x00004572       0x16 c:/program files (x86)/atmel/studio/7.0/toolchain/avr8/avr8-gnu-toolchain/bin/../lib/gcc/avr/5.4.0/../../../../avr/lib/avrxmega6\libc.a(utoa.o)
                0x00004572                __utoa
                0x00004572                utoa
 .text.avr-libc
                0x00004588       0x34 c:/program files (x86)/atmel/studio/7.0/toolchain/avr8/avr8-gnu-toolchain/bin/../lib/gcc/avr/5.4.0/../../../../avr/lib/avrxmega6\libc.a(utoa_ncheck.o)
                0x00004588                __utoa_ncheck
                0x0000458a                __utoa_common
 .text.avr-libc
                0x000045bc       0x20 c:/program files (x86)/atmel/studio/7.0/toolchain/avr8/avr8-gnu-toolchain/bin/../lib/gcc/avr/5.4.0/../../../../avr/lib/avrxmega6\libc.a(strrev.o)
                0x000045bc                strrev
                0x000045dc                . = ALIGN (0x2)
 *(.fini9)
 .fini9         0x000045dc        0x0 c:/program files (x86)/atmel/studio/7.0/toolchain/avr8/avr8-gnu-toolchain/bin/../lib/gcc/avr/5.4.0/avrxmega6\libgcc.a(_exit.o)
                0x000045dc                _exit
                0x000045dc                exit
 *(.fini9)
 *(.fini8)
 *(.fini8)
 *(.fini7)
 *(.fini7)
 *(.fini6)
 *(.fini6)
 *(.fini5)
 *(.fini5)
 *(.fini4)
 *(.fini4)
 *(.fini3)
 *(.fini3)
 *(.fini2)
 *(.fini2)
 *(.fini1)
 *(.fini1)
 *(.fini0)
 .fini0         0x000045dc        0x4 c:/program files (x86)/atmel/studio/7.0/toolchain/avr8/avr8-gnu-toolchain/bin/../lib/gcc/avr/5.4.0/avrxmega6\libgcc.a(_exit.o)
 *(.fini0)
                0x000045e0                _etext = .

.data           0x00802000       0xee load address 0x000045e0
                0x00802000                PROVIDE (__data_start, .)
 *(.data)
 *(.data*)
 .data.xFreeBytesRemaining
                0x00802000        0x2 Source/lib/freertos/heap_2.o
 .data.xNextTaskUnblockTime
                0x00802002        0x4 Source/lib/freertos/tasks.o
 *(.gnu.linkonce.d*)
 *(.rodata)
 *(.rodata*)
 .rodata._ZTV18FollowInstructions
                0x00802006        0x8 Source/FollowInstructions.o
                0x00802006                _ZTV18FollowInstructions
 .rodata.str1.1
                0x0080200e       0x29 Source/motorDriver.o
 .rodata.str1.1
                0x00802037       0x3c Source/task_motor.o
 .rodata._ZTV10task_motor
                0x00802073        0x8 Source/task_motor.o
                0x00802073                _ZTV10task_motor
 .rodata.str1.1
                0x0080207b        0x5 Source/lib/freertos/tasks.o
 .rodata._ZTV8frt_task
                0x00802080        0x8 Source/lib/frtcpp/frt_task_status.o
                0x00802080                _ZTV8frt_task
 .rodata._ZTV14frt_text_queue
                0x00802088       0x10 Source/lib/frtcpp/frt_text_queue.o
                0x00802088                _ZTV14frt_text_queue
 .rodata._ZTV8emstream
                0x00802098       0x10 Source/lib/serial/emstream.o
                0x00802098                _ZTV8emstream
 .rodata._ZTV5rs232
                0x008020a8       0x10 Source/lib/serial/rs232int.o
                0x008020a8                _ZTV5rs232
 .rodata.str1.1
                0x008020b8       0x36 Source/main.o
 *(.gnu.linkonce.r*)
                0x008020ee                . = ALIGN (0x2)
                0x008020ee                _edata = .
                0x008020ee                PROVIDE (__data_end, .)

.bss            0x008020ee     0x10fc
                0x008020ee                PROVIDE (__bss_start, .)
 *(.bss)
 *(.bss*)
 .bss.setpoint_l_2
                0x008020ee        0x2 Source/FollowInstructions.o
                0x008020ee                setpoint_l_2
 .bss.setpoint_l_1
                0x008020f0        0x2 Source/FollowInstructions.o
                0x008020f0                setpoint_l_1
 .bss.position_2
                0x008020f2        0x2 Source/FollowInstructions.o
                0x008020f2                position_2
 .bss.position_1
                0x008020f4        0x2 Source/FollowInstructions.o
                0x008020f4                position_1
 .bss.tc_tcf0_ccd_callback
                0x008020f6        0x2 src/ASF/xmega/drivers/tc/tc.o
 .bss.tc_tcf0_ccc_callback
                0x008020f8        0x2 src/ASF/xmega/drivers/tc/tc.o
 .bss.tc_tcf0_ccb_callback
                0x008020fa        0x2 src/ASF/xmega/drivers/tc/tc.o
 .bss.tc_tcf0_cca_callback
                0x008020fc        0x2 src/ASF/xmega/drivers/tc/tc.o
 .bss.tc_tcf0_err_callback
                0x008020fe        0x2 src/ASF/xmega/drivers/tc/tc.o
 .bss.tc_tcf0_ovf_callback
                0x00802100        0x2 src/ASF/xmega/drivers/tc/tc.o
 .bss.tc_tce1_ccb_callback
                0x00802102        0x2 src/ASF/xmega/drivers/tc/tc.o
 .bss.tc_tce1_err_callback
                0x00802104        0x2 src/ASF/xmega/drivers/tc/tc.o
 .bss.tc_tce1_ovf_callback
                0x00802106        0x2 src/ASF/xmega/drivers/tc/tc.o
 .bss.tc_tce0_ccd_callback
                0x00802108        0x2 src/ASF/xmega/drivers/tc/tc.o
 .bss.tc_tce0_ccc_callback
                0x0080210a        0x2 src/ASF/xmega/drivers/tc/tc.o
 .bss.tc_tce0_ccb_callback
                0x0080210c        0x2 src/ASF/xmega/drivers/tc/tc.o
 .bss.tc_tce0_cca_callback
                0x0080210e        0x2 src/ASF/xmega/drivers/tc/tc.o
 .bss.tc_tce0_err_callback
                0x00802110        0x2 src/ASF/xmega/drivers/tc/tc.o
 .bss.tc_tce0_ovf_callback
                0x00802112        0x2 src/ASF/xmega/drivers/tc/tc.o
 .bss.tc_tcd1_ccb_callback
                0x00802114        0x2 src/ASF/xmega/drivers/tc/tc.o
 .bss.tc_tcd1_cca_callback
                0x00802116        0x2 src/ASF/xmega/drivers/tc/tc.o
 .bss.tc_tcd1_err_callback
                0x00802118        0x2 src/ASF/xmega/drivers/tc/tc.o
 .bss.tc_tcd1_ovf_callback
                0x0080211a        0x2 src/ASF/xmega/drivers/tc/tc.o
 .bss.tc_tcd0_ccd_callback
                0x0080211c        0x2 src/ASF/xmega/drivers/tc/tc.o
 .bss.tc_tcd0_ccc_callback
                0x0080211e        0x2 src/ASF/xmega/drivers/tc/tc.o
 .bss.tc_tcd0_ccb_callback
                0x00802120        0x2 src/ASF/xmega/drivers/tc/tc.o
 .bss.tc_tcd0_cca_callback
                0x00802122        0x2 src/ASF/xmega/drivers/tc/tc.o
 .bss.tc_tcd0_err_callback
                0x00802124        0x2 src/ASF/xmega/drivers/tc/tc.o
 .bss.tc_tcd0_ovf_callback
                0x00802126        0x2 src/ASF/xmega/drivers/tc/tc.o
 .bss.tc_tcc1_ccb_callback
                0x00802128        0x2 src/ASF/xmega/drivers/tc/tc.o
 .bss.tc_tcc1_cca_callback
                0x0080212a        0x2 src/ASF/xmega/drivers/tc/tc.o
 .bss.tc_tcc1_err_callback
                0x0080212c        0x2 src/ASF/xmega/drivers/tc/tc.o
 .bss.tc_tcc1_ovf_callback
                0x0080212e        0x2 src/ASF/xmega/drivers/tc/tc.o
 .bss.tc_tcc0_ccd_callback
                0x00802130        0x2 src/ASF/xmega/drivers/tc/tc.o
 .bss.tc_tcc0_ccc_callback
                0x00802132        0x2 src/ASF/xmega/drivers/tc/tc.o
 .bss.tc_tcc0_ccb_callback
                0x00802134        0x2 src/ASF/xmega/drivers/tc/tc.o
 .bss.tc_tcc0_cca_callback
                0x00802136        0x2 src/ASF/xmega/drivers/tc/tc.o
 .bss.tc_tcc0_err_callback
                0x00802138        0x2 src/ASF/xmega/drivers/tc/tc.o
 .bss.tc_tcc0_ovf_callback
                0x0080213a        0x2 src/ASF/xmega/drivers/tc/tc.o
 .bss.xHeapHasBeenInitialised.4150
                0x0080213c        0x1 Source/lib/freertos/heap_2.o
 .bss.xEnd      0x0080213d        0x4 Source/lib/freertos/heap_2.o
 .bss.xStart    0x00802141        0x4 Source/lib/freertos/heap_2.o
 .bss.xHeap     0x00802145      0xfff Source/lib/freertos/heap_2.o
 .bss.uxTaskNumber
                0x00803144        0x1 Source/lib/freertos/tasks.o
 .bss.xNumOfOverflows
                0x00803145        0x1 Source/lib/freertos/tasks.o
 .bss.xMissedYield
                0x00803146        0x1 Source/lib/freertos/tasks.o
 .bss.uxMissedTicks
                0x00803147        0x1 Source/lib/freertos/tasks.o
 .bss.uxSchedulerSuspended
                0x00803148        0x1 Source/lib/freertos/tasks.o
 .bss.xSchedulerRunning
                0x00803149        0x1 Source/lib/freertos/tasks.o
 .bss.uxTopReadyPriority
                0x0080314a        0x1 Source/lib/freertos/tasks.o
 .bss.uxTopUsedPriority
                0x0080314b        0x1 Source/lib/freertos/tasks.o
 .bss.xTickCount
                0x0080314c        0x4 Source/lib/freertos/tasks.o
 .bss.uxCurrentNumberOfTasks
                0x00803150        0x1 Source/lib/freertos/tasks.o
 .bss.xIdleTaskHandle
                0x00803151        0x2 Source/lib/freertos/tasks.o
 .bss.xPendingReadyList
                0x00803153        0xb Source/lib/freertos/tasks.o
 .bss.pxOverflowDelayedTaskList
                0x0080315e        0x2 Source/lib/freertos/tasks.o
 .bss.pxDelayedTaskList
                0x00803160        0x2 Source/lib/freertos/tasks.o
 .bss.xDelayedTaskList2
                0x00803162        0xb Source/lib/freertos/tasks.o
 .bss.xDelayedTaskList1
                0x0080316d        0xb Source/lib/freertos/tasks.o
 .bss.pxReadyTasksLists
                0x00803178       0x2c Source/lib/freertos/tasks.o
 .bss.pxCurrentTCB
                0x008031a4        0x2 Source/lib/freertos/tasks.o
                0x008031a4                pxCurrentTCB
 .bss.last_created_task_pointer
                0x008031a6        0x2 Source/lib/frtcpp/frt_task.o
                0x008031a6                last_created_task_pointer
 .bss.rcvF0_write_index
                0x008031a8        0x2 Source/lib/serial/rs232int.o
                0x008031a8                rcvF0_write_index
 .bss.rcvE1_write_index
                0x008031aa        0x2 Source/lib/serial/rs232int.o
                0x008031aa                rcvE1_write_index
 .bss.rcvE0_write_index
                0x008031ac        0x2 Source/lib/serial/rs232int.o
                0x008031ac                rcvE0_write_index
 .bss.rcvD1_write_index
                0x008031ae        0x2 Source/lib/serial/rs232int.o
                0x008031ae                rcvD1_write_index
 .bss.rcvD0_write_index
                0x008031b0        0x2 Source/lib/serial/rs232int.o
                0x008031b0                rcvD0_write_index
 .bss.rcvC1_write_index
                0x008031b2        0x2 Source/lib/serial/rs232int.o
                0x008031b2                rcvC1_write_index
 .bss.rcvC0_write_index
                0x008031b4        0x2 Source/lib/serial/rs232int.o
                0x008031b4                rcvC0_write_index
 .bss.rcvF0_read_index
                0x008031b6        0x2 Source/lib/serial/rs232int.o
                0x008031b6                rcvF0_read_index
 .bss.rcvE1_read_index
                0x008031b8        0x2 Source/lib/serial/rs232int.o
                0x008031b8                rcvE1_read_index
 .bss.rcvE0_read_index
                0x008031ba        0x2 Source/lib/serial/rs232int.o
                0x008031ba                rcvE0_read_index
 .bss.rcvD1_read_index
                0x008031bc        0x2 Source/lib/serial/rs232int.o
                0x008031bc                rcvD1_read_index
 .bss.rcvD0_read_index
                0x008031be        0x2 Source/lib/serial/rs232int.o
                0x008031be                rcvD0_read_index
 .bss.rcvC1_read_index
                0x008031c0        0x2 Source/lib/serial/rs232int.o
                0x008031c0                rcvC1_read_index
 .bss.rcvC0_read_index
                0x008031c2        0x2 Source/lib/serial/rs232int.o
                0x008031c2                rcvC0_read_index
 .bss.rcvF0_buffer
                0x008031c4        0x2 Source/lib/serial/rs232int.o
                0x008031c4                rcvF0_buffer
 .bss.rcvE1_buffer
                0x008031c6        0x2 Source/lib/serial/rs232int.o
                0x008031c6                rcvE1_buffer
 .bss.rcvE0_buffer
                0x008031c8        0x2 Source/lib/serial/rs232int.o
                0x008031c8                rcvE0_buffer
 .bss.rcvD1_buffer
                0x008031ca        0x2 Source/lib/serial/rs232int.o
                0x008031ca                rcvD1_buffer
 .bss.rcvD0_buffer
                0x008031cc        0x2 Source/lib/serial/rs232int.o
                0x008031cc                rcvD0_buffer
 .bss.rcvC1_buffer
                0x008031ce        0x2 Source/lib/serial/rs232int.o
                0x008031ce                rcvC1_buffer
 .bss.rcvC0_buffer
                0x008031d0        0x2 Source/lib/serial/rs232int.o
                0x008031d0                rcvC0_buffer
 .bss.print_ser_queue
                0x008031d2       0x10 Source/main.o
                0x008031d2                print_ser_queue
 *(COMMON)
 COMMON         0x008031e2        0x6 src/ASF/common/services/sleepmgr/xmega/sleepmgr.o
                0x008031e2                sleepmgr_locks
 COMMON         0x008031e8        0x2 Source/lib/freertos/port.o
                0x008031e8                portStackTopForTask
                0x008031ea                PROVIDE (__bss_end, .)
                0x000045e0                __data_load_start = LOADADDR (.data)
                0x000046ce                __data_load_end = (__data_load_start + SIZEOF (.data))

.noinit         0x008031ea        0x0
                [!provide]                PROVIDE (__noinit_start, .)
 *(.noinit*)
                [!provide]                PROVIDE (__noinit_end, .)
                0x008031ea                _end = .
                [!provide]                PROVIDE (__heap_start, .)

.eeprom         0x00810000        0x0
 *(.eeprom*)
                0x00810000                __eeprom_end = .

.fuse
 *(.fuse)
 *(.lfuse)
 *(.hfuse)
 *(.efuse)

.lock
 *(.lock*)

.signature
 *(.signature*)

.user_signatures
 *(.user_signatures*)

.stab
 *(.stab)

.stabstr
 *(.stabstr)

.stab.excl
 *(.stab.excl)

.stab.exclstr
 *(.stab.exclstr)

.stab.index
 *(.stab.index)

.stab.indexstr
 *(.stab.indexstr)

.comment        0x00000000       0x30
 *(.comment)
 .comment       0x00000000       0x30 Source/FollowInstructions.o
                                 0x31 (size before relaxing)
 .comment       0x00000030       0x31 Source/motorDriver.o
 .comment       0x00000030       0x31 Source/task_motor.o
 .comment       0x00000030       0x31 Source/xmega_util.o
 .comment       0x00000030       0x31 src/ASF/common/services/clock/xmega/sysclk.o
 .comment       0x00000030       0x31 src/ASF/common/services/sleepmgr/xmega/sleepmgr.o
 .comment       0x00000030       0x31 src/ASF/xmega/drivers/tc/tc.o
 .comment       0x00000030       0x31 src/ASF/xmega/services/pwm/pwm.o
 .comment       0x00000030       0x31 Source/lib/freertos/heap_2.o
 .comment       0x00000030       0x31 Source/lib/freertos/list.o
 .comment       0x00000030       0x31 Source/lib/freertos/port.o
 .comment       0x00000030       0x31 Source/lib/freertos/queue.o
 .comment       0x00000030       0x31 Source/lib/freertos/tasks.o
 .comment       0x00000030       0x31 Source/lib/frtcpp/frt_task.o
 .comment       0x00000030       0x31 Source/lib/frtcpp/frt_task_status.o
 .comment       0x00000030       0x31 Source/lib/frtcpp/frt_text_queue.o
 .comment       0x00000030       0x31 Source/lib/misc/mechutil.o
 .comment       0x00000030       0x31 Source/lib/serial/base232.o
 .comment       0x00000030       0x31 Source/lib/serial/emstream.o
 .comment       0x00000030       0x31 Source/lib/serial/emstream_int16_t.o
 .comment       0x00000030       0x31 Source/lib/serial/emstream_uint16_t.o
 .comment       0x00000030       0x31 Source/lib/serial/emstream_uint32_t.o
 .comment       0x00000030       0x31 Source/lib/serial/emstream_uint8_t.o
 .comment       0x00000030       0x31 Source/lib/serial/rs232int.o
 .comment       0x00000030       0x31 Source/main.o

.note.gnu.avr.deviceinfo
                0x00000000       0x40
 .note.gnu.avr.deviceinfo
                0x00000000       0x40 C:/Program Files (x86)/Atmel/Studio/7.0/Packs/atmel/XMEGAA_DFP/1.1.68/gcc/dev/atxmega128a3u/avrxmega6/crtatxmega128a3u.o

.note.gnu.build-id
 *(.note.gnu.build-id)

.debug
 *(.debug)

.line
 *(.line)

.debug_srcinfo
 *(.debug_srcinfo)

.debug_sfnames
 *(.debug_sfnames)

.debug_aranges  0x00000000      0x808
 *(.debug_aranges)
 .debug_aranges
                0x00000000       0x28 Source/FollowInstructions.o
 .debug_aranges
                0x00000028       0x90 Source/motorDriver.o
 .debug_aranges
                0x000000b8       0x28 Source/task_motor.o
 .debug_aranges
                0x000000e0       0x28 Source/xmega_util.o
 .debug_aranges
                0x00000108       0x40 src/ASF/common/services/clock/xmega/sysclk.o
 .debug_aranges
                0x00000148       0x18 src/ASF/common/services/sleepmgr/xmega/sleepmgr.o
 .debug_aranges
                0x00000160      0x170 src/ASF/xmega/drivers/tc/tc.o
 .debug_aranges
                0x000002d0       0x30 src/ASF/xmega/services/pwm/pwm.o
 .debug_aranges
                0x00000300       0x38 Source/lib/freertos/heap_2.o
 .debug_aranges
                0x00000338       0x40 Source/lib/freertos/list.o
 .debug_aranges
                0x00000378       0x48 Source/lib/freertos/port.o
 .debug_aranges
                0x000003c0       0x98 Source/lib/freertos/queue.o
 .debug_aranges
                0x00000458       0xf0 Source/lib/freertos/tasks.o
 .debug_aranges
                0x00000548       0x40 Source/lib/frtcpp/frt_task.o
 .debug_aranges
                0x00000588       0x38 Source/lib/frtcpp/frt_task_status.o
 .debug_aranges
                0x000005c0       0x38 Source/lib/frtcpp/frt_text_queue.o
 .debug_aranges
                0x000005f8       0x60 Source/lib/misc/mechutil.o
 .debug_aranges
                0x00000658       0x30 Source/lib/serial/base232.o
 .debug_aranges
                0x00000688       0x60 Source/lib/serial/emstream.o
 .debug_aranges
                0x000006e8       0x20 Source/lib/serial/emstream_int16_t.o
 .debug_aranges
                0x00000708       0x20 Source/lib/serial/emstream_uint16_t.o
 .debug_aranges
                0x00000728       0x20 Source/lib/serial/emstream_uint32_t.o
 .debug_aranges
                0x00000748       0x20 Source/lib/serial/emstream_uint8_t.o
 .debug_aranges
                0x00000768       0x78 Source/lib/serial/rs232int.o
 .debug_aranges
                0x000007e0       0x28 Source/main.o

.debug_pubnames
 *(.debug_pubnames)

.debug_info     0x00000000    0x11112
 *(.debug_info .gnu.linkonce.wi.*)
 .debug_info    0x00000000     0x3409 C:/Program Files (x86)/Atmel/Studio/7.0/Packs/atmel/XMEGAA_DFP/1.1.68/gcc/dev/atxmega128a3u/avrxmega6/crtatxmega128a3u.o
 .debug_info    0x00003409      0x4e8 Source/FollowInstructions.o
 .debug_info    0x000038f1     0x13d9 Source/motorDriver.o
 .debug_info    0x00004cca     0x106a Source/task_motor.o
 .debug_info    0x00005d34      0x2c3 Source/xmega_util.o
 .debug_info    0x00005ff7      0x713 src/ASF/common/services/clock/xmega/sysclk.o
 .debug_info    0x0000670a      0x129 src/ASF/common/services/sleepmgr/xmega/sleepmgr.o
 .debug_info    0x00006833     0x1918 src/ASF/xmega/drivers/tc/tc.o
 .debug_info    0x0000814b     0x137a src/ASF/xmega/services/pwm/pwm.o
 .debug_info    0x000094c5      0x313 Source/lib/freertos/heap_2.o
 .debug_info    0x000097d8      0x2c9 Source/lib/freertos/list.o
 .debug_info    0x00009aa1      0x89f Source/lib/freertos/port.o
 .debug_info    0x0000a340      0xde2 Source/lib/freertos/queue.o
 .debug_info    0x0000b122     0x1305 Source/lib/freertos/tasks.o
 .debug_info    0x0000c427      0x9eb Source/lib/frtcpp/frt_task.o
 .debug_info    0x0000ce12     0x10e6 Source/lib/frtcpp/frt_task_status.o
 .debug_info    0x0000def8      0x410 Source/lib/frtcpp/frt_text_queue.o
 .debug_info    0x0000e308      0x29c Source/lib/misc/mechutil.o
 .debug_info    0x0000e5a4      0x482 Source/lib/serial/base232.o
 .debug_info    0x0000ea26      0xa2f Source/lib/serial/emstream.o
 .debug_info    0x0000f455      0x27d Source/lib/serial/emstream_int16_t.o
 .debug_info    0x0000f6d2      0x2b8 Source/lib/serial/emstream_uint16_t.o
 .debug_info    0x0000f98a      0x2e0 Source/lib/serial/emstream_uint32_t.o
 .debug_info    0x0000fc6a      0x2d8 Source/lib/serial/emstream_uint8_t.o
 .debug_info    0x0000ff42      0x907 Source/lib/serial/rs232int.o
 .debug_info    0x00010849      0x8c9 Source/main.o

.debug_abbrev   0x00000000     0x6649
 *(.debug_abbrev)
 .debug_abbrev  0x00000000     0x3148 C:/Program Files (x86)/Atmel/Studio/7.0/Packs/atmel/XMEGAA_DFP/1.1.68/gcc/dev/atxmega128a3u/avrxmega6/crtatxmega128a3u.o
 .debug_abbrev  0x00003148      0x25f Source/FollowInstructions.o
 .debug_abbrev  0x000033a7      0x359 Source/motorDriver.o
 .debug_abbrev  0x00003700      0x344 Source/task_motor.o
 .debug_abbrev  0x00003a44      0x115 Source/xmega_util.o
 .debug_abbrev  0x00003b59      0x218 src/ASF/common/services/clock/xmega/sysclk.o
 .debug_abbrev  0x00003d71       0x84 src/ASF/common/services/sleepmgr/xmega/sleepmgr.o
 .debug_abbrev  0x00003df5      0x29b src/ASF/xmega/drivers/tc/tc.o
 .debug_abbrev  0x00004090      0x278 src/ASF/xmega/services/pwm/pwm.o
 .debug_abbrev  0x00004308      0x1ac Source/lib/freertos/heap_2.o
 .debug_abbrev  0x000044b4       0xf9 Source/lib/freertos/list.o
 .debug_abbrev  0x000045ad      0x1fa Source/lib/freertos/port.o
 .debug_abbrev  0x000047a7      0x1f5 Source/lib/freertos/queue.o
 .debug_abbrev  0x0000499c      0x2c5 Source/lib/freertos/tasks.o
 .debug_abbrev  0x00004c61      0x301 Source/lib/frtcpp/frt_task.o
 .debug_abbrev  0x00004f62      0x354 Source/lib/frtcpp/frt_task_status.o
 .debug_abbrev  0x000052b6      0x1ec Source/lib/frtcpp/frt_text_queue.o
 .debug_abbrev  0x000054a2      0x12e Source/lib/misc/mechutil.o
 .debug_abbrev  0x000055d0      0x182 Source/lib/serial/base232.o
 .debug_abbrev  0x00005752      0x344 Source/lib/serial/emstream.o
 .debug_abbrev  0x00005a96      0x183 Source/lib/serial/emstream_int16_t.o
 .debug_abbrev  0x00005c19      0x1b7 Source/lib/serial/emstream_uint16_t.o
 .debug_abbrev  0x00005dd0      0x1b7 Source/lib/serial/emstream_uint32_t.o
 .debug_abbrev  0x00005f87      0x1a6 Source/lib/serial/emstream_uint8_t.o
 .debug_abbrev  0x0000612d      0x29f Source/lib/serial/rs232int.o
 .debug_abbrev  0x000063cc      0x27d Source/main.o

.debug_line     0x00000000     0x6f89
 *(.debug_line .debug_line.* .debug_line_end)
 .debug_line    0x00000000      0x39d C:/Program Files (x86)/Atmel/Studio/7.0/Packs/atmel/XMEGAA_DFP/1.1.68/gcc/dev/atxmega128a3u/avrxmega6/crtatxmega128a3u.o
 .debug_line    0x0000039d      0x2b6 Source/FollowInstructions.o
 .debug_line    0x00000653      0x55d Source/motorDriver.o
 .debug_line    0x00000bb0      0x41c Source/task_motor.o
 .debug_line    0x00000fcc      0x197 Source/xmega_util.o
 .debug_line    0x00001163      0x62e src/ASF/common/services/clock/xmega/sysclk.o
 .debug_line    0x00001791      0x456 src/ASF/common/services/sleepmgr/xmega/sleepmgr.o
 .debug_line    0x00001be7      0xea1 src/ASF/xmega/drivers/tc/tc.o
 .debug_line    0x00002a88      0x8a2 src/ASF/xmega/services/pwm/pwm.o
 .debug_line    0x0000332a      0x405 Source/lib/freertos/heap_2.o
 .debug_line    0x0000372f      0x3da Source/lib/freertos/list.o
 .debug_line    0x00003b09      0x4bb Source/lib/freertos/port.o
 .debug_line    0x00003fc4      0x912 Source/lib/freertos/queue.o
 .debug_line    0x000048d6      0xb81 Source/lib/freertos/tasks.o
 .debug_line    0x00005457      0x367 Source/lib/frtcpp/frt_task.o
 .debug_line    0x000057be      0x39f Source/lib/frtcpp/frt_task_status.o
 .debug_line    0x00005b5d      0x17d Source/lib/frtcpp/frt_text_queue.o
 .debug_line    0x00005cda      0x1c9 Source/lib/misc/mechutil.o
 .debug_line    0x00005ea3      0x260 Source/lib/serial/base232.o
 .debug_line    0x00006103      0x2b4 Source/lib/serial/emstream.o
 .debug_line    0x000063b7       0xf7 Source/lib/serial/emstream_int16_t.o
 .debug_line    0x000064ae      0x10e Source/lib/serial/emstream_uint16_t.o
 .debug_line    0x000065bc      0x10e Source/lib/serial/emstream_uint32_t.o
 .debug_line    0x000066ca      0x185 Source/lib/serial/emstream_uint8_t.o
 .debug_line    0x0000684f      0x4bf Source/lib/serial/rs232int.o
 .debug_line    0x00006d0e      0x27b Source/main.o

.debug_frame    0x00000000     0x1f00
 *(.debug_frame)
 .debug_frame   0x00000000       0x58 Source/FollowInstructions.o
 .debug_frame   0x00000058      0x170 Source/motorDriver.o
 .debug_frame   0x000001c8       0x5c Source/task_motor.o
 .debug_frame   0x00000224       0x5c Source/xmega_util.o
 .debug_frame   0x00000280       0x94 src/ASF/common/services/clock/xmega/sysclk.o
 .debug_frame   0x00000314      0xccc src/ASF/xmega/drivers/tc/tc.o
 .debug_frame   0x00000fe0       0x84 src/ASF/xmega/services/pwm/pwm.o
 .debug_frame   0x00001064       0x7c Source/lib/freertos/heap_2.o
 .debug_frame   0x000010e0       0x84 Source/lib/freertos/list.o
 .debug_frame   0x00001164       0x74 Source/lib/freertos/port.o
 .debug_frame   0x000011d8      0x20c Source/lib/freertos/queue.o
 .debug_frame   0x000013e4      0x380 Source/lib/freertos/tasks.o
 .debug_frame   0x00001764       0xbc Source/lib/frtcpp/frt_task.o
 .debug_frame   0x00001820       0xc4 Source/lib/frtcpp/frt_task_status.o
 .debug_frame   0x000018e4       0xbc Source/lib/frtcpp/frt_text_queue.o
 .debug_frame   0x000019a0       0xa4 Source/lib/misc/mechutil.o
 .debug_frame   0x00001a44       0x50 Source/lib/serial/base232.o
 .debug_frame   0x00001a94       0xc4 Source/lib/serial/emstream.o
 .debug_frame   0x00001b58       0x40 Source/lib/serial/emstream_int16_t.o
 .debug_frame   0x00001b98       0x44 Source/lib/serial/emstream_uint16_t.o
 .debug_frame   0x00001bdc       0x50 Source/lib/serial/emstream_uint32_t.o
 .debug_frame   0x00001c2c       0x54 Source/lib/serial/emstream_uint8_t.o
 .debug_frame   0x00001c80      0x224 Source/lib/serial/rs232int.o
 .debug_frame   0x00001ea4       0x5c Source/main.o

.debug_str      0x00000000    0x330b3
 *(.debug_str)
 .debug_str     0x00000000     0x223b C:/Program Files (x86)/Atmel/Studio/7.0/Packs/atmel/XMEGAA_DFP/1.1.68/gcc/dev/atxmega128a3u/avrxmega6/crtatxmega128a3u.o
 .debug_str     0x0000223b      0x403 Source/FollowInstructions.o
                                0x4c5 (size before relaxing)
 .debug_str     0x0000263e      0x656 Source/motorDriver.o
                                0x9ce (size before relaxing)
 .debug_str     0x00002c94       0xe6 Source/task_motor.o
                                0x9ff (size before relaxing)
 .debug_str     0x00002d7a      0x22c Source/xmega_util.o
                                0x458 (size before relaxing)
 .debug_str     0x00002fa6    0x29358 src/ASF/common/services/clock/xmega/sysclk.o
                              0x29c20 (size before relaxing)
 .debug_str     0x0002c2fe      0x33a src/ASF/common/services/sleepmgr/xmega/sleepmgr.o
                              0x28879 (size before relaxing)
 .debug_str     0x0002c638      0xa33 src/ASF/xmega/drivers/tc/tc.o
                              0x2a5ea (size before relaxing)
 .debug_str     0x0002d06b      0x581 src/ASF/xmega/services/pwm/pwm.o
                              0x2a69e (size before relaxing)
 .debug_str     0x0002d5ec     0x1f68 Source/lib/freertos/heap_2.o
                              0x1c02a (size before relaxing)
 .debug_str     0x0002f554      0x131 Source/lib/freertos/list.o
                              0x1b960 (size before relaxing)
 .debug_str     0x0002f685      0x9a5 Source/lib/freertos/port.o
                              0x1cb51 (size before relaxing)
 .debug_str     0x0003002a      0x8e0 Source/lib/freertos/queue.o
                              0x1c5b4 (size before relaxing)
 .debug_str     0x0003090a     0x144e Source/lib/freertos/tasks.o
                              0x1d49c (size before relaxing)
 .debug_str     0x00031d58      0x193 Source/lib/frtcpp/frt_task.o
                                0x4f8 (size before relaxing)
 .debug_str     0x00031eeb      0x4d9 Source/lib/frtcpp/frt_task_status.o
                                0x998 (size before relaxing)
 .debug_str     0x000323c4      0x1b2 Source/lib/frtcpp/frt_text_queue.o
                                0x40a (size before relaxing)
 .debug_str     0x00032576       0xe2 Source/lib/misc/mechutil.o
                                0x2a1 (size before relaxing)
 .debug_str     0x00032658      0x13d Source/lib/serial/base232.o
                                0x3dd (size before relaxing)
 .debug_str     0x00032795      0x40f Source/lib/serial/emstream.o
                                0x791 (size before relaxing)
 .debug_str     0x00032ba4       0x55 Source/lib/serial/emstream_int16_t.o
                                0x25d (size before relaxing)
 .debug_str     0x00032bf9       0x51 Source/lib/serial/emstream_uint16_t.o
                                0x26f (size before relaxing)
 .debug_str     0x00032c4a       0x42 Source/lib/serial/emstream_uint32_t.o
                                0x272 (size before relaxing)
 .debug_str     0x00032c8c       0x3a Source/lib/serial/emstream_uint8_t.o
                                0x25c (size before relaxing)
 .debug_str     0x00032cc6      0x2ac Source/lib/serial/rs232int.o
                                0x6ba (size before relaxing)
 .debug_str     0x00032f72      0x141 Source/main.o
                                0x906 (size before relaxing)

.debug_loc      0x00000000     0x74b7
 *(.debug_loc)
 .debug_loc     0x00000000      0x1c3 Source/FollowInstructions.o
 .debug_loc     0x000001c3      0x6f2 Source/motorDriver.o
 .debug_loc     0x000008b5      0x1e2 Source/task_motor.o
 .debug_loc     0x00000a97       0xfc Source/xmega_util.o
 .debug_loc     0x00000b93      0x2c5 src/ASF/common/services/clock/xmega/sysclk.o
 .debug_loc     0x00000e58     0x1d2b src/ASF/xmega/drivers/tc/tc.o
 .debug_loc     0x00002b83      0x5c5 src/ASF/xmega/services/pwm/pwm.o
 .debug_loc     0x00003148      0x2b1 Source/lib/freertos/heap_2.o
 .debug_loc     0x000033f9      0x136 Source/lib/freertos/list.o
 .debug_loc     0x0000352f      0x29b Source/lib/freertos/port.o
 .debug_loc     0x000037ca      0xd6d Source/lib/freertos/queue.o
 .debug_loc     0x00004537     0x1159 Source/lib/freertos/tasks.o
 .debug_loc     0x00005690      0x434 Source/lib/frtcpp/frt_task.o
 .debug_loc     0x00005ac4      0x56e Source/lib/frtcpp/frt_task_status.o
 .debug_loc     0x00006032      0x2fe Source/lib/frtcpp/frt_text_queue.o
 .debug_loc     0x00006330       0xe6 Source/lib/misc/mechutil.o
 .debug_loc     0x00006416      0x143 Source/lib/serial/base232.o
 .debug_loc     0x00006559      0x305 Source/lib/serial/emstream.o
 .debug_loc     0x0000685e      0x12c Source/lib/serial/emstream_int16_t.o
 .debug_loc     0x0000698a      0x12f Source/lib/serial/emstream_uint16_t.o
 .debug_loc     0x00006ab9      0x171 Source/lib/serial/emstream_uint32_t.o
 .debug_loc     0x00006c2a      0x1cf Source/lib/serial/emstream_uint8_t.o
 .debug_loc     0x00006df9      0x5ec Source/lib/serial/rs232int.o
 .debug_loc     0x000073e5       0xd2 Source/main.o

.debug_macinfo
 *(.debug_macinfo)

.debug_weaknames
 *(.debug_weaknames)

.debug_funcnames
 *(.debug_funcnames)

.debug_typenames
 *(.debug_typenames)

.debug_varnames
 *(.debug_varnames)

.debug_pubtypes
 *(.debug_pubtypes)

.debug_ranges   0x00000000      0x6d0
 *(.debug_ranges)
 .debug_ranges  0x00000000       0x18 Source/FollowInstructions.o
 .debug_ranges  0x00000018       0x80 Source/motorDriver.o
 .debug_ranges  0x00000098       0x18 Source/task_motor.o
 .debug_ranges  0x000000b0       0x18 Source/xmega_util.o
 .debug_ranges  0x000000c8       0x30 src/ASF/common/services/clock/xmega/sysclk.o
 .debug_ranges  0x000000f8      0x160 src/ASF/xmega/drivers/tc/tc.o
 .debug_ranges  0x00000258       0x20 src/ASF/xmega/services/pwm/pwm.o
 .debug_ranges  0x00000278       0x28 Source/lib/freertos/heap_2.o
 .debug_ranges  0x000002a0       0x30 Source/lib/freertos/list.o
 .debug_ranges  0x000002d0       0x38 Source/lib/freertos/port.o
 .debug_ranges  0x00000308       0x88 Source/lib/freertos/queue.o
 .debug_ranges  0x00000390      0x110 Source/lib/freertos/tasks.o
 .debug_ranges  0x000004a0       0x30 Source/lib/frtcpp/frt_task.o
 .debug_ranges  0x000004d0       0x28 Source/lib/frtcpp/frt_task_status.o
 .debug_ranges  0x000004f8       0x28 Source/lib/frtcpp/frt_text_queue.o
 .debug_ranges  0x00000520       0x50 Source/lib/misc/mechutil.o
 .debug_ranges  0x00000570       0x20 Source/lib/serial/base232.o
 .debug_ranges  0x00000590       0x68 Source/lib/serial/emstream.o
 .debug_ranges  0x000005f8       0x10 Source/lib/serial/emstream_int16_t.o
 .debug_ranges  0x00000608       0x10 Source/lib/serial/emstream_uint16_t.o
 .debug_ranges  0x00000618       0x10 Source/lib/serial/emstream_uint32_t.o
 .debug_ranges  0x00000628       0x10 Source/lib/serial/emstream_uint8_t.o
 .debug_ranges  0x00000638       0x80 Source/lib/serial/rs232int.o
 .debug_ranges  0x000006b8       0x18 Source/main.o

.debug_macro    0x00000000     0x1872
 *(.debug_macro)
 .debug_macro   0x00000000      0x1e6 src/ASF/common/services/clock/xmega/sysclk.o
 .debug_macro   0x000001e6      0x1a3 src/ASF/common/services/sleepmgr/xmega/sleepmgr.o
 .debug_macro   0x00000389      0x230 src/ASF/xmega/drivers/tc/tc.o
 .debug_macro   0x000005b9      0x302 src/ASF/xmega/drivers/tc/tc.o
 .debug_macro   0x000008bb      0x269 src/ASF/xmega/services/pwm/pwm.o
 .debug_macro   0x00000b24      0x132 Source/lib/freertos/heap_2.o
 .debug_macro   0x00000c56      0x10e Source/lib/freertos/heap_2.o
 .debug_macro   0x00000d64       0x86 Source/lib/freertos/heap_2.o
 .debug_macro   0x00000dea      0x104 Source/lib/freertos/list.o
 .debug_macro   0x00000eee      0x13d Source/lib/freertos/port.o
 .debug_macro   0x0000102b       0x63 Source/lib/freertos/port.o
 .debug_macro   0x0000108e       0xcf Source/lib/freertos/port.o
 .debug_macro   0x0000115d      0x1a4 Source/lib/freertos/queue.o
 .debug_macro   0x00001301       0x20 Source/lib/freertos/queue.o
 .debug_macro   0x00001321      0x1a8 Source/lib/freertos/tasks.o
 .debug_macro   0x000014c9       0x58 Source/lib/freertos/tasks.o
 .debug_macro   0x00001521       0x10 Source/lib/freertos/tasks.o
 .debug_macro   0x00001531       0x97 Source/lib/freertos/tasks.o
 .debug_macro   0x000015c8       0xf2 Source/lib/freertos/tasks.o
 .debug_macro   0x000016ba       0x97 Source/lib/freertos/tasks.o
 .debug_macro   0x00001751       0xaa Source/lib/freertos/tasks.o
 .debug_macro   0x000017fb       0x61 Source/lib/freertos/tasks.o
 .debug_macro   0x0000185c       0x16 Source/lib/freertos/tasks.o
OUTPUT(FREERTOS_SHELL.elf elf32-avr)
LOAD linker stubs
