Archive member included to satisfy reference by file (symbol)

c:/program files (x86)/atmel/studio/7.0/toolchain/avr8/avr8-gnu-toolchain/bin/../lib/gcc/avr/5.4.0/../../../../avr/lib/avrxmega6\libm.a(addsf3.o)
                              Source/task_motor.o (__addsf3)
c:/program files (x86)/atmel/studio/7.0/toolchain/avr8/avr8-gnu-toolchain/bin/../lib/gcc/avr/5.4.0/../../../../avr/lib/avrxmega6\libm.a(addsf3x.o)
                              c:/program files (x86)/atmel/studio/7.0/toolchain/avr8/avr8-gnu-toolchain/bin/../lib/gcc/avr/5.4.0/../../../../avr/lib/avrxmega6\libm.a(addsf3.o) (__addsf3x)
c:/program files (x86)/atmel/studio/7.0/toolchain/avr8/avr8-gnu-toolchain/bin/../lib/gcc/avr/5.4.0/../../../../avr/lib/avrxmega6\libm.a(atan2.o)
                              Source/task_motor.o (atan2)
c:/program files (x86)/atmel/studio/7.0/toolchain/avr8/avr8-gnu-toolchain/bin/../lib/gcc/avr/5.4.0/../../../../avr/lib/avrxmega6\libm.a(atan.o)
                              c:/program files (x86)/atmel/studio/7.0/toolchain/avr8/avr8-gnu-toolchain/bin/../lib/gcc/avr/5.4.0/../../../../avr/lib/avrxmega6\libm.a(atan2.o) (atan)
c:/program files (x86)/atmel/studio/7.0/toolchain/avr8/avr8-gnu-toolchain/bin/../lib/gcc/avr/5.4.0/../../../../avr/lib/avrxmega6\libm.a(cos.o)
                              Source/task_Robot_State.o (cos)
c:/program files (x86)/atmel/studio/7.0/toolchain/avr8/avr8-gnu-toolchain/bin/../lib/gcc/avr/5.4.0/../../../../avr/lib/avrxmega6\libm.a(divsf3.o)
                              Source/lib/frtcpp/time_stamp_to_float.o (__divsf3)
c:/program files (x86)/atmel/studio/7.0/toolchain/avr8/avr8-gnu-toolchain/bin/../lib/gcc/avr/5.4.0/../../../../avr/lib/avrxmega6\libm.a(divsf3x.o)
                              c:/program files (x86)/atmel/studio/7.0/toolchain/avr8/avr8-gnu-toolchain/bin/../lib/gcc/avr/5.4.0/../../../../avr/lib/avrxmega6\libm.a(divsf3.o) (__divsf3x)
c:/program files (x86)/atmel/studio/7.0/toolchain/avr8/avr8-gnu-toolchain/bin/../lib/gcc/avr/5.4.0/../../../../avr/lib/avrxmega6\libm.a(fixsfsi.o)
                              Source/task_motor.o (__fixsfsi)
c:/program files (x86)/atmel/studio/7.0/toolchain/avr8/avr8-gnu-toolchain/bin/../lib/gcc/avr/5.4.0/../../../../avr/lib/avrxmega6\libm.a(fixunssfsi.o)
                              c:/program files (x86)/atmel/studio/7.0/toolchain/avr8/avr8-gnu-toolchain/bin/../lib/gcc/avr/5.4.0/../../../../avr/lib/avrxmega6\libm.a(fixsfsi.o) (__fixunssfsi)
c:/program files (x86)/atmel/studio/7.0/toolchain/avr8/avr8-gnu-toolchain/bin/../lib/gcc/avr/5.4.0/../../../../avr/lib/avrxmega6\libm.a(floatsisf.o)
                              Source/lib/frtcpp/time_stamp_to_float.o (__floatunsisf)
c:/program files (x86)/atmel/studio/7.0/toolchain/avr8/avr8-gnu-toolchain/bin/../lib/gcc/avr/5.4.0/../../../../avr/lib/avrxmega6\libm.a(fp_inf.o)
                              c:/program files (x86)/atmel/studio/7.0/toolchain/avr8/avr8-gnu-toolchain/bin/../lib/gcc/avr/5.4.0/../../../../avr/lib/avrxmega6\libm.a(addsf3x.o) (__fp_inf)
c:/program files (x86)/atmel/studio/7.0/toolchain/avr8/avr8-gnu-toolchain/bin/../lib/gcc/avr/5.4.0/../../../../avr/lib/avrxmega6\libm.a(fp_nan.o)
                              c:/program files (x86)/atmel/studio/7.0/toolchain/avr8/avr8-gnu-toolchain/bin/../lib/gcc/avr/5.4.0/../../../../avr/lib/avrxmega6\libm.a(addsf3x.o) (__fp_nan)
c:/program files (x86)/atmel/studio/7.0/toolchain/avr8/avr8-gnu-toolchain/bin/../lib/gcc/avr/5.4.0/../../../../avr/lib/avrxmega6\libm.a(fp_powser.o)
                              c:/program files (x86)/atmel/studio/7.0/toolchain/avr8/avr8-gnu-toolchain/bin/../lib/gcc/avr/5.4.0/../../../../avr/lib/avrxmega6\libm.a(atan.o) (__fp_powser)
c:/program files (x86)/atmel/studio/7.0/toolchain/avr8/avr8-gnu-toolchain/bin/../lib/gcc/avr/5.4.0/../../../../avr/lib/avrxmega6\libm.a(fp_pscA.o)
                              c:/program files (x86)/atmel/studio/7.0/toolchain/avr8/avr8-gnu-toolchain/bin/../lib/gcc/avr/5.4.0/../../../../avr/lib/avrxmega6\libm.a(addsf3x.o) (__fp_pscA)
c:/program files (x86)/atmel/studio/7.0/toolchain/avr8/avr8-gnu-toolchain/bin/../lib/gcc/avr/5.4.0/../../../../avr/lib/avrxmega6\libm.a(fp_pscB.o)
                              c:/program files (x86)/atmel/studio/7.0/toolchain/avr8/avr8-gnu-toolchain/bin/../lib/gcc/avr/5.4.0/../../../../avr/lib/avrxmega6\libm.a(addsf3x.o) (__fp_pscB)
c:/program files (x86)/atmel/studio/7.0/toolchain/avr8/avr8-gnu-toolchain/bin/../lib/gcc/avr/5.4.0/../../../../avr/lib/avrxmega6\libm.a(fp_rempio2.o)
                              c:/program files (x86)/atmel/studio/7.0/toolchain/avr8/avr8-gnu-toolchain/bin/../lib/gcc/avr/5.4.0/../../../../avr/lib/avrxmega6\libm.a(cos.o) (__fp_rempio2)
c:/program files (x86)/atmel/studio/7.0/toolchain/avr8/avr8-gnu-toolchain/bin/../lib/gcc/avr/5.4.0/../../../../avr/lib/avrxmega6\libm.a(fp_round.o)
[...]
Memory Configuration

Name             Origin             Length             Attributes
text             0x00000000         0x00100000         xr
data             0x00802000         0x0000ffa0         rw !x
eeprom           0x00810000         0x00010000         rw !x
fuse             0x00820000         0x00000006         rw !x
lock             0x00830000         0x00000400         rw !x
signature        0x00840000         0x00000400         rw !x
user_signatures  0x00850000         0x00000400         rw !x
*default*        0x00000000         0xffffffff

Linker script and memory map

LOAD C:/Program Files (x86)/Atmel/Studio/7.0/Packs/atmel/XMEGAA_DFP/1.1.68/gcc/dev/atxmega128a3u/avrxmega6/crtatxmega128a3u.o
LOAD Source/lib/freertos/croutine.o
LOAD Source/motorDriver.o
LOAD Source/qdec_driver.o
LOAD Source/task_diag.o
LOAD Source/task_LED.o
LOAD Source/task_motor.o
LOAD Source/task_Robot_State.o
LOAD Source/task_user.o
LOAD Source/xmega_util.o
LOAD src/ASF/common/boards/user_board/init.o
LOAD src/ASF/common/services/clock/xmega/sysclk.o
LOAD src/ASF/common/services/sleepmgr/xmega/sleepmgr.o
LOAD src/ASF/xmega/drivers/cpu/ccp.o
LOAD src/ASF/xmega/drivers/nvm/nvm.o
LOAD src/ASF/xmega/drivers/nvm/nvm_asm.o
LOAD src/ASF/xmega/drivers/tc/tc.o
LOAD src/ASF/xmega/services/pwm/pwm.o
LOAD Source/lib/freertos/heap_2.o
LOAD Source/lib/freertos/list.o
LOAD Source/lib/freertos/port.o
LOAD Source/lib/freertos/queue.o
LOAD Source/lib/freertos/tasks.o
LOAD Source/lib/frtcpp/base_data_receiver.o
LOAD Source/lib/frtcpp/frt_task.o
LOAD Source/lib/frtcpp/frt_task_stackprt.o
LOAD Source/lib/frtcpp/frt_task_status.o
LOAD Source/lib/frtcpp/frt_text_queue.o
LOAD Source/lib/frtcpp/func_get_run_time_counter.o
LOAD Source/lib/frtcpp/time_stamp_equal.o
LOAD Source/lib/frtcpp/time_stamp_get_us.o
LOAD Source/lib/frtcpp/time_stamp_greater.o
LOAD Source/lib/frtcpp/time_stamp_greater_eq.o
LOAD Source/lib/frtcpp/time_stamp_less.o
LOAD Source/lib/frtcpp/time_stamp_less_eq.o
LOAD Source/lib/frtcpp/time_stamp_lshift.o
LOAD Source/lib/frtcpp/time_stamp_minus.o
LOAD Source/lib/frtcpp/time_stamp_minus_eq.o
LOAD Source/lib/frtcpp/time_stamp_not_equal.o
LOAD Source/lib/frtcpp/time_stamp_plus.o
LOAD Source/lib/frtcpp/time_stamp_plus_eq.o
LOAD Source/lib/frtcpp/time_stamp_tick_res_time.o
LOAD Source/lib/frtcpp/time_stamp_to_float.o
LOAD Source/lib/frtcpp/time_stamp_to_now.o
LOAD Source/lib/frtcpp/time_stamp_to_now_ISR.o
LOAD Source/lib/misc/hex_dump_memory.o
LOAD Source/lib/misc/mechutil.o
LOAD Source/lib/serial/base232.o
LOAD Source/lib/serial/emstream.o
LOAD Source/lib/serial/emstream_bool.o
LOAD Source/lib/serial/emstream_float.o
LOAD Source/lib/serial/emstream_hex_receive.o
LOAD Source/lib/serial/emstream_hex_send.o
LOAD Source/lib/serial/emstream_int16_t.o
LOAD Source/lib/serial/emstream_int32_t.o
LOAD Source/lib/serial/emstream_int8_t.o
LOAD Source/lib/serial/emstream_pointer.o
LOAD Source/lib/serial/emstream_uint16_t.o
LOAD Source/lib/serial/emstream_uint32_t.o
LOAD Source/lib/serial/emstream_uint64_t.o
LOAD Source/lib/serial/emstream_uint8_t.o
LOAD Source/lib/serial/rs232int.o
LOAD Source/main.o
START GROUP
LOAD c:/program files (x86)/atmel/studio/7.0/toolchain/avr8/avr8-gnu-toolchain/bin/../lib/gcc/avr/5.4.0/../../../../avr/lib/avrxmega6\libm.a
END GROUP
LOAD c:/program files (x86)/atmel/studio/7.0/toolchain/avr8/avr8-gnu-toolchain/bin/../lib/gcc/avr/5.4.0/avrxmega6\libgcc.a
LOAD c:/program files (x86)/atmel/studio/7.0/toolchain/avr8/avr8-gnu-toolchain/bin/../lib/gcc/avr/5.4.0/../../../../avr/lib/avrxmega6\libm.a
START GROUP
LOAD c:/program files (x86)/atmel/studio/7.0/toolchain/avr8/avr8-gnu-toolchain/bin/../lib/gcc/avr/5.4.0/avrxmega6\libgcc.a
LOAD c:/program files (x86)/atmel/studio/7.0/toolchain/avr8/avr8-gnu-toolchain/bin/../lib/gcc/avr/5.4.0/../../../../avr/lib/avrxmega6\libm.a
LOAD c:/program files (x86)/atmel/studio/7.0/toolchain/avr8/avr8-gnu-toolchain/bin/../lib/gcc/avr/5.4.0/../../../../avr/lib/avrxmega6\libc.a
LOAD C:/Program Files (x86)/Atmel/Studio/7.0/Packs/atmel/XMEGAA_DFP/1.1.68/gcc/dev/atxmega128a3u/avrxmega6\libatxmega128a3u.a
END GROUP
                0x00100000                __TEXT_REGION_LENGTH__ = DEFINED (__TEXT_REGION_LENGTH__)?__TEXT_REGION_LENGTH__:0x100000
                0x0000ffa0                __DATA_REGION_LENGTH__ = DEFINED (__DATA_REGION_LENGTH__)?__DATA_REGION_LENGTH__:0xffa0
                0x00010000                __EEPROM_REGION_LENGTH__ = DEFINED (__EEPROM_REGION_LENGTH__)?__EEPROM_REGION_LENGTH__:0x10000
                [0x00000006]                __FUSE_REGION_LENGTH__ = DEFINED (__FUSE_REGION_LENGTH__)?__FUSE_REGION_LENGTH__:0x400
                0x00000400                __LOCK_REGION_LENGTH__ = DEFINED (__LOCK_REGION_LENGTH__)?__LOCK_REGION_LENGTH__:0x400
                0x00000400                __SIGNATURE_REGION_LENGTH__ = DEFINED (__SIGNATURE_REGION_LENGTH__)?__SIGNATURE_REGION_LENGTH__:0x400
                0x00000400                __USER_SIGNATURE_REGION_LENGTH__ = DEFINED (__USER_SIGNATURE_REGION_LENGTH__)?__USER_SIGNATURE_REGION_LENGTH__:0x400

.hash
 *(.hash)

.dynsym
 *(.dynsym)

.dynstr
 *(.dynstr)

.gnu.version
 *(.gnu.version)

.gnu.version_d
 *(.gnu.version_d)

.gnu.version_r
 *(.gnu.version_r)

.rel.init
 *(.rel.init)

.rela.init
 *(.rela.init)

.rel.text
 *(.rel.text)
 *(.rel.text.*)
 *(.rel.gnu.linkonce.t*)

.rela.text
 *(.rela.text)
 *(.rela.text.*)
 *(.rela.gnu.linkonce.t*)

.rel.fini
 *(.rel.fini)

.rela.fini
 *(.rela.fini)

.rel.rodata
 *(.rel.rodata)
 *(.rel.rodata.*)
 *(.rel.gnu.linkonce.r*)

.rela.rodata
 *(.rela.rodata)
 *(.rela.rodata.*)
 *(.rela.gnu.linkonce.r*)

.rel.data
 *(.rel.data)
 *(.rel.data.*)
 *(.rel.gnu.linkonce.d*)

.rela.data
 *(.rela.data)
 *(.rela.data.*)
 *(.rela.gnu.linkonce.d*)

.rel.ctors
 *(.rel.ctors)

.rela.ctors
 *(.rela.ctors)

.rel.dtors
 *(.rel.dtors)

.rela.dtors
 *(.rela.dtors)

.rel.got
 *(.rel.got)

.rela.got
 *(.rela.got)

.rel.bss
 *(.rel.bss)

.rela.bss
 *(.rela.bss)

.rel.plt
 *(.rel.plt)

.rela.plt
 *(.rela.plt)

.text           0x00000000     0x52a4
 *(.vectors)
 .vectors       0x00000000      0x1fc C:/Program Files (x86)/Atmel/Studio/7.0/Packs/atmel/XMEGAA_DFP/1.1.68/gcc/dev/atxmega128a3u/avrxmega6/crtatxmega128a3u.o
                0x00000000                __vector_default
                0x00000000                __vectors
 *(.vectors)
 *(.progmem.gcc*)
 .progmem.gcc_sw_table.pwm_init
                0x000001fc        0xe src/ASF/xmega/services/pwm/pwm.o
 .progmem.gcc_sw_table._ZN8emstreamlsE15ser_manipulator
                0x0000020a       0x16 Source/lib/serial/emstream.o
 .progmem.gcc_fplib
                0x00000220       0x2d c:/program files (x86)/atmel/studio/7.0/toolchain/avr8/avr8-gnu-toolchain/bin/../lib/gcc/avr/5.4.0/../../../../avr/lib/avrxmega6\libm.a(atan.o)
 .progmem.gcc_fplib
                0x0000024d       0x1e c:/program files (x86)/atmel/studio/7.0/toolchain/avr8/avr8-gnu-toolchain/bin/../lib/gcc/avr/5.4.0/../../../../avr/lib/avrxmega6\libm.a(fp_sinus.o)
                0x0000026c                . = ALIGN (0x2)
 *fill*         0x0000026b        0x1 
                0x0000026c                __trampolines_start = .
 *(.trampolines)
 .trampolines   0x0000026c       0x94 linker stubs
 *(.trampolines*)
                0x00000300                __trampolines_end = .
 *libprintf_flt.a:*(.progmem.data)
 *libc.a:*(.progmem.data)
 *(.progmem*)
 .progmem.something
                0x00000300       0x4b Source/lib/frtcpp/frt_task.o
 .progmem.something
                0x0000034b       0x72 Source/lib/frtcpp/frt_task_status.o
                0x000003be                . = ALIGN (0x2)
 *fill*         0x000003bd        0x1 
 *(.jumptables)
 *(.jumptables*)
 *(.lowtext)
 .lowtext       0x000003be        0x4 Source/lib/frtcpp/frt_task.o
                0x000003be                _call_static_run_method
 *(.lowtext*)
                0x000003c2                __ctors_start = .
 *(.ctors)
 .ctors         0x000003c2        0x2 Source/main.o
                0x000003c4                __ctors_end = .
                0x000003c4                __dtors_start = .
 *(.dtors)
                0x000003c4                __dtors_end = .
 SORT(*)(.ctors)
 SORT(*)(.dtors)
 *(.init0)
 .init0         0x000003c4        0x0 C:/Program Files (x86)/Atmel/Studio/7.0/Packs/atmel/XMEGAA_DFP/1.1.68/gcc/dev/atxmega128a3u/avrxmega6/crtatxmega128a3u.o
                0x000003c4                __init
 *(.init0)
 *(.init1)
 *(.init1)
 *(.init2)
 .init2         0x000003c4       0x10 C:/Program Files (x86)/Atmel/Studio/7.0/Packs/atmel/XMEGAA_DFP/1.1.68/gcc/dev/atxmega128a3u/avrxmega6/crtatxmega128a3u.o
 *(.init2)
 *(.init3)
 *(.init3)
 *(.init4)
 .init4         0x000003d4       0x1a c:/program files (x86)/atmel/studio/7.0/toolchain/avr8/avr8-gnu-toolchain/bin/../lib/gcc/avr/5.4.0/avrxmega6\libgcc.a(_copy_data.o)
                0x000003d4                __do_copy_data
 .init4         0x000003ee       0x10 c:/program files (x86)/atmel/studio/7.0/toolchain/avr8/avr8-gnu-toolchain/bin/../lib/gcc/avr/5.4.0/avrxmega6\libgcc.a(_clear_bss.o)
                0x000003ee                __do_clear_bss
 *(.init4)
 *(.init5)
 *(.init5)
 *(.init6)
 .init6         0x000003fe       0x20 c:/program files (x86)/atmel/studio/7.0/toolchain/avr8/avr8-gnu-toolchain/bin/../lib/gcc/avr/5.4.0/avrxmega6\libgcc.a(_ctors.o)
                0x000003fe                __do_global_ctors
 *(.init6)
 *(.init7)
 *(.init7)
 *(.init8)
 *(.init8)
 *(.init9)
 .init9         0x0000041e        0x8 C:/Program Files (x86)/Atmel/Studio/7.0/Packs/atmel/XMEGAA_DFP/1.1.68/gcc/dev/atxmega128a3u/avrxmega6/crtatxmega128a3u.o
 *(.init9)
 *(.text)
 .text          0x00000426        0x4 C:/Program Files (x86)/Atmel/Studio/7.0/Packs/atmel/XMEGAA_DFP/1.1.68/gcc/dev/atxmega128a3u/avrxmega6/crtatxmega128a3u.o
                0x00000426                __vector_38
                0x00000426                __vector_104
                0x00000426                __vector_63
                0x00000426                __vector_67
                0x00000426                __vector_1
                0x00000426                __vector_32
                0x00000426                __vector_75
                0x00000426                __vector_71
                0x00000426                __vector_34
                0x00000426                __vector_62
                0x00000426                __vector_102
                0x00000426                __vector_24
                0x00000426                __vector_12
                0x00000426                __vector_69
                0x00000426                __vector_90
                0x00000426                __vector_46
                0x00000426                __bad_interrupt
                0x00000426                __vector_122
                0x00000426                __vector_72
                0x00000426                __vector_114
                0x00000426                __vector_6
                0x00000426                __vector_31
                0x00000426                __vector_92
                0x00000426                __vector_35
                0x00000426                __vector_74
                0x00000426                __vector_117
                0x00000426                __vector_39
                0x00000426                __vector_107
                0x00000426                __vector_3
                0x00000426                __vector_105
                0x00000426                __vector_98
                0x00000426                __vector_68
                0x00000426                __vector_30
                0x00000426                __vector_73
                0x00000426                __vector_45
                0x00000426                __vector_93
                0x00000426                __vector_11
                0x00000426                __vector_99
                0x00000426                __vector_13
                0x00000426                __vector_7
                0x00000426                __vector_125
                0x00000426                __vector_123
                0x00000426                __vector_41
                0x00000426                __vector_100
                0x00000426                __vector_101
                0x00000426                __vector_64
                0x00000426                __vector_43
                0x00000426                __vector_27
                0x00000426                __vector_5
                0x00000426                __vector_33
                0x00000426                __vector_76
                0x00000426                __vector_115
                0x00000426                __vector_37
                0x00000426                __vector_95
                0x00000426                __vector_103
                0x00000426                __vector_96
                0x00000426                __vector_89
                0x00000426                __vector_4
                0x00000426                __vector_44
                0x00000426                __vector_106
                0x00000426                __vector_118
                0x00000426                __vector_9
                0x00000426                __vector_2
                0x00000426                __vector_66
                0x00000426                __vector_36
                0x00000426                __vector_70
                0x00000426                __vector_29
                0x00000426                __vector_60
                0x00000426                __vector_121
                0x00000426                __vector_40
                0x00000426                __vector_94
                0x00000426                __vector_126
                0x00000426                __vector_8
                0x00000426                __vector_26
                0x00000426                __vector_124
                0x00000426                __vector_116
                0x00000426                __vector_57
                0x00000426                __vector_10
                0x00000426                __vector_59
                0x00000426                __vector_97
                0x00000426                __vector_42
                0x00000426                __vector_87
                0x00000426                __vector_65
                0x00000426                __vector_120
                0x0000042a                . = ALIGN (0x2)
 *(.text.*)
 .text._ZN11motorDriver7set_k_lEiii
                0x0000042a       0x10 Source/motorDriver.o
                0x0000042a                _ZN11motorDriver7set_k_lEiii
 .text._ZN11motorDriver7set_k_aEiii
                0x0000043a       0x10 Source/motorDriver.o
                0x0000043a                _ZN11motorDriver7set_k_aEiii
 .text._ZN11motorDriver15set_pwm_scalingEi
                0x0000044a        0x8 Source/motorDriver.o
                0x0000044a                _ZN11motorDriver15set_pwm_scalingEi
 .text._ZN11motorDriver11set_pwm_limEi
                0x00000452       0x1a Source/motorDriver.o
                0x00000452                _ZN11motorDriver11set_pwm_limEi
 .text._ZN11motorDriver18set_pwm_lim_linearEi
                0x0000046c       0x1a Source/motorDriver.o
                0x0000046c                _ZN11motorDriver18set_pwm_lim_linearEi
 .text._ZN11motorDriverC2EcP8emstream
                0x00000486       0xb2 Source/motorDriver.o
                0x00000486                _ZN11motorDriverC2EcP8emstream
                0x00000486                _ZN11motorDriverC1EcP8emstream
 .text._ZN11motorDriver14set_esum_l_limEi
                0x00000538        0x8 Source/motorDriver.o
                0x00000538                _ZN11motorDriver14set_esum_l_limEi
 .text._ZN11motorDriver14set_esum_a_limEi
                0x00000540        0x8 Source/motorDriver.o
                0x00000540                _ZN11motorDriver14set_esum_a_limEi
 .text._ZN11motorDriver14set_setpoint_lEi
                0x00000548        0x8 Source/motorDriver.o
                0x00000548                _ZN11motorDriver14set_setpoint_lEi
 .text._ZN11motorDriver14set_setpoint_aEi
                0x00000550        0x8 Source/motorDriver.o
                0x00000550                _ZN11motorDriver14set_setpoint_aEi
 .text._ZN11motorDriver12set_positionEi
                0x00000558        0x8 Source/motorDriver.o
                0x00000558                _ZN11motorDriver12set_positionEi
 .text._ZN11motorDriver9set_angleEi
                0x00000560        0x8 Source/motorDriver.o
                0x00000560                _ZN11motorDriver9set_angleEi
 .text._ZN11motorDriver3runEbbbb
                0x00000568      0x29c Source/motorDriver.o
                0x00000568                _ZN11motorDriver3runEbbbb
 .text._Z15QDEC_Port_SetupP11PORT_structhbb
                0x00000804       0x8c Source/qdec_driver.o
                0x00000804                _Z15QDEC_Port_SetupP11PORT_structhbb
 .text._Z16QDEC_EVSYS_Setuph16EVSYS_CHMUX_enumb16EVSYS_QDIRM_enum
                0x00000890       0x82 Source/qdec_driver.o
                0x00000890                _Z16QDEC_EVSYS_Setuph16EVSYS_CHMUX_enumb16EVSYS_QDIRM_enum
 .text._Z16QDEC_Total_SetupP11PORT_structhbh16EVSYS_CHMUX_enumb16EVSYS_QDIRM_enumP10TC0_struct13TC_EVSEL_enumj
                0x00000912       0x64 Source/qdec_driver.o
                0x00000912                _Z16QDEC_Total_SetupP11PORT_structhbh16EVSYS_CHMUX_enumb16EVSYS_QDIRM_enumP10TC0_struct13TC_EVSEL_enumj
 .text._Z16QDEC_Total_SetupP11PORT_structhbh16EVSYS_CHMUX_enumb16EVSYS_QDIRM_enumP10TC1_struct13TC_EVSEL_enumj
                0x00000976       0x64 Source/qdec_driver.o
                0x00000976                _Z16QDEC_Total_SetupP11PORT_structhbh16EVSYS_CHMUX_enumb16EVSYS_QDIRM_enumP10TC1_struct13TC_EVSEL_enumj
 .text._Z12QDEC_Read_TCP10TC0_struct
                0x000009da        0xe Source/qdec_driver.o
                0x000009da                _Z12QDEC_Read_TCP10TC0_struct
 .text._Z12QDEC_Read_TCP10TC1_struct
                0x000009e8        0xe Source/qdec_driver.o
                0x000009e8                _Z12QDEC_Read_TCP10TC1_struct
 .text._ZN10task_motor3runEv
                0x000009f6      0x398 Source/task_motor.o
                0x000009f6                _ZN10task_motor3runEv
 .text._ZN10task_motorC2EPKchjP8emstream
                0x00000d8e       0x20 Source/task_motor.o
                0x00000d8e                _ZN10task_motorC1EPKchjP8emstream
                0x00000d8e                _ZN10task_motorC2EPKchjP8emstream
 .text._ZN16task_Robot_State3runEv
                0x00000dae      0x3fe Source/task_Robot_State.o
                0x00000dae                _ZN16task_Robot_State3runEv
 .text._ZN16task_Robot_StateC2EPKchjP8emstream
                0x000011ac       0x20 Source/task_Robot_State.o
                0x000011ac                _ZN16task_Robot_StateC1EPKchjP8emstream
                0x000011ac                _ZN16task_Robot_StateC2EPKchjP8emstream
 .text._Z8CCPWritePVhh
                0x000011cc       0x2a Source/xmega_util.o
                0x000011cc                _Z8CCPWritePVhh
 .text._Z15config_SYSCLOCKv
                0x000011f6       0x66 Source/xmega_util.o
                0x000011f6                _Z15config_SYSCLOCKv
 .text.sysclk_enable_module
                0x0000125c       0x2c src/ASF/common/services/clock/xmega/sysclk.o
                0x0000125c                sysclk_enable_module
 .text.__vector_14
                0x00001288       0x5a src/ASF/xmega/drivers/tc/tc.o
                0x00001288                __vector_14
 .text.__vector_15
                0x000012e2       0x5a src/ASF/xmega/drivers/tc/tc.o
                0x000012e2                __vector_15
 .text.__vector_16
                0x0000133c       0x5a src/ASF/xmega/drivers/tc/tc.o
                0x0000133c                __vector_16
 .text.__vector_17
                0x00001396       0x5a src/ASF/xmega/drivers/tc/tc.o
                0x00001396                __vector_17
 .text.__vector_18
                0x000013f0       0x5a src/ASF/xmega/drivers/tc/tc.o
                0x000013f0                __vector_18
 .text.__vector_19
                0x0000144a       0x5a src/ASF/xmega/drivers/tc/tc.o
                0x0000144a                __vector_19
 .text.__vector_20
                0x000014a4       0x5a src/ASF/xmega/drivers/tc/tc.o
                0x000014a4                __vector_20
 .text.__vector_21
                0x000014fe       0x5a src/ASF/xmega/drivers/tc/tc.o
                0x000014fe                __vector_21
 .text.__vector_22
                0x00001558       0x5a src/ASF/xmega/drivers/tc/tc.o
                0x00001558                __vector_22
 .text.__vector_23
                0x000015b2       0x5a src/ASF/xmega/drivers/tc/tc.o
                0x000015b2                __vector_23
 .text.__vector_77
                0x0000160c       0x5a src/ASF/xmega/drivers/tc/tc.o
                0x0000160c                __vector_77
 .text.__vector_78
                0x00001666       0x5a src/ASF/xmega/drivers/tc/tc.o
                0x00001666                __vector_78
 .text.__vector_79
                0x000016c0       0x5a src/ASF/xmega/drivers/tc/tc.o
                0x000016c0                __vector_79
 .text.__vector_80
                0x0000171a       0x5a src/ASF/xmega/drivers/tc/tc.o
                0x0000171a                __vector_80
 .text.__vector_81
                0x00001774       0x5a src/ASF/xmega/drivers/tc/tc.o
                0x00001774                __vector_81
 .text.__vector_82
                0x000017ce       0x5a src/ASF/xmega/drivers/tc/tc.o
                0x000017ce                __vector_82
 .text.__vector_83
                0x00001828       0x5a src/ASF/xmega/drivers/tc/tc.o
                0x00001828                __vector_83
 .text.__vector_84
                0x00001882       0x5a src/ASF/xmega/drivers/tc/tc.o
                0x00001882                __vector_84
 .text.__vector_85
                0x000018dc       0x5a src/ASF/xmega/drivers/tc/tc.o
                0x000018dc                __vector_85
 .text.__vector_86
                0x00001936       0x5a src/ASF/xmega/drivers/tc/tc.o
                0x00001936                __vector_86
 .text.__vector_47
                0x00001990       0x5a src/ASF/xmega/drivers/tc/tc.o
                0x00001990                __vector_47
 .text.__vector_48
                0x000019ea       0x5a src/ASF/xmega/drivers/tc/tc.o
                0x000019ea                __vector_48
 .text.__vector_49
                0x00001a44       0x5a src/ASF/xmega/drivers/tc/tc.o
                0x00001a44                __vector_49
 .text.__vector_50
                0x00001a9e       0x5a src/ASF/xmega/drivers/tc/tc.o
                0x00001a9e                __vector_50
 .text.__vector_51
                0x00001af8       0x5a src/ASF/xmega/drivers/tc/tc.o
                0x00001af8                __vector_51
 .text.__vector_52
                0x00001b52       0x5a src/ASF/xmega/drivers/tc/tc.o
                0x00001b52                __vector_52
 .text.__vector_53
                0x00001bac       0x5a src/ASF/xmega/drivers/tc/tc.o
                0x00001bac                __vector_53
 .text.__vector_54
                0x00001c06       0x5a src/ASF/xmega/drivers/tc/tc.o
                0x00001c06                __vector_54
 .text.__vector_56
                0x00001c60       0x5a src/ASF/xmega/drivers/tc/tc.o
                0x00001c60                __vector_56
 .text.__vector_108
                0x00001cba       0x5a src/ASF/xmega/drivers/tc/tc.o
                0x00001cba                __vector_108
 .text.__vector_109
                0x00001d14       0x5a src/ASF/xmega/drivers/tc/tc.o
                0x00001d14                __vector_109
 .text.__vector_110
                0x00001d6e       0x5a src/ASF/xmega/drivers/tc/tc.o
                0x00001d6e                __vector_110
 .text.__vector_111
                0x00001dc8       0x5a src/ASF/xmega/drivers/tc/tc.o
                0x00001dc8                __vector_111
 .text.__vector_112
                0x00001e22       0x5a src/ASF/xmega/drivers/tc/tc.o
                0x00001e22                __vector_112
 .text.__vector_113
                0x00001e7c       0x5a src/ASF/xmega/drivers/tc/tc.o
                0x00001e7c                __vector_113
 .text.tc_enable
                0x00001ed6       0xfe src/ASF/xmega/drivers/tc/tc.o
                0x00001ed6                tc_enable
 .text.pwm_set_frequency
                0x00001fd4       0xd8 src/ASF/xmega/services/pwm/pwm.o
                0x00001fd4                pwm_set_frequency
 .text.pwm_init
                0x000020ac      0x192 src/ASF/xmega/services/pwm/pwm.o
                0x000020ac                pwm_init
 .text.pwm_start
                0x0000223e       0xa4 src/ASF/xmega/services/pwm/pwm.o
                0x0000223e                pwm_start
 .text.pvPortMalloc
                0x000022e2      0x134 Source/lib/freertos/heap_2.o
                0x000022e2                pvPortMalloc
 .text.vPortFree
                0x00002416       0x66 Source/lib/freertos/heap_2.o
                0x00002416                vPortFree
 .text.vListInitialise
                0x0000247c       0x22 Source/lib/freertos/list.o
                0x0000247c                vListInitialise
 .text.vListInitialiseItem
                0x0000249e        0x8 Source/lib/freertos/list.o
                0x0000249e                vListInitialiseItem
 .text.vListInsertEnd
                0x000024a6       0x4e Source/lib/freertos/list.o
                0x000024a6                vListInsertEnd
 .text.vListInsert
                0x000024f4       0x96 Source/lib/freertos/list.o
                0x000024f4                vListInsert
 .text.vListRemove
                0x0000258a       0x4c Source/lib/freertos/list.o
                0x0000258a                vListRemove
 .text.pxPortInitialiseStack
                0x000025d6       0xec Source/lib/freertos/port.o
                0x000025d6                pxPortInitialiseStack
 .text.xPortStartScheduler
                0x000026c2       0x7c Source/lib/freertos/port.o
                0x000026c2                xPortStartScheduler
 .text.vPortYield
                0x0000273e       0xc2 Source/lib/freertos/port.o
                0x0000273e                vPortYield
 .text.vPortYieldFromTick
                0x00002800       0xc6 Source/lib/freertos/port.o
                0x00002800                vPortYieldFromTick
 .text.__vector_55
                0x000028c6       0x16 Source/lib/freertos/port.o
                0x000028c6                __vector_55
 .text.prvCopyDataToQueue
                0x000028dc       0x98 Source/lib/freertos/queue.o
 .text.prvCopyDataFromQueue
                0x00002974       0x34 Source/lib/freertos/queue.o
 .text.prvUnlockQueue
                0x000029a8       0x94 Source/lib/freertos/queue.o
 .text.xQueueGenericReset
                0x00002a3c       0x78 Source/lib/freertos/queue.o
                0x00002a3c                xQueueGenericReset
 .text.xQueueGenericCreate
                0x00002ab4       0x5c Source/lib/freertos/queue.o
                0x00002ab4                xQueueGenericCreate
 .text.xQueueGenericSend
                0x00002b10      0x136 Source/lib/freertos/queue.o
                0x00002b10                xQueueGenericSend
 .text.xQueueGenericReceive
                0x00002c46      0x188 Source/lib/freertos/queue.o
                0x00002c46                xQueueGenericReceive
 .text.uxQueueMessagesWaiting
                0x00002dce       0x10 Source/lib/freertos/queue.o
                0x00002dce                uxQueueMessagesWaiting
 .text.prvIdleTask
                0x00002dde       0x10 Source/lib/freertos/tasks.o
 .text.prvAddCurrentTaskToDelayedList
                0x00002dee       0x9c Source/lib/freertos/tasks.o
 .text.xTaskGenericCreate
                0x00002e8a      0x204 Source/lib/freertos/tasks.o
                0x00002e8a                xTaskGenericCreate
 .text.uxTaskPriorityGet
                0x0000308e       0x1c Source/lib/freertos/tasks.o
                0x0000308e                uxTaskPriorityGet
 .text.vTaskStartScheduler
                0x000030aa       0x66 Source/lib/freertos/tasks.o
                0x000030aa                vTaskStartScheduler
 .text.vTaskSuspendAll
                0x00003110        0xc Source/lib/freertos/tasks.o
                0x00003110                vTaskSuspendAll
 .text.xTaskGetTickCount
                0x0000311c       0x1c Source/lib/freertos/tasks.o
                0x0000311c                xTaskGetTickCount
 .text.pcTaskGetTaskName
                0x00003138       0x10 Source/lib/freertos/tasks.o
                0x00003138                pcTaskGetTaskName
 .text.vTaskIncrementTick
                0x00003148      0x202 Source/lib/freertos/tasks.o
                0x00003148                vTaskIncrementTick
 .text.xTaskResumeAll
                0x0000334a      0x104 Source/lib/freertos/tasks.o
                0x0000334a                xTaskResumeAll
 .text.vTaskDelayUntil
                0x0000344e       0xda Source/lib/freertos/tasks.o
                0x0000344e                vTaskDelayUntil
 .text.vTaskDelay
                0x00003528       0x5c Source/lib/freertos/tasks.o
                0x00003528                vTaskDelay
 .text.vTaskSwitchContext
                0x00003584       0xba Source/lib/freertos/tasks.o
                0x00003584                vTaskSwitchContext
 .text.vTaskPlaceOnEventList
                0x0000363e       0x54 Source/lib/freertos/tasks.o
                0x0000363e                vTaskPlaceOnEventList
 .text.xTaskRemoveFromEventList
                0x00003692       0x7e Source/lib/freertos/tasks.o
                0x00003692                xTaskRemoveFromEventList
 .text.vTaskSetTimeOutState
                0x00003710       0x22 Source/lib/freertos/tasks.o
                0x00003710                vTaskSetTimeOutState
 .text.xTaskCheckForTimeOut
                0x00003732       0xda Source/lib/freertos/tasks.o
                0x00003732                xTaskCheckForTimeOut
 .text.vTaskMissedYield
                0x0000380c        0x8 Source/lib/freertos/tasks.o
                0x0000380c                vTaskMissedYield
 .text.uxTaskGetStackHighWaterMark
                0x00003814       0x32 Source/lib/freertos/tasks.o
                0x00003814                uxTaskGetStackHighWaterMark
 .text.xTaskGetCurrentTaskHandle
                0x00003846        0xa Source/lib/freertos/tasks.o
                0x00003846                xTaskGetCurrentTaskHandle
 .text.vTaskPriorityInherit
                0x00003850       0xaa Source/lib/freertos/tasks.o
                0x00003850                vTaskPriorityInherit
 .text.vTaskPriorityDisinherit
                0x000038fa       0x68 Source/lib/freertos/tasks.o
                0x000038fa                vTaskPriorityDisinherit
 .text._ZN8frt_task22_call_users_run_methodEPS_
                0x00003962       0x1e Source/lib/frtcpp/frt_task.o
                0x00003962                _ZN8frt_task22_call_users_run_methodEPS_
 .text._ZN8frt_task13transition_toEh
                0x00003980        0x8 Source/lib/frtcpp/frt_task.o
                0x00003980                _ZN8frt_task13transition_toEh
 .text._ZN8frt_taskC2EPKchjP8emstream
                0x00003988      0x18e Source/lib/frtcpp/frt_task.o
                0x00003988                _ZN8frt_taskC1EPKchjP8emstream
                0x00003988                _ZN8frt_taskC2EPKchjP8emstream
 .text._ZN8frt_task12print_statusER8emstream
                0x00003b16      0x120 Source/lib/frtcpp/frt_task_status.o
                0x00003b16                _ZN8frt_task12print_statusER8emstream
 .text._ZN14frt_text_queue7getcharEv
                0x00003c36       0x3c Source/lib/frtcpp/frt_text_queue.o
                0x00003c36                _ZN14frt_text_queue7getcharEv
 .text._ZN14frt_text_queue14check_for_charEv
                0x00003c72       0x16 Source/lib/frtcpp/frt_text_queue.o
                0x00003c72                _ZN14frt_text_queue14check_for_charEv
 .text._ZN14frt_text_queue7putcharEc
                0x00003c88       0x3c Source/lib/frtcpp/frt_text_queue.o
                0x00003c88                _ZN14frt_text_queue7putcharEc
 .text._ZN14frt_text_queueC2EjP8emstreamm
                0x00003cc4       0x5e Source/lib/frtcpp/frt_text_queue.o
                0x00003cc4                _ZN14frt_text_queueC2EjP8emstreamm
                0x00003cc4                _ZN14frt_text_queueC1EjP8emstreamm
 .text._Znwj    0x00003d22        0x6 Source/lib/misc/mechutil.o
                0x00003d22                _Znwj
 .text._Znaj    0x00003d28        0x6 Source/lib/misc/mechutil.o
                0x00003d28                _Znaj
 .text.__cxa_pure_virtual
                0x00003d2e        0x2 Source/lib/misc/mechutil.o
                0x00003d2e                __cxa_pure_virtual
 .text._ZN7base232C2EjP12USART_struct
                0x00003d30      0x160 Source/lib/serial/base232.o
                0x00003d30                _ZN7base232C1EjP12USART_struct
                0x00003d30                _ZN7base232C2EjP12USART_struct
 .text._ZN8emstream13ready_to_sendEv
                0x00003e90        0x4 Source/lib/serial/emstream.o
                0x00003e90                _ZN8emstream13ready_to_sendEv
 .text._ZN8emstream7getcharEv
                0x00003e94        0x6 Source/lib/serial/emstream.o
                0x00003e94                _ZN8emstream7getcharEv
 .text._ZN8emstream14check_for_charEv
                0x00003e9a        0x4 Source/lib/serial/emstream.o
                0x00003e9a                _ZN8emstream14check_for_charEv
 .text._ZN8emstream12transmit_nowEv
                0x00003e9e        0x2 Source/lib/serial/emstream.o
                0x00003e9e                _ZN8emstream12transmit_nowEv
 .text._ZN8emstream12clear_screenEv
                0x00003ea0        0x2 Source/lib/serial/emstream.o
                0x00003ea0                _ZN8emstream12clear_screenEv
 .text._ZN8emstreamC2Ev
                0x00003ea2       0x1c Source/lib/serial/emstream.o
                0x00003ea2                _ZN8emstreamC2Ev
                0x00003ea2                _ZN8emstreamC1Ev
 .text._ZN8emstream4putsEPKc
                0x00003ebe       0x6e Source/lib/serial/emstream.o
                0x00003ebe                _ZN8emstream4putsEPKc
 .text._ZN8emstreamlsE15ser_manipulator
                0x00003f2c       0x8e Source/lib/serial/emstream.o
                0x00003f2c                _ZN8emstreamlsE15ser_manipulator
 .text._ZN8emstreamlsEb
                0x00003fba       0x30 Source/lib/serial/emstream_bool.o
                0x00003fba                _ZN8emstreamlsEb
 .text._ZN8emstreamlsEi
                0x00003fea       0x52 Source/lib/serial/emstream_int16_t.o
                0x00003fea                _ZN8emstreamlsEi
 .text._ZN8emstreamlsEj
                0x0000403c       0x68 Source/lib/serial/emstream_uint16_t.o
                0x0000403c                _ZN8emstreamlsEj
 .text._ZN8emstreamlsEm
                0x000040a4       0x84 Source/lib/serial/emstream_uint32_t.o
                0x000040a4                _ZN8emstreamlsEm
 .text._ZN8emstreamlsEh
                0x00004128      0x100 Source/lib/serial/emstream_uint8_t.o
                0x00004128                _ZN8emstreamlsEh
 .text._ZN5rs2327putcharEc
                0x00004228       0x48 Source/lib/serial/rs232int.o
                0x00004228                _ZN5rs2327putcharEc
 .text._ZN5rs2327getcharEv
                0x00004270       0x4c Source/lib/serial/rs232int.o
                0x00004270                _ZN5rs2327getcharEv
 .text._ZN5rs23214check_for_charEv
                0x000042bc       0x26 Source/lib/serial/rs232int.o
                0x000042bc                _ZN5rs23214check_for_charEv
 .text._ZN5rs23212clear_screenEv
                0x000042e2       0x12 Source/lib/serial/rs232int.o
                0x000042e2                _ZN5rs23212clear_screenEv
 .text._ZN5rs232C2EjP12USART_struct
                0x000042f4      0x144 Source/lib/serial/rs232int.o
                0x000042f4                _ZN5rs232C2EjP12USART_struct
                0x000042f4                _ZN5rs232C1EjP12USART_struct
 .text.__vector_25
                0x00004438       0xb0 Source/lib/serial/rs232int.o
                0x00004438                __vector_25
 .text.__vector_28
                0x000044e8       0xb0 Source/lib/serial/rs232int.o
                0x000044e8                __vector_28
 .text.__vector_88
                0x00004598       0xb0 Source/lib/serial/rs232int.o
                0x00004598                __vector_88
 .text.__vector_91
                0x00004648       0xb0 Source/lib/serial/rs232int.o
                0x00004648                __vector_91
 .text.__vector_58
                0x000046f8       0xb0 Source/lib/serial/rs232int.o
                0x000046f8                __vector_58
 .text.__vector_61
                0x000047a8       0xb0 Source/lib/serial/rs232int.o
                0x000047a8                __vector_61
 .text.__vector_119
                0x00004858       0xb0 Source/lib/serial/rs232int.o
                0x00004858                __vector_119
 .text.main     0x00004908       0xbc Source/main.o
                0x00004908                main
 .text._GLOBAL__sub_I_print_ser_queue
                0x000049c4       0x22 Source/main.o
 .text.avr-libc.fplib
                0x000049e6        0xe c:/program files (x86)/atmel/studio/7.0/toolchain/avr8/avr8-gnu-toolchain/bin/../lib/gcc/avr/5.4.0/../../../../avr/lib/avrxmega6\libm.a(addsf3.o)
                0x000049e6                __subsf3
                0x000049e8                __addsf3
 .text.avr-libc.fplib
                0x000049f4       0xcc c:/program files (x86)/atmel/studio/7.0/toolchain/avr8/avr8-gnu-toolchain/bin/../lib/gcc/avr/5.4.0/../../../../avr/lib/avrxmega6\libm.a(addsf3x.o)
                0x00004a16                __addsf3x
 .text.avr-libc.fplib
                0x00004ac0       0x86 c:/program files (x86)/atmel/studio/7.0/toolchain/avr8/avr8-gnu-toolchain/bin/../lib/gcc/avr/5.4.0/../../../../avr/lib/avrxmega6\libm.a(atan2.o)
                0x00004ae6                atan2
 .text.avr-libc.fplib
                0x00004b46       0x5e c:/program files (x86)/atmel/studio/7.0/toolchain/avr8/avr8-gnu-toolchain/bin/../lib/gcc/avr/5.4.0/../../../../avr/lib/avrxmega6\libm.a(atan.o)
                0x00004b46                atan
 .text.avr-libc.fplib
                0x00004ba4        0xa c:/program files (x86)/atmel/studio/7.0/toolchain/avr8/avr8-gnu-toolchain/bin/../lib/gcc/avr/5.4.0/../../../../avr/lib/avrxmega6\libm.a(cos.o)
                0x00004ba4                cos
 .text.avr-libc.fplib
                0x00004bae        0x8 c:/program files (x86)/atmel/studio/7.0/toolchain/avr8/avr8-gnu-toolchain/bin/../lib/gcc/avr/5.4.0/../../../../avr/lib/avrxmega6\libm.a(divsf3.o)
                0x00004bae                __divsf3
 .text.avr-libc.fplib
                0x00004bb6       0xdc c:/program files (x86)/atmel/studio/7.0/toolchain/avr8/avr8-gnu-toolchain/bin/../lib/gcc/avr/5.4.0/../../../../avr/lib/avrxmega6\libm.a(divsf3x.o)
                0x00004bd6                __divsf3x
                0x00004bdc                __divsf3_pse
 .text.avr-libc.fplib
                0x00004c92        0xe c:/program files (x86)/atmel/studio/7.0/toolchain/avr8/avr8-gnu-toolchain/bin/../lib/gcc/avr/5.4.0/../../../../avr/lib/avrxmega6\libm.a(fixsfsi.o)
                0x00004c92                __fixsfsi
 .text.avr-libc.fplib
                0x00004ca0       0x5e c:/program files (x86)/atmel/studio/7.0/toolchain/avr8/avr8-gnu-toolchain/bin/../lib/gcc/avr/5.4.0/../../../../avr/lib/avrxmega6\libm.a(fixunssfsi.o)
                0x00004ca0                __fixunssfsi
 .text.avr-libc.fplib
                0x00004cfe       0x7a c:/program files (x86)/atmel/studio/7.0/toolchain/avr8/avr8-gnu-toolchain/bin/../lib/gcc/avr/5.4.0/../../../../avr/lib/avrxmega6\libm.a(floatsisf.o)
                0x00004cfe                __floatunsisf
                0x00004d02                __floatsisf
 .text.avr-libc.fplib
                0x00004d78        0xc c:/program files (x86)/atmel/studio/7.0/toolchain/avr8/avr8-gnu-toolchain/bin/../lib/gcc/avr/5.4.0/../../../../avr/lib/avrxmega6\libm.a(fp_inf.o)
                0x00004d78                __fp_inf
 .text.avr-libc.fplib
                0x00004d84        0x6 c:/program files (x86)/atmel/studio/7.0/toolchain/avr8/avr8-gnu-toolchain/bin/../lib/gcc/avr/5.4.0/../../../../avr/lib/avrxmega6\libm.a(fp_nan.o)
                0x00004d84                __fp_nan
 .text.avr-libc.fplib
                0x00004d8a       0x4e c:/program files (x86)/atmel/studio/7.0/toolchain/avr8/avr8-gnu-toolchain/bin/../lib/gcc/avr/5.4.0/../../../../avr/lib/avrxmega6\libm.a(fp_powser.o)
                0x00004d8a                __fp_powser
 .text.avr-libc.fplib
                0x00004dd8        0xe c:/program files (x86)/atmel/studio/7.0/toolchain/avr8/avr8-gnu-toolchain/bin/../lib/gcc/avr/5.4.0/../../../../avr/lib/avrxmega6\libm.a(fp_pscA.o)
                0x00004dd8                __fp_pscA
 .text.avr-libc.fplib
                0x00004de6        0xe c:/program files (x86)/atmel/studio/7.0/toolchain/avr8/avr8-gnu-toolchain/bin/../lib/gcc/avr/5.4.0/../../../../avr/lib/avrxmega6\libm.a(fp_pscB.o)
                0x00004de6                __fp_pscB
 .text.avr-libc.fplib
                0x00004df4       0x56 c:/program files (x86)/atmel/studio/7.0/toolchain/avr8/avr8-gnu-toolchain/bin/../lib/gcc/avr/5.4.0/../../../../avr/lib/avrxmega6\libm.a(fp_rempio2.o)
                0x00004df8                __fp_rempio2
 .text.avr-libc.fplib
                0x00004e4a       0x22 c:/program files (x86)/atmel/studio/7.0/toolchain/avr8/avr8-gnu-toolchain/bin/../lib/gcc/avr/5.4.0/../../../../avr/lib/avrxmega6\libm.a(fp_round.o)
                0x00004e4a                __fp_round
 .text.avr-libc.fplib
                0x00004e6c       0x28 c:/program files (x86)/atmel/studio/7.0/toolchain/avr8/avr8-gnu-toolchain/bin/../lib/gcc/avr/5.4.0/../../../../avr/lib/avrxmega6\libm.a(fp_sinus.o)
                0x00004e6c                __fp_sinus
 .text.avr-libc.fplib
                0x00004e94       0x44 c:/program files (x86)/atmel/studio/7.0/toolchain/avr8/avr8-gnu-toolchain/bin/../lib/gcc/avr/5.4.0/../../../../avr/lib/avrxmega6\libm.a(fp_split3.o)
                0x00004e94                __fp_split3
                0x00004ea4                __fp_splitA
 .text.avr-libc.fplib
                0x00004ed8        0xe c:/program files (x86)/atmel/studio/7.0/toolchain/avr8/avr8-gnu-toolchain/bin/../lib/gcc/avr/5.4.0/../../../../avr/lib/avrxmega6\libm.a(fp_zero.o)
                0x00004ed8                __fp_zero
                0x00004eda                __fp_szero
 .text.avr-libc.fplib
                0x00004ee6       0x10 c:/program files (x86)/atmel/studio/7.0/toolchain/avr8/avr8-gnu-toolchain/bin/../lib/gcc/avr/5.4.0/../../../../avr/lib/avrxmega6\libm.a(inverse.o)
                0x00004ee6                inverse
 .text.avr-libc.fplib
                0x00004ef6        0x8 c:/program files (x86)/atmel/studio/7.0/toolchain/avr8/avr8-gnu-toolchain/bin/../lib/gcc/avr/5.4.0/../../../../avr/lib/avrxmega6\libm.a(mulsf3.o)
                0x00004ef6                __mulsf3
 .text.avr-libc.fplib
                0x00004efe       0xd2 c:/program files (x86)/atmel/studio/7.0/toolchain/avr8/avr8-gnu-toolchain/bin/../lib/gcc/avr/5.4.0/../../../../avr/lib/avrxmega6\libm.a(mulsf3x.o)
                0x00004f1c                __mulsf3x
                0x00004f22                __mulsf3_pse
 .text.avr-libc.fplib
                0x00004fd0       0x10 c:/program files (x86)/atmel/studio/7.0/toolchain/avr8/avr8-gnu-toolchain/bin/../lib/gcc/avr/5.4.0/../../../../avr/lib/avrxmega6\libm.a(sin.o)
                0x00004fd0                sin
 .text.avr-libc.fplib
                0x00004fe0       0x8c c:/program files (x86)/atmel/studio/7.0/toolchain/avr8/avr8-gnu-toolchain/bin/../lib/gcc/avr/5.4.0/../../../../avr/lib/avrxmega6\libm.a(sqrt.o)
                0x00004fec                sqrtf
                0x00004fec                sqrt
 .text.avr-libc.fplib
                0x0000506c        0x8 c:/program files (x86)/atmel/studio/7.0/toolchain/avr8/avr8-gnu-toolchain/bin/../lib/gcc/avr/5.4.0/../../../../avr/lib/avrxmega6\libm.a(square.o)
                0x0000506c                square
 .text.avr-libc.fplib
                0x00005074       0x1c c:/program files (x86)/atmel/studio/7.0/toolchain/avr8/avr8-gnu-toolchain/bin/../lib/gcc/avr/5.4.0/../../../../avr/lib/avrxmega6\libm.a(fp_mpack.o)
                0x00005074                __fp_mpack
                0x00005078                __fp_mpack_finite
 .text.avr-libc.fplib
                0x00005090        0xe c:/program files (x86)/atmel/studio/7.0/toolchain/avr8/avr8-gnu-toolchain/bin/../lib/gcc/avr/5.4.0/../../../../avr/lib/avrxmega6\libm.a(fp_norm2.o)
                0x00005090                __fp_norm2
 .text.avr-libc.fplib
                0x0000509e       0x28 c:/program files (x86)/atmel/studio/7.0/toolchain/avr8/avr8-gnu-toolchain/bin/../lib/gcc/avr/5.4.0/../../../../avr/lib/avrxmega6\libm.a(fp_powsodd.o)
                0x0000509e                __fp_powsodd
 .text.libgcc.div
                0x000050c6       0x28 c:/program files (x86)/atmel/studio/7.0/toolchain/avr8/avr8-gnu-toolchain/bin/../lib/gcc/avr/5.4.0/avrxmega6\libgcc.a(_divmodhi4.o)
                0x000050c6                _div
                0x000050c6                __divmodhi4
 .text.libgcc.div
                0x000050ee       0x44 c:/program files (x86)/atmel/studio/7.0/toolchain/avr8/avr8-gnu-toolchain/bin/../lib/gcc/avr/5.4.0/avrxmega6\libgcc.a(_udivmodsi4.o)
                0x000050ee                __udivmodsi4
 .text.libgcc   0x00005132       0x10 c:/program files (x86)/atmel/studio/7.0/toolchain/avr8/avr8-gnu-toolchain/bin/../lib/gcc/avr/5.4.0/avrxmega6\libgcc.a(_tablejump2.o)
                0x00005132                __tablejump2__
 .text.libgcc.mul
                0x00005142       0x1e c:/program files (x86)/atmel/studio/7.0/toolchain/avr8/avr8-gnu-toolchain/bin/../lib/gcc/avr/5.4.0/avrxmega6\libgcc.a(_umulhisi3.o)
                0x00005142                __umulhisi3
 .text.libgcc.div
                0x00005160       0x28 c:/program files (x86)/atmel/studio/7.0/toolchain/avr8/avr8-gnu-toolchain/bin/../lib/gcc/avr/5.4.0/avrxmega6\libgcc.a(_udivmodhi4.o)
                0x00005160                __udivmodhi4
 .text.avr-libc
                0x00005188       0x12 c:/program files (x86)/atmel/studio/7.0/toolchain/avr8/avr8-gnu-toolchain/bin/../lib/gcc/avr/5.4.0/../../../../avr/lib/avrxmega6\libc.a(memcpy.o)
                0x00005188                memcpy
 .text.avr-libc
                0x0000519a        0xe c:/program files (x86)/atmel/studio/7.0/toolchain/avr8/avr8-gnu-toolchain/bin/../lib/gcc/avr/5.4.0/../../../../avr/lib/avrxmega6\libc.a(memset.o)
                0x0000519a                memset
 .text.avr-libc
                0x000051a8       0x1e c:/program files (x86)/atmel/studio/7.0/toolchain/avr8/avr8-gnu-toolchain/bin/../lib/gcc/avr/5.4.0/../../../../avr/lib/avrxmega6\libc.a(strncpy.o)
                0x000051a8                strncpy
 .text.avr-libc
                0x000051c6       0x16 c:/program files (x86)/atmel/studio/7.0/toolchain/avr8/avr8-gnu-toolchain/bin/../lib/gcc/avr/5.4.0/../../../../avr/lib/avrxmega6\libc.a(itoa_ncheck.o)
                0x000051c6                __itoa_ncheck
 .text.avr-libc
                0x000051dc       0x16 c:/program files (x86)/atmel/studio/7.0/toolchain/avr8/avr8-gnu-toolchain/bin/../lib/gcc/avr/5.4.0/../../../../avr/lib/avrxmega6\libc.a(ultoa.o)
                0x000051dc                ultoa
                0x000051dc                __ultoa
 .text.avr-libc
                0x000051f2       0x44 c:/program files (x86)/atmel/studio/7.0/toolchain/avr8/avr8-gnu-toolchain/bin/../lib/gcc/avr/5.4.0/../../../../avr/lib/avrxmega6\libc.a(ultoa_ncheck.o)
                0x000051f2                __ultoa_ncheck
                0x000051f4                __ultoa_common
 .text.avr-libc
                0x00005236       0x16 c:/program files (x86)/atmel/studio/7.0/toolchain/avr8/avr8-gnu-toolchain/bin/../lib/gcc/avr/5.4.0/../../../../avr/lib/avrxmega6\libc.a(utoa.o)
                0x00005236                __utoa
                0x00005236                utoa
 .text.avr-libc
                0x0000524c       0x34 c:/program files (x86)/atmel/studio/7.0/toolchain/avr8/avr8-gnu-toolchain/bin/../lib/gcc/avr/5.4.0/../../../../avr/lib/avrxmega6\libc.a(utoa_ncheck.o)
                0x0000524c                __utoa_ncheck
                0x0000524e                __utoa_common
 .text.avr-libc
                0x00005280       0x20 c:/program files (x86)/atmel/studio/7.0/toolchain/avr8/avr8-gnu-toolchain/bin/../lib/gcc/avr/5.4.0/../../../../avr/lib/avrxmega6\libc.a(strrev.o)
                0x00005280                strrev
                0x000052a0                . = ALIGN (0x2)
 *(.fini9)
 .fini9         0x000052a0        0x0 c:/program files (x86)/atmel/studio/7.0/toolchain/avr8/avr8-gnu-toolchain/bin/../lib/gcc/avr/5.4.0/avrxmega6\libgcc.a(_exit.o)
                0x000052a0                _exit
                0x000052a0                exit
 *(.fini9)
 *(.fini8)
 *(.fini8)
 *(.fini7)
 *(.fini7)
 *(.fini6)
 *(.fini6)
 *(.fini5)
 *(.fini5)
 *(.fini4)
 *(.fini4)
 *(.fini3)
 *(.fini3)
 *(.fini2)
 *(.fini2)
 *(.fini1)
 *(.fini1)
 *(.fini0)
 .fini0         0x000052a0        0x4 c:/program files (x86)/atmel/studio/7.0/toolchain/avr8/avr8-gnu-toolchain/bin/../lib/gcc/avr/5.4.0/avrxmega6\libgcc.a(_exit.o)
 *(.fini0)
                0x000052a4                _etext = .

.data           0x00802000      0x12e load address 0x000052a4
                0x00802000                PROVIDE (__data_start, .)
 *(.data)
 *(.data*)
 .data.setpoint_l_2
                0x00802000        0x2 Source/task_user.o
                0x00802000                setpoint_l_2
 .data.setpoint_l_1
                0x00802002        0x2 Source/task_user.o
                0x00802002                setpoint_l_1
 .data.xFreeBytesRemaining
                0x00802004        0x2 Source/lib/freertos/heap_2.o
 .data.xNextTaskUnblockTime
                0x00802006        0x4 Source/lib/freertos/tasks.o
 *(.gnu.linkonce.d*)
 *(.rodata)
 *(.rodata*)
 .rodata.str1.1
                0x0080200a       0x1d Source/task_motor.o
 .rodata._ZTV10task_motor
                0x00802027        0x8 Source/task_motor.o
                0x00802027                _ZTV10task_motor
 .rodata.str1.1
                0x0080202f       0x84 Source/task_Robot_State.o
                                 0x86 (size before relaxing)
 .rodata._ZTV16task_Robot_State
                0x008020b3        0x8 Source/task_Robot_State.o
                0x008020b3                _ZTV16task_Robot_State
 .rodata.str1.1
                0x008020bb        0x5 Source/lib/freertos/tasks.o
 .rodata._ZTV8frt_task
                0x008020c0        0x8 Source/lib/frtcpp/frt_task_status.o
                0x008020c0                _ZTV8frt_task
 .rodata._ZTV14frt_text_queue
                0x008020c8       0x10 Source/lib/frtcpp/frt_text_queue.o
                0x008020c8                _ZTV14frt_text_queue
 .rodata._ZTV8emstream
                0x008020d8       0x10 Source/lib/serial/emstream.o
                0x008020d8                _ZTV8emstream
 .rodata._ZTV5rs232
                0x008020e8       0x10 Source/lib/serial/rs232int.o
                0x008020e8                _ZTV5rs232
 .rodata.str1.1
                0x008020f8       0x35 Source/main.o
 *(.gnu.linkonce.r*)
                0x0080212e                . = ALIGN (0x2)
 *fill*         0x0080212d        0x1 
                0x0080212e                _edata = .
                0x0080212e                PROVIDE (__data_end, .)

.bss            0x0080212e     0x1112
                0x0080212e                PROVIDE (__bss_start, .)
 *(.bss)
 *(.bss*)
 .bss.setpoint_a_1
                0x0080212e        0x2 Source/task_motor.o
                0x0080212e                setpoint_a_1
 .bss.LinearDistance
                0x00802130        0x2 Source/task_motor.o
                0x00802130                LinearDistance
 .bss.pwm_ang_2
                0x00802132        0x2 Source/task_motor.o
                0x00802132                pwm_ang_2
 .bss.pwm_ang_1
                0x00802134        0x2 Source/task_motor.o
                0x00802134                pwm_ang_1
 .bss.pwm_lin_2
                0x00802136        0x2 Source/task_motor.o
                0x00802136                pwm_lin_2
 .bss.pwm_lin_1
                0x00802138        0x2 Source/task_motor.o
                0x00802138                pwm_lin_1
 .bss.esum_a_2  0x0080213a        0x2 Source/task_motor.o
                0x0080213a                esum_a_2
 .bss.esum_a_1  0x0080213c        0x2 Source/task_motor.o
                0x0080213c                esum_a_1
 .bss.esum_l_2  0x0080213e        0x2 Source/task_motor.o
                0x0080213e                esum_l_2
 .bss.esum_l_1  0x00802140        0x2 Source/task_motor.o
                0x00802140                esum_l_1
 .bss.pwm_tot_2
                0x00802142        0x2 Source/task_motor.o
                0x00802142                pwm_tot_2
 .bss.pwm_tot_1
                0x00802144        0x2 Source/task_motor.o
                0x00802144                pwm_tot_1
 .bss.Robot_Angle_Theta_INERT
                0x00802146        0x2 Source/task_Robot_State.o
                0x00802146                Robot_Angle_Theta_INERT
 .bss.Robot_Pos_Y_INERT
                0x00802148        0x2 Source/task_Robot_State.o
                0x00802148                Robot_Pos_Y_INERT
 .bss.Robot_Pos_X_INERT
                0x0080214a        0x2 Source/task_Robot_State.o
                0x0080214a                Robot_Pos_X_INERT
 .bss.tc_tcf0_ccd_callback
                0x0080214c        0x2 src/ASF/xmega/drivers/tc/tc.o
 .bss.tc_tcf0_ccc_callback
                0x0080214e        0x2 src/ASF/xmega/drivers/tc/tc.o
 .bss.tc_tcf0_ccb_callback
                0x00802150        0x2 src/ASF/xmega/drivers/tc/tc.o
 .bss.tc_tcf0_cca_callback
                0x00802152        0x2 src/ASF/xmega/drivers/tc/tc.o
 .bss.tc_tcf0_err_callback
                0x00802154        0x2 src/ASF/xmega/drivers/tc/tc.o
 .bss.tc_tcf0_ovf_callback
                0x00802156        0x2 src/ASF/xmega/drivers/tc/tc.o
 .bss.tc_tce1_ccb_callback
                0x00802158        0x2 src/ASF/xmega/drivers/tc/tc.o
 .bss.tc_tce1_err_callback
                0x0080215a        0x2 src/ASF/xmega/drivers/tc/tc.o
 .bss.tc_tce1_ovf_callback
                0x0080215c        0x2 src/ASF/xmega/drivers/tc/tc.o
 .bss.tc_tce0_ccd_callback
                0x0080215e        0x2 src/ASF/xmega/drivers/tc/tc.o
 .bss.tc_tce0_ccc_callback
                0x00802160        0x2 src/ASF/xmega/drivers/tc/tc.o
 .bss.tc_tce0_ccb_callback
                0x00802162        0x2 src/ASF/xmega/drivers/tc/tc.o
 .bss.tc_tce0_cca_callback
                0x00802164        0x2 src/ASF/xmega/drivers/tc/tc.o
 .bss.tc_tce0_err_callback
                0x00802166        0x2 src/ASF/xmega/drivers/tc/tc.o
 .bss.tc_tce0_ovf_callback
                0x00802168        0x2 src/ASF/xmega/drivers/tc/tc.o
 .bss.tc_tcd1_ccb_callback
                0x0080216a        0x2 src/ASF/xmega/drivers/tc/tc.o
 .bss.tc_tcd1_cca_callback
                0x0080216c        0x2 src/ASF/xmega/drivers/tc/tc.o
 .bss.tc_tcd1_err_callback
                0x0080216e        0x2 src/ASF/xmega/drivers/tc/tc.o
 .bss.tc_tcd1_ovf_callback
                0x00802170        0x2 src/ASF/xmega/drivers/tc/tc.o
 .bss.tc_tcd0_ccd_callback
                0x00802172        0x2 src/ASF/xmega/drivers/tc/tc.o
 .bss.tc_tcd0_ccc_callback
                0x00802174        0x2 src/ASF/xmega/drivers/tc/tc.o
 .bss.tc_tcd0_ccb_callback
                0x00802176        0x2 src/ASF/xmega/drivers/tc/tc.o
 .bss.tc_tcd0_cca_callback
                0x00802178        0x2 src/ASF/xmega/drivers/tc/tc.o
 .bss.tc_tcd0_err_callback
                0x0080217a        0x2 src/ASF/xmega/drivers/tc/tc.o
 .bss.tc_tcd0_ovf_callback
                0x0080217c        0x2 src/ASF/xmega/drivers/tc/tc.o
 .bss.tc_tcc1_ccb_callback
                0x0080217e        0x2 src/ASF/xmega/drivers/tc/tc.o
 .bss.tc_tcc1_cca_callback
                0x00802180        0x2 src/ASF/xmega/drivers/tc/tc.o
 .bss.tc_tcc1_err_callback
                0x00802182        0x2 src/ASF/xmega/drivers/tc/tc.o
 .bss.tc_tcc1_ovf_callback
                0x00802184        0x2 src/ASF/xmega/drivers/tc/tc.o
 .bss.tc_tcc0_ccd_callback
                0x00802186        0x2 src/ASF/xmega/drivers/tc/tc.o
 .bss.tc_tcc0_ccc_callback
                0x00802188        0x2 src/ASF/xmega/drivers/tc/tc.o
 .bss.tc_tcc0_ccb_callback
                0x0080218a        0x2 src/ASF/xmega/drivers/tc/tc.o
 .bss.tc_tcc0_cca_callback
                0x0080218c        0x2 src/ASF/xmega/drivers/tc/tc.o
 .bss.tc_tcc0_err_callback
                0x0080218e        0x2 src/ASF/xmega/drivers/tc/tc.o
 .bss.tc_tcc0_ovf_callback
                0x00802190        0x2 src/ASF/xmega/drivers/tc/tc.o
 .bss.xHeapHasBeenInitialised.4150
                0x00802192        0x1 Source/lib/freertos/heap_2.o
 .bss.xEnd      0x00802193        0x4 Source/lib/freertos/heap_2.o
 .bss.xStart    0x00802197        0x4 Source/lib/freertos/heap_2.o
 .bss.xHeap     0x0080219b      0xfff Source/lib/freertos/heap_2.o
 .bss.uxTaskNumber
                0x0080319a        0x1 Source/lib/freertos/tasks.o
 .bss.xNumOfOverflows
                0x0080319b        0x1 Source/lib/freertos/tasks.o
 .bss.xMissedYield
                0x0080319c        0x1 Source/lib/freertos/tasks.o
 .bss.uxMissedTicks
                0x0080319d        0x1 Source/lib/freertos/tasks.o
 .bss.uxSchedulerSuspended
                0x0080319e        0x1 Source/lib/freertos/tasks.o
 .bss.xSchedulerRunning
                0x0080319f        0x1 Source/lib/freertos/tasks.o
 .bss.uxTopReadyPriority
                0x008031a0        0x1 Source/lib/freertos/tasks.o
 .bss.uxTopUsedPriority
                0x008031a1        0x1 Source/lib/freertos/tasks.o
 .bss.xTickCount
                0x008031a2        0x4 Source/lib/freertos/tasks.o
 .bss.uxCurrentNumberOfTasks
                0x008031a6        0x1 Source/lib/freertos/tasks.o
 .bss.xIdleTaskHandle
                0x008031a7        0x2 Source/lib/freertos/tasks.o
 .bss.xPendingReadyList
                0x008031a9        0xb Source/lib/freertos/tasks.o
 .bss.pxOverflowDelayedTaskList
                0x008031b4        0x2 Source/lib/freertos/tasks.o
 .bss.pxDelayedTaskList
                0x008031b6        0x2 Source/lib/freertos/tasks.o
 .bss.xDelayedTaskList2
                0x008031b8        0xb Source/lib/freertos/tasks.o
 .bss.xDelayedTaskList1
                0x008031c3        0xb Source/lib/freertos/tasks.o
 .bss.pxReadyTasksLists
                0x008031ce       0x2c Source/lib/freertos/tasks.o
 .bss.pxCurrentTCB
                0x008031fa        0x2 Source/lib/freertos/tasks.o
                0x008031fa                pxCurrentTCB
 .bss.last_created_task_pointer
                0x008031fc        0x2 Source/lib/frtcpp/frt_task.o
                0x008031fc                last_created_task_pointer
 .bss.rcvF0_write_index
                0x008031fe        0x2 Source/lib/serial/rs232int.o
                0x008031fe                rcvF0_write_index
 .bss.rcvE1_write_index
                0x00803200        0x2 Source/lib/serial/rs232int.o
                0x00803200                rcvE1_write_index
 .bss.rcvE0_write_index
                0x00803202        0x2 Source/lib/serial/rs232int.o
                0x00803202                rcvE0_write_index
 .bss.rcvD1_write_index
                0x00803204        0x2 Source/lib/serial/rs232int.o
                0x00803204                rcvD1_write_index
 .bss.rcvD0_write_index
                0x00803206        0x2 Source/lib/serial/rs232int.o
                0x00803206                rcvD0_write_index
 .bss.rcvC1_write_index
                0x00803208        0x2 Source/lib/serial/rs232int.o
                0x00803208                rcvC1_write_index
 .bss.rcvC0_write_index
                0x0080320a        0x2 Source/lib/serial/rs232int.o
                0x0080320a                rcvC0_write_index
 .bss.rcvF0_read_index
                0x0080320c        0x2 Source/lib/serial/rs232int.o
                0x0080320c                rcvF0_read_index
 .bss.rcvE1_read_index
                0x0080320e        0x2 Source/lib/serial/rs232int.o
                0x0080320e                rcvE1_read_index
 .bss.rcvE0_read_index
                0x00803210        0x2 Source/lib/serial/rs232int.o
                0x00803210                rcvE0_read_index
 .bss.rcvD1_read_index
                0x00803212        0x2 Source/lib/serial/rs232int.o
                0x00803212                rcvD1_read_index
 .bss.rcvD0_read_index
                0x00803214        0x2 Source/lib/serial/rs232int.o
                0x00803214                rcvD0_read_index
 .bss.rcvC1_read_index
                0x00803216        0x2 Source/lib/serial/rs232int.o
                0x00803216                rcvC1_read_index
 .bss.rcvC0_read_index
                0x00803218        0x2 Source/lib/serial/rs232int.o
                0x00803218                rcvC0_read_index
 .bss.rcvF0_buffer
                0x0080321a        0x2 Source/lib/serial/rs232int.o
                0x0080321a                rcvF0_buffer
 .bss.rcvE1_buffer
                0x0080321c        0x2 Source/lib/serial/rs232int.o
                0x0080321c                rcvE1_buffer
 .bss.rcvE0_buffer
                0x0080321e        0x2 Source/lib/serial/rs232int.o
                0x0080321e                rcvE0_buffer
 .bss.rcvD1_buffer
                0x00803220        0x2 Source/lib/serial/rs232int.o
                0x00803220                rcvD1_buffer
 .bss.rcvD0_buffer
                0x00803222        0x2 Source/lib/serial/rs232int.o
                0x00803222                rcvD0_buffer
 .bss.rcvC1_buffer
                0x00803224        0x2 Source/lib/serial/rs232int.o
                0x00803224                rcvC1_buffer
 .bss.rcvC0_buffer
                0x00803226        0x2 Source/lib/serial/rs232int.o
                0x00803226                rcvC0_buffer
 .bss.print_ser_queue
                0x00803228       0x10 Source/main.o
                0x00803228                print_ser_queue
 *(COMMON)
 COMMON         0x00803238        0x6 src/ASF/common/services/sleepmgr/xmega/sleepmgr.o
                0x00803238                sleepmgr_locks
 COMMON         0x0080323e        0x2 Source/lib/freertos/port.o
                0x0080323e                portStackTopForTask
                0x00803240                PROVIDE (__bss_end, .)
                0x000052a4                __data_load_start = LOADADDR (.data)
                0x000053d2                __data_load_end = (__data_load_start + SIZEOF (.data))

.noinit         0x00803240        0x0
                [!provide]                PROVIDE (__noinit_start, .)
 *(.noinit*)
                [!provide]                PROVIDE (__noinit_end, .)
                0x00803240                _end = .
                [!provide]                PROVIDE (__heap_start, .)

.eeprom         0x00810000        0x0
 *(.eeprom*)
                0x00810000                __eeprom_end = .

.fuse
 *(.fuse)
 *(.lfuse)
 *(.hfuse)
 *(.efuse)

.lock
 *(.lock*)

.signature
 *(.signature*)

.user_signatures
 *(.user_signatures*)

.stab
 *(.stab)

.stabstr
 *(.stabstr)

.stab.excl
 *(.stab.excl)

.stab.exclstr
 *(.stab.exclstr)

.stab.index
 *(.stab.index)

.stab.indexstr
 *(.stab.indexstr)

.comment        0x00000000       0x30
 *(.comment)
 .comment       0x00000000       0x30 Source/motorDriver.o
                                 0x31 (size before relaxing)
 .comment       0x00000030       0x31 Source/qdec_driver.o
 .comment       0x00000030       0x31 Source/task_motor.o
 .comment       0x00000030       0x31 Source/task_Robot_State.o
 .comment       0x00000030       0x31 Source/task_user.o
 .comment       0x00000030       0x31 Source/xmega_util.o
 .comment       0x00000030       0x31 src/ASF/common/services/clock/xmega/sysclk.o
 .comment       0x00000030       0x31 src/ASF/common/services/sleepmgr/xmega/sleepmgr.o
 .comment       0x00000030       0x31 src/ASF/xmega/drivers/tc/tc.o
 .comment       0x00000030       0x31 src/ASF/xmega/services/pwm/pwm.o
 .comment       0x00000030       0x31 Source/lib/freertos/heap_2.o
 .comment       0x00000030       0x31 Source/lib/freertos/list.o
 .comment       0x00000030       0x31 Source/lib/freertos/port.o
 .comment       0x00000030       0x31 Source/lib/freertos/queue.o
 .comment       0x00000030       0x31 Source/lib/freertos/tasks.o
 .comment       0x00000030       0x31 Source/lib/frtcpp/frt_task.o
 .comment       0x00000030       0x31 Source/lib/frtcpp/frt_task_status.o
 .comment       0x00000030       0x31 Source/lib/frtcpp/frt_text_queue.o
 .comment       0x00000030       0x31 Source/lib/misc/mechutil.o
 .comment       0x00000030       0x31 Source/lib/serial/base232.o
 .comment       0x00000030       0x31 Source/lib/serial/emstream.o
 .comment       0x00000030       0x31 Source/lib/serial/emstream_bool.o
 .comment       0x00000030       0x31 Source/lib/serial/emstream_int16_t.o
 .comment       0x00000030       0x31 Source/lib/serial/emstream_uint16_t.o
 .comment       0x00000030       0x31 Source/lib/serial/emstream_uint32_t.o
 .comment       0x00000030       0x31 Source/lib/serial/emstream_uint8_t.o
 .comment       0x00000030       0x31 Source/lib/serial/rs232int.o
 .comment       0x00000030       0x31 Source/main.o

.note.gnu.avr.deviceinfo
                0x00000000       0x40
 .note.gnu.avr.deviceinfo
                0x00000000       0x40 C:/Program Files (x86)/Atmel/Studio/7.0/Packs/atmel/XMEGAA_DFP/1.1.68/gcc/dev/atxmega128a3u/avrxmega6/crtatxmega128a3u.o

.note.gnu.build-id
 *(.note.gnu.build-id)

.debug
 *(.debug)

.line
 *(.line)

.debug_srcinfo
 *(.debug_srcinfo)

.debug_sfnames
 *(.debug_sfnames)

.debug_aranges  0x00000000      0x8c8
 *(.debug_aranges)
 .debug_aranges
                0x00000000       0x90 Source/motorDriver.o
 .debug_aranges
                0x00000090       0x68 Source/qdec_driver.o
 .debug_aranges
                0x000000f8       0x28 Source/task_motor.o
 .debug_aranges
                0x00000120       0x28 Source/task_Robot_State.o
 .debug_aranges
                0x00000148       0x38 Source/task_user.o
 .debug_aranges
                0x00000180       0x28 Source/xmega_util.o
 .debug_aranges
                0x000001a8       0x40 src/ASF/common/services/clock/xmega/sysclk.o
 .debug_aranges
                0x000001e8       0x18 src/ASF/common/services/sleepmgr/xmega/sleepmgr.o
 .debug_aranges
                0x00000200      0x170 src/ASF/xmega/drivers/tc/tc.o
 .debug_aranges
                0x00000370       0x30 src/ASF/xmega/services/pwm/pwm.o
 .debug_aranges
                0x000003a0       0x38 Source/lib/freertos/heap_2.o
 .debug_aranges
                0x000003d8       0x40 Source/lib/freertos/list.o
 .debug_aranges
                0x00000418       0x48 Source/lib/freertos/port.o
 .debug_aranges
                0x00000460       0x98 Source/lib/freertos/queue.o
 .debug_aranges
                0x000004f8       0xf0 Source/lib/freertos/tasks.o
 .debug_aranges
                0x000005e8       0x40 Source/lib/frtcpp/frt_task.o
 .debug_aranges
                0x00000628       0x38 Source/lib/frtcpp/frt_task_status.o
 .debug_aranges
                0x00000660       0x38 Source/lib/frtcpp/frt_text_queue.o
 .debug_aranges
                0x00000698       0x60 Source/lib/misc/mechutil.o
 .debug_aranges
                0x000006f8       0x30 Source/lib/serial/base232.o
 .debug_aranges
                0x00000728       0x60 Source/lib/serial/emstream.o
 .debug_aranges
                0x00000788       0x20 Source/lib/serial/emstream_bool.o
 .debug_aranges
                0x000007a8       0x20 Source/lib/serial/emstream_int16_t.o
 .debug_aranges
                0x000007c8       0x20 Source/lib/serial/emstream_uint16_t.o
 .debug_aranges
                0x000007e8       0x20 Source/lib/serial/emstream_uint32_t.o
 .debug_aranges
                0x00000808       0x20 Source/lib/serial/emstream_uint8_t.o
 .debug_aranges
                0x00000828       0x78 Source/lib/serial/rs232int.o
 .debug_aranges
                0x000008a0       0x28 Source/main.o

.debug_pubnames
 *(.debug_pubnames)

.debug_info     0x00000000    0x15c11
 *(.debug_info .gnu.linkonce.wi.*)
 .debug_info    0x00000000     0x3409 C:/Program Files (x86)/Atmel/Studio/7.0/Packs/atmel/XMEGAA_DFP/1.1.68/gcc/dev/atxmega128a3u/avrxmega6/crtatxmega128a3u.o
 .debug_info    0x00003409     0x1040 Source/motorDriver.o
 .debug_info    0x00004449     0x187a Source/qdec_driver.o
 .debug_info    0x00005cc3     0x11ab Source/task_motor.o
 .debug_info    0x00006e6e     0x1e1d Source/task_Robot_State.o
 .debug_info    0x00008c8b     0x1acc Source/task_user.o
 .debug_info    0x0000a757      0x2c3 Source/xmega_util.o
 .debug_info    0x0000aa1a      0x713 src/ASF/common/services/clock/xmega/sysclk.o
 .debug_info    0x0000b12d      0x129 src/ASF/common/services/sleepmgr/xmega/sleepmgr.o
 .debug_info    0x0000b256     0x1918 src/ASF/xmega/drivers/tc/tc.o
 .debug_info    0x0000cb6e     0x137a src/ASF/xmega/services/pwm/pwm.o
 .debug_info    0x0000dee8      0x313 Source/lib/freertos/heap_2.o
 .debug_info    0x0000e1fb      0x2c9 Source/lib/freertos/list.o
 .debug_info    0x0000e4c4      0x89f Source/lib/freertos/port.o
 .debug_info    0x0000ed63      0xde2 Source/lib/freertos/queue.o
 .debug_info    0x0000fb45     0x1305 Source/lib/freertos/tasks.o
 .debug_info    0x00010e4a      0x9eb Source/lib/frtcpp/frt_task.o
 .debug_info    0x00011835     0x10e6 Source/lib/frtcpp/frt_task_status.o
 .debug_info    0x0001291b      0x410 Source/lib/frtcpp/frt_text_queue.o
 .debug_info    0x00012d2b      0x29c Source/lib/misc/mechutil.o
 .debug_info    0x00012fc7      0x482 Source/lib/serial/base232.o
 .debug_info    0x00013449      0xa2f Source/lib/serial/emstream.o
 .debug_info    0x00013e78      0x113 Source/lib/serial/emstream_bool.o
 .debug_info    0x00013f8b      0x27d Source/lib/serial/emstream_int16_t.o
 .debug_info    0x00014208      0x2b8 Source/lib/serial/emstream_uint16_t.o
 .debug_info    0x000144c0      0x2e0 Source/lib/serial/emstream_uint32_t.o
 .debug_info    0x000147a0      0x2d8 Source/lib/serial/emstream_uint8_t.o
 .debug_info    0x00014a78      0x907 Source/lib/serial/rs232int.o
 .debug_info    0x0001537f      0x892 Source/main.o

.debug_abbrev   0x00000000     0x6dac
 *(.debug_abbrev)
 .debug_abbrev  0x00000000     0x3148 C:/Program Files (x86)/Atmel/Studio/7.0/Packs/atmel/XMEGAA_DFP/1.1.68/gcc/dev/atxmega128a3u/avrxmega6/crtatxmega128a3u.o
 .debug_abbrev  0x00003148      0x2c2 Source/motorDriver.o
 .debug_abbrev  0x0000340a      0x254 Source/qdec_driver.o
 .debug_abbrev  0x0000365e      0x372 Source/task_motor.o
 .debug_abbrev  0x000039d0      0x377 Source/task_Robot_State.o
 .debug_abbrev  0x00003d47      0x39a Source/task_user.o
 .debug_abbrev  0x000040e1      0x115 Source/xmega_util.o
 .debug_abbrev  0x000041f6      0x218 src/ASF/common/services/clock/xmega/sysclk.o
 .debug_abbrev  0x0000440e       0x84 src/ASF/common/services/sleepmgr/xmega/sleepmgr.o
 .debug_abbrev  0x00004492      0x29b src/ASF/xmega/drivers/tc/tc.o
 .debug_abbrev  0x0000472d      0x278 src/ASF/xmega/services/pwm/pwm.o
 .debug_abbrev  0x000049a5      0x1ac Source/lib/freertos/heap_2.o
 .debug_abbrev  0x00004b51       0xf9 Source/lib/freertos/list.o
 .debug_abbrev  0x00004c4a      0x1fa Source/lib/freertos/port.o
 .debug_abbrev  0x00004e44      0x1f5 Source/lib/freertos/queue.o
 .debug_abbrev  0x00005039      0x2c5 Source/lib/freertos/tasks.o
 .debug_abbrev  0x000052fe      0x301 Source/lib/frtcpp/frt_task.o
 .debug_abbrev  0x000055ff      0x354 Source/lib/frtcpp/frt_task_status.o
 .debug_abbrev  0x00005953      0x1ec Source/lib/frtcpp/frt_text_queue.o
 .debug_abbrev  0x00005b3f      0x12e Source/lib/misc/mechutil.o
 .debug_abbrev  0x00005c6d      0x182 Source/lib/serial/base232.o
 .debug_abbrev  0x00005def      0x344 Source/lib/serial/emstream.o
 .debug_abbrev  0x00006133       0xc6 Source/lib/serial/emstream_bool.o
 .debug_abbrev  0x000061f9      0x183 Source/lib/serial/emstream_int16_t.o
 .debug_abbrev  0x0000637c      0x1b7 Source/lib/serial/emstream_uint16_t.o
 .debug_abbrev  0x00006533      0x1b7 Source/lib/serial/emstream_uint32_t.o
 .debug_abbrev  0x000066ea      0x1a6 Source/lib/serial/emstream_uint8_t.o
 .debug_abbrev  0x00006890      0x29f Source/lib/serial/rs232int.o
 .debug_abbrev  0x00006b2f      0x27d Source/main.o

.debug_line     0x00000000     0x79e8
 *(.debug_line .debug_line.* .debug_line_end)
 .debug_line    0x00000000      0x39d C:/Program Files (x86)/Atmel/Studio/7.0/Packs/atmel/XMEGAA_DFP/1.1.68/gcc/dev/atxmega128a3u/avrxmega6/crtatxmega128a3u.o
 .debug_line    0x0000039d      0x4e0 Source/motorDriver.o
 .debug_line    0x0000087d      0x398 Source/qdec_driver.o
 .debug_line    0x00000c15      0x3f9 Source/task_motor.o
 .debug_line    0x0000100e      0x43b Source/task_Robot_State.o
 .debug_line    0x00001449      0x57c Source/task_user.o
 .debug_line    0x000019c5      0x197 Source/xmega_util.o
 .debug_line    0x00001b5c      0x62e src/ASF/common/services/clock/xmega/sysclk.o
 .debug_line    0x0000218a      0x456 src/ASF/common/services/sleepmgr/xmega/sleepmgr.o
 .debug_line    0x000025e0      0xea1 src/ASF/xmega/drivers/tc/tc.o
 .debug_line    0x00003481      0x8a2 src/ASF/xmega/services/pwm/pwm.o
 .debug_line    0x00003d23      0x405 Source/lib/freertos/heap_2.o
 .debug_line    0x00004128      0x3da Source/lib/freertos/list.o
 .debug_line    0x00004502      0x4bb Source/lib/freertos/port.o
 .debug_line    0x000049bd      0x912 Source/lib/freertos/queue.o
 .debug_line    0x000052cf      0xb81 Source/lib/freertos/tasks.o
 .debug_line    0x00005e50      0x367 Source/lib/frtcpp/frt_task.o
 .debug_line    0x000061b7      0x39f Source/lib/frtcpp/frt_task_status.o
 .debug_line    0x00006556      0x17d Source/lib/frtcpp/frt_text_queue.o
 .debug_line    0x000066d3      0x1c9 Source/lib/misc/mechutil.o
 .debug_line    0x0000689c      0x260 Source/lib/serial/base232.o
 .debug_line    0x00006afc      0x2b4 Source/lib/serial/emstream.o
 .debug_line    0x00006db0       0x6c Source/lib/serial/emstream_bool.o
 .debug_line    0x00006e1c       0xf7 Source/lib/serial/emstream_int16_t.o
 .debug_line    0x00006f13      0x10e Source/lib/serial/emstream_uint16_t.o
 .debug_line    0x00007021      0x10e Source/lib/serial/emstream_uint32_t.o
 .debug_line    0x0000712f      0x185 Source/lib/serial/emstream_uint8_t.o
 .debug_line    0x000072b4      0x4bf Source/lib/serial/rs232int.o
 .debug_line    0x00007773      0x275 Source/main.o

.debug_frame    0x00000000     0x210c
 *(.debug_frame)
 .debug_frame   0x00000000      0x15c Source/motorDriver.o
 .debug_frame   0x0000015c      0x12c Source/qdec_driver.o
 .debug_frame   0x00000288       0x5c Source/task_motor.o
 .debug_frame   0x000002e4       0x58 Source/task_Robot_State.o
 .debug_frame   0x0000033c       0xc4 Source/task_user.o
 .debug_frame   0x00000400       0x5c Source/xmega_util.o
 .debug_frame   0x0000045c       0x94 src/ASF/common/services/clock/xmega/sysclk.o
 .debug_frame   0x000004f0      0xccc src/ASF/xmega/drivers/tc/tc.o
 .debug_frame   0x000011bc       0x84 src/ASF/xmega/services/pwm/pwm.o
 .debug_frame   0x00001240       0x7c Source/lib/freertos/heap_2.o
 .debug_frame   0x000012bc       0x84 Source/lib/freertos/list.o
 .debug_frame   0x00001340       0x74 Source/lib/freertos/port.o
 .debug_frame   0x000013b4      0x20c Source/lib/freertos/queue.o
 .debug_frame   0x000015c0      0x380 Source/lib/freertos/tasks.o
 .debug_frame   0x00001940       0xbc Source/lib/frtcpp/frt_task.o
 .debug_frame   0x000019fc       0xc4 Source/lib/frtcpp/frt_task_status.o
 .debug_frame   0x00001ac0       0xbc Source/lib/frtcpp/frt_text_queue.o
 .debug_frame   0x00001b7c       0xa4 Source/lib/misc/mechutil.o
 .debug_frame   0x00001c20       0x50 Source/lib/serial/base232.o
 .debug_frame   0x00001c70       0xc4 Source/lib/serial/emstream.o
 .debug_frame   0x00001d34       0x30 Source/lib/serial/emstream_bool.o
 .debug_frame   0x00001d64       0x40 Source/lib/serial/emstream_int16_t.o
 .debug_frame   0x00001da4       0x44 Source/lib/serial/emstream_uint16_t.o
 .debug_frame   0x00001de8       0x50 Source/lib/serial/emstream_uint32_t.o
 .debug_frame   0x00001e38       0x54 Source/lib/serial/emstream_uint8_t.o
 .debug_frame   0x00001e8c      0x224 Source/lib/serial/rs232int.o
 .debug_frame   0x000020b0       0x5c Source/main.o

.debug_str      0x00000000    0x34958
 *(.debug_str)
 .debug_str     0x00000000     0x223b C:/Program Files (x86)/Atmel/Studio/7.0/Packs/atmel/XMEGAA_DFP/1.1.68/gcc/dev/atxmega128a3u/avrxmega6/crtatxmega128a3u.o
 .debug_str     0x0000223b      0x7fe Source/motorDriver.o
                                0x936 (size before relaxing)
 .debug_str     0x00002a39     0x185f Source/qdec_driver.o
                               0x1a13 (size before relaxing)
 .debug_str     0x00004298      0x432 Source/task_motor.o
                                0xd41 (size before relaxing)
 .debug_str     0x000046ca      0x22a Source/task_Robot_State.o
                               0x183c (size before relaxing)
 .debug_str     0x000048f4      0x522 Source/task_user.o
                                0xbb1 (size before relaxing)
 .debug_str     0x00004e16      0x19b Source/xmega_util.o
                                0x458 (size before relaxing)
 .debug_str     0x00004fb1    0x29358 src/ASF/common/services/clock/xmega/sysclk.o
                              0x29c20 (size before relaxing)
 .debug_str     0x0002e309      0x33a src/ASF/common/services/sleepmgr/xmega/sleepmgr.o
                              0x28879 (size before relaxing)
 .debug_str     0x0002e643      0x665 src/ASF/xmega/drivers/tc/tc.o
                              0x2a5ea (size before relaxing)
 .debug_str     0x0002eca8      0x386 src/ASF/xmega/services/pwm/pwm.o
                              0x2a69e (size before relaxing)
 .debug_str     0x0002f02e     0x1f53 Source/lib/freertos/heap_2.o
                              0x1c02a (size before relaxing)
 .debug_str     0x00030f81      0x131 Source/lib/freertos/list.o
                              0x1b960 (size before relaxing)
 .debug_str     0x000310b2      0x9a5 Source/lib/freertos/port.o
                              0x1cb51 (size before relaxing)
 .debug_str     0x00031a57      0x8e0 Source/lib/freertos/queue.o
                              0x1c5b4 (size before relaxing)
 .debug_str     0x00032337     0x1443 Source/lib/freertos/tasks.o
                              0x1d49c (size before relaxing)
 .debug_str     0x0003377a      0x130 Source/lib/frtcpp/frt_task.o
                                0x4f8 (size before relaxing)
 .debug_str     0x000338aa      0x461 Source/lib/frtcpp/frt_task_status.o
                                0x998 (size before relaxing)
 .debug_str     0x00033d0b      0x148 Source/lib/frtcpp/frt_text_queue.o
                                0x40a (size before relaxing)
 .debug_str     0x00033e53       0xe2 Source/lib/misc/mechutil.o
                                0x2a1 (size before relaxing)
 .debug_str     0x00033f35      0x138 Source/lib/serial/base232.o
                                0x3dd (size before relaxing)
 .debug_str     0x0003406d      0x40f Source/lib/serial/emstream.o
                                0x791 (size before relaxing)
 .debug_str     0x0003447c       0x27 Source/lib/serial/emstream_bool.o
                                0x1f3 (size before relaxing)
 .debug_str     0x000344a3       0x55 Source/lib/serial/emstream_int16_t.o
                                0x25d (size before relaxing)
 .debug_str     0x000344f8       0x51 Source/lib/serial/emstream_uint16_t.o
                                0x26f (size before relaxing)
 .debug_str     0x00034549       0x42 Source/lib/serial/emstream_uint32_t.o
                                0x272 (size before relaxing)
 .debug_str     0x0003458b       0x3a Source/lib/serial/emstream_uint8_t.o
                                0x25c (size before relaxing)
 .debug_str     0x000345c5      0x2ac Source/lib/serial/rs232int.o
                                0x6ba (size before relaxing)
 .debug_str     0x00034871       0xe7 Source/main.o
                                0x912 (size before relaxing)

.debug_loc      0x00000000     0x85a0
 *(.debug_loc)
 .debug_loc     0x00000000      0x77b Source/motorDriver.o
 .debug_loc     0x0000077b      0x824 Source/qdec_driver.o
 .debug_loc     0x00000f9f      0x1b8 Source/task_motor.o
 .debug_loc     0x00001157      0x367 Source/task_Robot_State.o
 .debug_loc     0x000014be      0x602 Source/task_user.o
 .debug_loc     0x00001ac0       0xfc Source/xmega_util.o
 .debug_loc     0x00001bbc      0x2c5 src/ASF/common/services/clock/xmega/sysclk.o
 .debug_loc     0x00001e81     0x1d2b src/ASF/xmega/drivers/tc/tc.o
 .debug_loc     0x00003bac      0x5c5 src/ASF/xmega/services/pwm/pwm.o
 .debug_loc     0x00004171      0x2b1 Source/lib/freertos/heap_2.o
 .debug_loc     0x00004422      0x136 Source/lib/freertos/list.o
 .debug_loc     0x00004558      0x29b Source/lib/freertos/port.o
 .debug_loc     0x000047f3      0xd6d Source/lib/freertos/queue.o
 .debug_loc     0x00005560     0x1159 Source/lib/freertos/tasks.o
 .debug_loc     0x000066b9      0x434 Source/lib/frtcpp/frt_task.o
 .debug_loc     0x00006aed      0x56e Source/lib/frtcpp/frt_task_status.o
 .debug_loc     0x0000705b      0x2fe Source/lib/frtcpp/frt_text_queue.o
 .debug_loc     0x00007359       0xe6 Source/lib/misc/mechutil.o
 .debug_loc     0x0000743f      0x143 Source/lib/serial/base232.o
 .debug_loc     0x00007582      0x305 Source/lib/serial/emstream.o
 .debug_loc     0x00007887       0xc1 Source/lib/serial/emstream_bool.o
 .debug_loc     0x00007948      0x12c Source/lib/serial/emstream_int16_t.o
 .debug_loc     0x00007a74      0x12f Source/lib/serial/emstream_uint16_t.o
 .debug_loc     0x00007ba3      0x171 Source/lib/serial/emstream_uint32_t.o
 .debug_loc     0x00007d14      0x1cf Source/lib/serial/emstream_uint8_t.o
 .debug_loc     0x00007ee3      0x5ec Source/lib/serial/rs232int.o
 .debug_loc     0x000084cf       0xd1 Source/main.o

.debug_macinfo
 *(.debug_macinfo)

.debug_weaknames
 *(.debug_weaknames)

.debug_funcnames
 *(.debug_funcnames)

.debug_typenames
 *(.debug_typenames)

.debug_varnames
 *(.debug_varnames)

.debug_pubtypes
 *(.debug_pubtypes)

.debug_ranges   0x00000000      0x760
 *(.debug_ranges)
 .debug_ranges  0x00000000       0x80 Source/motorDriver.o
 .debug_ranges  0x00000080       0x58 Source/qdec_driver.o
 .debug_ranges  0x000000d8       0x18 Source/task_motor.o
 .debug_ranges  0x000000f0       0x18 Source/task_Robot_State.o
 .debug_ranges  0x00000108       0x28 Source/task_user.o
 .debug_ranges  0x00000130       0x18 Source/xmega_util.o
 .debug_ranges  0x00000148       0x30 src/ASF/common/services/clock/xmega/sysclk.o
 .debug_ranges  0x00000178      0x160 src/ASF/xmega/drivers/tc/tc.o
 .debug_ranges  0x000002d8       0x20 src/ASF/xmega/services/pwm/pwm.o
 .debug_ranges  0x000002f8       0x28 Source/lib/freertos/heap_2.o
 .debug_ranges  0x00000320       0x30 Source/lib/freertos/list.o
 .debug_ranges  0x00000350       0x38 Source/lib/freertos/port.o
 .debug_ranges  0x00000388       0x88 Source/lib/freertos/queue.o
 .debug_ranges  0x00000410      0x110 Source/lib/freertos/tasks.o
 .debug_ranges  0x00000520       0x30 Source/lib/frtcpp/frt_task.o
 .debug_ranges  0x00000550       0x28 Source/lib/frtcpp/frt_task_status.o
 .debug_ranges  0x00000578       0x28 Source/lib/frtcpp/frt_text_queue.o
 .debug_ranges  0x000005a0       0x50 Source/lib/misc/mechutil.o
 .debug_ranges  0x000005f0       0x20 Source/lib/serial/base232.o
 .debug_ranges  0x00000610       0x68 Source/lib/serial/emstream.o
 .debug_ranges  0x00000678       0x10 Source/lib/serial/emstream_bool.o
 .debug_ranges  0x00000688       0x10 Source/lib/serial/emstream_int16_t.o
 .debug_ranges  0x00000698       0x10 Source/lib/serial/emstream_uint16_t.o
 .debug_ranges  0x000006a8       0x10 Source/lib/serial/emstream_uint32_t.o
 .debug_ranges  0x000006b8       0x10 Source/lib/serial/emstream_uint8_t.o
 .debug_ranges  0x000006c8       0x80 Source/lib/serial/rs232int.o
 .debug_ranges  0x00000748       0x18 Source/main.o

.debug_macro    0x00000000     0x1872
 *(.debug_macro)
 .debug_macro   0x00000000      0x1e6 src/ASF/common/services/clock/xmega/sysclk.o
 .debug_macro   0x000001e6      0x1a3 src/ASF/common/services/sleepmgr/xmega/sleepmgr.o
 .debug_macro   0x00000389      0x230 src/ASF/xmega/drivers/tc/tc.o
 .debug_macro   0x000005b9      0x302 src/ASF/xmega/drivers/tc/tc.o
 .debug_macro   0x000008bb      0x269 src/ASF/xmega/services/pwm/pwm.o
 .debug_macro   0x00000b24      0x132 Source/lib/freertos/heap_2.o
 .debug_macro   0x00000c56      0x10e Source/lib/freertos/heap_2.o
 .debug_macro   0x00000d64       0x86 Source/lib/freertos/heap_2.o
 .debug_macro   0x00000dea      0x104 Source/lib/freertos/list.o
 .debug_macro   0x00000eee      0x13d Source/lib/freertos/port.o
 .debug_macro   0x0000102b       0x63 Source/lib/freertos/port.o
 .debug_macro   0x0000108e       0xcf Source/lib/freertos/port.o
 .debug_macro   0x0000115d      0x1a4 Source/lib/freertos/queue.o
 .debug_macro   0x00001301       0x20 Source/lib/freertos/queue.o
 .debug_macro   0x00001321      0x1a8 Source/lib/freertos/tasks.o
 .debug_macro   0x000014c9       0x58 Source/lib/freertos/tasks.o
 .debug_macro   0x00001521       0x10 Source/lib/freertos/tasks.o
 .debug_macro   0x00001531       0x97 Source/lib/freertos/tasks.o
 .debug_macro   0x000015c8       0xf2 Source/lib/freertos/tasks.o
 .debug_macro   0x000016ba       0x97 Source/lib/freertos/tasks.o
 .debug_macro   0x00001751       0xaa Source/lib/freertos/tasks.o
 .debug_macro   0x000017fb       0x61 Source/lib/freertos/tasks.o
 .debug_macro   0x0000185c       0x16 Source/lib/freertos/tasks.o
OUTPUT(FREERTOS_SHELL.elf elf32-avr)
LOAD linker stubs
