Archive member included to satisfy reference by file (symbol)

c:/program files (x86)/atmel/studio/7.0/toolchain/avr8/avr8-gnu-toolchain/bin/../lib/gcc/avr/5.4.0/../../../../avr/lib/avrxmega6\libm.a(addsf3.o)
                              Source/lib/frtcpp/time_stamp_to_float.o (__addsf3)
c:/program files (x86)/atmel/studio/7.0/toolchain/avr8/avr8-gnu-toolchain/bin/../lib/gcc/avr/5.4.0/../../../../avr/lib/avrxmega6\libm.a(addsf3x.o)
                              c:/program files (x86)/atmel/studio/7.0/toolchain/avr8/avr8-gnu-toolchain/bin/../lib/gcc/avr/5.4.0/../../../../avr/lib/avrxmega6\libm.a(addsf3.o) (__addsf3x)
c:/program files (x86)/atmel/studio/7.0/toolchain/avr8/avr8-gnu-toolchain/bin/../lib/gcc/avr/5.4.0/../../../../avr/lib/avrxmega6\libm.a(divsf3.o)
                              Source/lib/frtcpp/time_stamp_to_float.o (__divsf3)
c:/program files (x86)/atmel/studio/7.0/toolchain/avr8/avr8-gnu-toolchain/bin/../lib/gcc/avr/5.4.0/../../../../avr/lib/avrxmega6\libm.a(divsf3x.o)
                              c:/program files (x86)/atmel/studio/7.0/toolchain/avr8/avr8-gnu-toolchain/bin/../lib/gcc/avr/5.4.0/../../../../avr/lib/avrxmega6\libm.a(divsf3.o) (__divsf3x)
c:/program files (x86)/atmel/studio/7.0/toolchain/avr8/avr8-gnu-toolchain/bin/../lib/gcc/avr/5.4.0/../../../../avr/lib/avrxmega6\libm.a(floatsisf.o)
                              Source/lib/frtcpp/time_stamp_to_float.o (__floatunsisf)
c:/program files (x86)/atmel/studio/7.0/toolchain/avr8/avr8-gnu-toolchain/bin/../lib/gcc/avr/5.4.0/../../../../avr/lib/avrxmega6\libm.a(fp_inf.o)
                              c:/program files (x86)/atmel/studio/7.0/toolchain/avr8/avr8-gnu-toolchain/bin/../lib/gcc/avr/5.4.0/../../../../avr/lib/avrxmega6\libm.a(addsf3x.o) (__fp_inf)
c:/program files (x86)/atmel/studio/7.0/toolchain/avr8/avr8-gnu-toolchain/bin/../lib/gcc/avr/5.4.0/../../../../avr/lib/avrxmega6\libm.a(fp_nan.o)
                              c:/program files (x86)/atmel/studio/7.0/toolchain/avr8/avr8-gnu-toolchain/bin/../lib/gcc/avr/5.4.0/../../../../avr/lib/avrxmega6\libm.a(addsf3x.o) (__fp_nan)
c:/program files (x86)/atmel/studio/7.0/toolchain/avr8/avr8-gnu-toolchain/bin/../lib/gcc/avr/5.4.0/../../../../avr/lib/avrxmega6\libm.a(fp_pscA.o)
                              c:/program files (x86)/atmel/studio/7.0/toolchain/avr8/avr8-gnu-toolchain/bin/../lib/gcc/avr/5.4.0/../../../../avr/lib/avrxmega6\libm.a(addsf3x.o) (__fp_pscA)
c:/program files (x86)/atmel/studio/7.0/toolchain/avr8/avr8-gnu-toolchain/bin/../lib/gcc/avr/5.4.0/../../../../avr/lib/avrxmega6\libm.a(fp_pscB.o)
                              c:/program files (x86)/atmel/studio/7.0/toolchain/avr8/avr8-gnu-toolchain/bin/../lib/gcc/avr/5.4.0/../../../../avr/lib/avrxmega6\libm.a(addsf3x.o) (__fp_pscB)
c:/program files (x86)/atmel/studio/7.0/toolchain/avr8/avr8-gnu-toolchain/bin/../lib/gcc/avr/5.4.0/../../../../avr/lib/avrxmega6\libm.a(fp_round.o)
                              c:/program files (x86)/atmel/studio/7.0/toolchain/avr8/avr8-gnu-toolchain/bin/../lib/gcc/avr/5.4.0/../../../../avr/lib/avrxmega6\libm.a(addsf3.o) (__fp_round)
c:/program files (x86)/atmel/studio/7.0/toolchain/avr8/avr8-gnu-toolchain/bin/../lib/gcc/avr/5.4.0/../../../../avr/lib/avrxmega6\libm.a(fp_split3.o)
                              c:/program files (x86)/atmel/studio/7.0/toolchain/avr8/avr8-gnu-toolchain/bin/../lib/gcc/avr/5.4.0/../../../../avr/lib/avrxmega6\libm.a(addsf3x.o) (__fp_split3)
c:/program files (x86)/atmel/studio/7.0/toolchain/avr8/avr8-gnu-toolchain/bin/../lib/gcc/avr/5.4.0/../../../../avr/lib/avrxmega6\libm.a(fp_zero.o)
                              c:/program files (x86)/atmel/studio/7.0/toolchain/avr8/avr8-gnu-toolchain/bin/../lib/gcc/avr/5.4.0/../../../../avr/lib/avrxmega6\libm.a(addsf3x.o) (__fp_zero)
c:/program files (x86)/atmel/studio/7.0/toolchain/avr8/avr8-gnu-toolchain/bin/../lib/gcc/avr/5.4.0/avrxmega6\libgcc.a(_mulsi3.o)
                              Source/lib/frtcpp/time_stamp_get_us.o (__mulsi3)
c:/program files (x86)/atmel/studio/7.0/toolchain/avr8/avr8-gnu-toolchain/bin/../lib/gcc/avr/5.4.0/avrxmega6\libgcc.a(_udivmodsi4.o)
                              Source/lib/frtcpp/time_stamp_get_us.o (__udivmodsi4)
c:/program files (x86)/atmel/studio/7.0/toolchain/avr8/avr8-gnu-toolchain/bin/../lib/gcc/avr/5.4.0/avrxmega6\libgcc.a(_divmodsi4.o)
                              Source/lib/frtcpp/time_stamp_lshift.o (__divmodsi4)
c:/program files (x86)/atmel/studio/7.0/toolchain/avr8/avr8-gnu-toolchain/bin/../lib/gcc/avr/5.4.0/avrxmega6\libgcc.a(_negsi2.o)
                              c:/program files (x86)/atmel/studio/7.0/toolchain/avr8/avr8-gnu-toolchain/bin/../lib/gcc/avr/5.4.0/avrxmega6\libgcc.a(_divmodsi4.o) (__negsi2)
c:/program files (x86)/atmel/studio/7.0/toolchain/avr8/avr8-gnu-toolchain/bin/../lib/gcc/avr/5.4.0/avrxmega6\libgcc.a(_exit.o)
                              C:/Program Files (x86)/Atmel/Studio/7.0/Packs/atmel/XMEGAA_DFP/1.1.68/gcc/dev/atxmega128a3u/avrxmega6/crtatxmega128a3u.o (exit)
[...]
Memory Configuration

Name             Origin             Length             Attributes
text             0x00000000         0x00100000         xr
data             0x00802000         0x0000ffa0         rw !x
eeprom           0x00810000         0x00010000         rw !x
fuse             0x00820000         0x00000006         rw !x
lock             0x00830000         0x00000400         rw !x
signature        0x00840000         0x00000400         rw !x
user_signatures  0x00850000         0x00000400         rw !x
*default*        0x00000000         0xffffffff

Linker script and memory map

LOAD C:/Program Files (x86)/Atmel/Studio/7.0/Packs/atmel/XMEGAA_DFP/1.1.68/gcc/dev/atxmega128a3u/avrxmega6/crtatxmega128a3u.o
LOAD Source/lib/freertos/croutine.o
LOAD Source/lib/serial/rs232int.o
LOAD Source/task_LED.o
LOAD Source/task_user.o
LOAD Source/xmega_util.o
LOAD Source/lib/freertos/heap_2.o
LOAD Source/lib/freertos/list.o
LOAD Source/lib/freertos/port.o
LOAD Source/lib/freertos/queue.o
LOAD Source/lib/freertos/tasks.o
LOAD Source/lib/frtcpp/base_data_receiver.o
LOAD Source/lib/frtcpp/frt_task.o
LOAD Source/lib/frtcpp/frt_task_stackprt.o
LOAD Source/lib/frtcpp/frt_task_status.o
LOAD Source/lib/frtcpp/frt_text_queue.o
LOAD Source/lib/frtcpp/func_get_run_time_counter.o
LOAD Source/lib/frtcpp/time_stamp_equal.o
LOAD Source/lib/frtcpp/time_stamp_get_us.o
LOAD Source/lib/frtcpp/time_stamp_greater.o
LOAD Source/lib/frtcpp/time_stamp_greater_eq.o
LOAD Source/lib/frtcpp/time_stamp_less.o
LOAD Source/lib/frtcpp/time_stamp_less_eq.o
LOAD Source/lib/frtcpp/time_stamp_lshift.o
LOAD Source/lib/frtcpp/time_stamp_minus.o
LOAD Source/lib/frtcpp/time_stamp_minus_eq.o
LOAD Source/lib/frtcpp/time_stamp_not_equal.o
LOAD Source/lib/frtcpp/time_stamp_plus.o
LOAD Source/lib/frtcpp/time_stamp_plus_eq.o
LOAD Source/lib/frtcpp/time_stamp_tick_res_time.o
LOAD Source/lib/frtcpp/time_stamp_to_float.o
LOAD Source/lib/frtcpp/time_stamp_to_now.o
LOAD Source/lib/frtcpp/time_stamp_to_now_ISR.o
LOAD Source/lib/misc/hex_dump_memory.o
LOAD Source/lib/misc/mechutil.o
LOAD Source/lib/serial/base232.o
LOAD Source/lib/serial/emstream.o
LOAD Source/lib/serial/emstream_bool.o
LOAD Source/lib/serial/emstream_float.o
LOAD Source/lib/serial/emstream_hex_receive.o
LOAD Source/lib/serial/emstream_hex_send.o
LOAD Source/lib/serial/emstream_int16_t.o
LOAD Source/lib/serial/emstream_int32_t.o
LOAD Source/lib/serial/emstream_int8_t.o
LOAD Source/lib/serial/emstream_pointer.o
LOAD Source/lib/serial/emstream_uint16_t.o
LOAD Source/lib/serial/emstream_uint32_t.o
LOAD Source/lib/serial/emstream_uint64_t.o
LOAD Source/lib/serial/emstream_uint8_t.o
LOAD Source/main.o
START GROUP
LOAD c:/program files (x86)/atmel/studio/7.0/toolchain/avr8/avr8-gnu-toolchain/bin/../lib/gcc/avr/5.4.0/../../../../avr/lib/avrxmega6\libm.a
END GROUP
LOAD c:/program files (x86)/atmel/studio/7.0/toolchain/avr8/avr8-gnu-toolchain/bin/../lib/gcc/avr/5.4.0/avrxmega6\libgcc.a
LOAD c:/program files (x86)/atmel/studio/7.0/toolchain/avr8/avr8-gnu-toolchain/bin/../lib/gcc/avr/5.4.0/../../../../avr/lib/avrxmega6\libm.a
START GROUP
LOAD c:/program files (x86)/atmel/studio/7.0/toolchain/avr8/avr8-gnu-toolchain/bin/../lib/gcc/avr/5.4.0/avrxmega6\libgcc.a
LOAD c:/program files (x86)/atmel/studio/7.0/toolchain/avr8/avr8-gnu-toolchain/bin/../lib/gcc/avr/5.4.0/../../../../avr/lib/avrxmega6\libm.a
LOAD c:/program files (x86)/atmel/studio/7.0/toolchain/avr8/avr8-gnu-toolchain/bin/../lib/gcc/avr/5.4.0/../../../../avr/lib/avrxmega6\libc.a
LOAD C:/Program Files (x86)/Atmel/Studio/7.0/Packs/atmel/XMEGAA_DFP/1.1.68/gcc/dev/atxmega128a3u/avrxmega6\libatxmega128a3u.a
END GROUP
                0x00100000                __TEXT_REGION_LENGTH__ = DEFINED (__TEXT_REGION_LENGTH__)?__TEXT_REGION_LENGTH__:0x100000
                0x0000ffa0                __DATA_REGION_LENGTH__ = DEFINED (__DATA_REGION_LENGTH__)?__DATA_REGION_LENGTH__:0xffa0
                0x00010000                __EEPROM_REGION_LENGTH__ = DEFINED (__EEPROM_REGION_LENGTH__)?__EEPROM_REGION_LENGTH__:0x10000
                [0x00000006]                __FUSE_REGION_LENGTH__ = DEFINED (__FUSE_REGION_LENGTH__)?__FUSE_REGION_LENGTH__:0x400
                0x00000400                __LOCK_REGION_LENGTH__ = DEFINED (__LOCK_REGION_LENGTH__)?__LOCK_REGION_LENGTH__:0x400
                0x00000400                __SIGNATURE_REGION_LENGTH__ = DEFINED (__SIGNATURE_REGION_LENGTH__)?__SIGNATURE_REGION_LENGTH__:0x400
                0x00000400                __USER_SIGNATURE_REGION_LENGTH__ = DEFINED (__USER_SIGNATURE_REGION_LENGTH__)?__USER_SIGNATURE_REGION_LENGTH__:0x400

.hash
 *(.hash)

.dynsym
 *(.dynsym)

.dynstr
 *(.dynstr)

.gnu.version
 *(.gnu.version)

.gnu.version_d
 *(.gnu.version_d)

.gnu.version_r
 *(.gnu.version_r)

.rel.init
 *(.rel.init)

.rela.init
 *(.rela.init)

.rel.text
 *(.rel.text)
 *(.rel.text.*)
 *(.rel.gnu.linkonce.t*)

.rela.text
 *(.rela.text)
 *(.rela.text.*)
 *(.rela.gnu.linkonce.t*)

.rel.fini
 *(.rel.fini)

.rela.fini
 *(.rela.fini)

.rel.rodata
 *(.rel.rodata)
 *(.rel.rodata.*)
 *(.rel.gnu.linkonce.r*)

.rela.rodata
 *(.rela.rodata)
 *(.rela.rodata.*)
 *(.rela.gnu.linkonce.r*)

.rel.data
 *(.rel.data)
 *(.rel.data.*)
 *(.rel.gnu.linkonce.d*)

.rela.data
 *(.rela.data)
 *(.rela.data.*)
 *(.rela.gnu.linkonce.d*)

.rel.ctors
 *(.rel.ctors)

.rela.ctors
 *(.rela.ctors)

.rel.dtors
 *(.rel.dtors)

.rela.dtors
 *(.rela.dtors)

.rel.got
 *(.rel.got)

.rela.got
 *(.rela.got)

.rel.bss
 *(.rel.bss)

.rela.bss
 *(.rela.bss)

.rel.plt
 *(.rel.plt)

.rela.plt
 *(.rela.plt)

.text           0x00000000     0x39ec
 *(.vectors)
 .vectors       0x00000000      0x1fc C:/Program Files (x86)/Atmel/Studio/7.0/Packs/atmel/XMEGAA_DFP/1.1.68/gcc/dev/atxmega128a3u/avrxmega6/crtatxmega128a3u.o
                0x00000000                __vector_default
                0x00000000                __vectors
 *(.vectors)
 *(.progmem.gcc*)
 .progmem.gcc_sw_table._ZN8emstreamlsE15ser_manipulator
                0x000001fc       0x16 Source/lib/serial/emstream.o
                0x00000212                . = ALIGN (0x2)
                0x00000212                __trampolines_start = .
 *(.trampolines)
 .trampolines   0x00000212       0x78 linker stubs
 *(.trampolines*)
                0x0000028a                __trampolines_end = .
 *libprintf_flt.a:*(.progmem.data)
 *libc.a:*(.progmem.data)
 *(.progmem*)
 .progmem.something
                0x0000028a      0x1b2 Source/task_user.o
 .progmem.something
                0x0000043c       0x4b Source/lib/frtcpp/frt_task.o
 .progmem.something
                0x00000487       0x28 Source/lib/frtcpp/frt_task_stackprt.o
 .progmem.something
                0x000004af       0x72 Source/lib/frtcpp/frt_task_status.o
 .progmem.something
                0x00000521       0x13 Source/lib/misc/hex_dump_memory.o
                0x00000534                . = ALIGN (0x2)
 *(.jumptables)
 *(.jumptables*)
 *(.lowtext)
 .lowtext       0x00000534        0x4 Source/lib/frtcpp/frt_task.o
                0x00000534                _call_static_run_method
 *(.lowtext*)
                0x00000538                __ctors_start = .
 *(.ctors)
 .ctors         0x00000538        0x2 Source/main.o
                0x0000053a                __ctors_end = .
                0x0000053a                __dtors_start = .
 *(.dtors)
                0x0000053a                __dtors_end = .
 SORT(*)(.ctors)
 SORT(*)(.dtors)
 *(.init0)
 .init0         0x0000053a        0x0 C:/Program Files (x86)/Atmel/Studio/7.0/Packs/atmel/XMEGAA_DFP/1.1.68/gcc/dev/atxmega128a3u/avrxmega6/crtatxmega128a3u.o
                0x0000053a                __init
 *(.init0)
 *(.init1)
 *(.init1)
 *(.init2)
 .init2         0x0000053a       0x10 C:/Program Files (x86)/Atmel/Studio/7.0/Packs/atmel/XMEGAA_DFP/1.1.68/gcc/dev/atxmega128a3u/avrxmega6/crtatxmega128a3u.o
 *(.init2)
 *(.init3)
 *(.init3)
 *(.init4)
 .init4         0x0000054a       0x1a c:/program files (x86)/atmel/studio/7.0/toolchain/avr8/avr8-gnu-toolchain/bin/../lib/gcc/avr/5.4.0/avrxmega6\libgcc.a(_copy_data.o)
                0x0000054a                __do_copy_data
 .init4         0x00000564       0x10 c:/program files (x86)/atmel/studio/7.0/toolchain/avr8/avr8-gnu-toolchain/bin/../lib/gcc/avr/5.4.0/avrxmega6\libgcc.a(_clear_bss.o)
                0x00000564                __do_clear_bss
 *(.init4)
 *(.init5)
 *(.init5)
 *(.init6)
 .init6         0x00000574       0x20 c:/program files (x86)/atmel/studio/7.0/toolchain/avr8/avr8-gnu-toolchain/bin/../lib/gcc/avr/5.4.0/avrxmega6\libgcc.a(_ctors.o)
                0x00000574                __do_global_ctors
 *(.init6)
 *(.init7)
 *(.init7)
 *(.init8)
 *(.init8)
 *(.init9)
 .init9         0x00000594        0x8 C:/Program Files (x86)/Atmel/Studio/7.0/Packs/atmel/XMEGAA_DFP/1.1.68/gcc/dev/atxmega128a3u/avrxmega6/crtatxmega128a3u.o
 *(.init9)
 *(.text)
 .text          0x0000059c        0x4 C:/Program Files (x86)/Atmel/Studio/7.0/Packs/atmel/XMEGAA_DFP/1.1.68/gcc/dev/atxmega128a3u/avrxmega6/crtatxmega128a3u.o
                0x0000059c                __vector_38
                0x0000059c                __vector_104
                0x0000059c                __vector_22
                0x0000059c                __vector_63
                0x0000059c                __vector_67
                0x0000059c                __vector_1
                0x0000059c                __vector_32
                0x0000059c                __vector_75
                0x0000059c                __vector_71
                0x0000059c                __vector_34
                0x0000059c                __vector_62
                0x0000059c                __vector_77
                0x0000059c                __vector_102
                0x0000059c                __vector_24
                0x0000059c                __vector_12
                0x0000059c                __vector_69
                0x0000059c                __vector_81
                0x0000059c                __vector_90
                0x0000059c                __vector_46
                0x0000059c                __bad_interrupt
                0x0000059c                __vector_122
                0x0000059c                __vector_72
                0x0000059c                __vector_114
                0x0000059c                __vector_6
                0x0000059c                __vector_110
                0x0000059c                __vector_31
                0x0000059c                __vector_92
                0x0000059c                __vector_35
                0x0000059c                __vector_78
                0x0000059c                __vector_74
                0x0000059c                __vector_117
                0x0000059c                __vector_39
                0x0000059c                __vector_107
                0x0000059c                __vector_3
                0x0000059c                __vector_105
                0x0000059c                __vector_98
                0x0000059c                __vector_23
                0x0000059c                __vector_68
                0x0000059c                __vector_30
                0x0000059c                __vector_73
                0x0000059c                __vector_45
                0x0000059c                __vector_93
                0x0000059c                __vector_11
                0x0000059c                __vector_54
                0x0000059c                __vector_99
                0x0000059c                __vector_13
                0x0000059c                __vector_17
                0x0000059c                __vector_19
                0x0000059c                __vector_56
                0x0000059c                __vector_7
                0x0000059c                __vector_125
                0x0000059c                __vector_49
                0x0000059c                __vector_123
                0x0000059c                __vector_41
                0x0000059c                __vector_86
                0x0000059c                __vector_100
                0x0000059c                __vector_101
                0x0000059c                __vector_64
                0x0000059c                __vector_109
                0x0000059c                __vector_43
                0x0000059c                __vector_27
                0x0000059c                __vector_5
                0x0000059c                __vector_113
                0x0000059c                __vector_33
                0x0000059c                __vector_76
                0x0000059c                __vector_115
                0x0000059c                __vector_47
                0x0000059c                __vector_52
                0x0000059c                __vector_37
                0x0000059c                __vector_95
                0x0000059c                __vector_103
                0x0000059c                __vector_96
                0x0000059c                __vector_89
                0x0000059c                __vector_108
                0x0000059c                __vector_4
                0x0000059c                __vector_44
                0x0000059c                __vector_82
                0x0000059c                __vector_106
                0x0000059c                __vector_118
                0x0000059c                __vector_51
                0x0000059c                __vector_9
                0x0000059c                __vector_2
                0x0000059c                __vector_21
                0x0000059c                __vector_15
                0x0000059c                __vector_66
                0x0000059c                __vector_36
                0x0000059c                __vector_79
                0x0000059c                __vector_70
                0x0000059c                __vector_83
                0x0000059c                __vector_29
                0x0000059c                __vector_60
                0x0000059c                __vector_121
                0x0000059c                __vector_40
                0x0000059c                __vector_85
                0x0000059c                __vector_94
                0x0000059c                __vector_126
                0x0000059c                __vector_8
                0x0000059c                __vector_26
                0x0000059c                __vector_48
                0x0000059c                __vector_124
                0x0000059c                __vector_116
                0x0000059c                __vector_112
                0x0000059c                __vector_111
                0x0000059c                __vector_80
                0x0000059c                __vector_14
                0x0000059c                __vector_84
                0x0000059c                __vector_57
                0x0000059c                __vector_53
                0x0000059c                __vector_10
                0x0000059c                __vector_50
                0x0000059c                __vector_16
                0x0000059c                __vector_59
                0x0000059c                __vector_18
                0x0000059c                __vector_97
                0x0000059c                __vector_20
                0x0000059c                __vector_42
                0x0000059c                __vector_87
                0x0000059c                __vector_65
                0x0000059c                __vector_120
                0x000005a0                . = ALIGN (0x2)
 *(.text.*)
 .text._ZN5rs2327putcharEc
                0x000005a0       0x48 Source/lib/serial/rs232int.o
                0x000005a0                _ZN5rs2327putcharEc
 .text._ZN5rs2327getcharEv
                0x000005e8       0x4c Source/lib/serial/rs232int.o
                0x000005e8                _ZN5rs2327getcharEv
 .text._ZN5rs23214check_for_charEv
                0x00000634       0x26 Source/lib/serial/rs232int.o
                0x00000634                _ZN5rs23214check_for_charEv
 .text._ZN5rs23212clear_screenEv
                0x0000065a       0x12 Source/lib/serial/rs232int.o
                0x0000065a                _ZN5rs23212clear_screenEv
 .text._ZN5rs232C2EjP12USART_struct
                0x0000066c      0x144 Source/lib/serial/rs232int.o
                0x0000066c                _ZN5rs232C2EjP12USART_struct
                0x0000066c                _ZN5rs232C1EjP12USART_struct
 .text.__vector_25
                0x000007b0       0xb0 Source/lib/serial/rs232int.o
                0x000007b0                __vector_25
 .text.__vector_28
                0x00000860       0xb0 Source/lib/serial/rs232int.o
                0x00000860                __vector_28
 .text.__vector_88
                0x00000910       0xb0 Source/lib/serial/rs232int.o
                0x00000910                __vector_88
 .text.__vector_91
                0x000009c0       0xb0 Source/lib/serial/rs232int.o
                0x000009c0                __vector_91
 .text.__vector_58
                0x00000a70       0xb0 Source/lib/serial/rs232int.o
                0x00000a70                __vector_58
 .text.__vector_61
                0x00000b20       0xb0 Source/lib/serial/rs232int.o
                0x00000b20                __vector_61
 .text.__vector_119
                0x00000bd0       0xb0 Source/lib/serial/rs232int.o
                0x00000bd0                __vector_119
 .text._ZN8task_LED3runEv
                0x00000c80       0xe0 Source/task_LED.o
                0x00000c80                _ZN8task_LED3runEv
 .text._ZN8task_LEDC2EPKchjP8emstream
                0x00000d60       0x20 Source/task_LED.o
                0x00000d60                _ZN8task_LEDC2EPKchjP8emstream
                0x00000d60                _ZN8task_LEDC1EPKchjP8emstream
 .text._ZN9task_userC2EPKchjP8emstream
                0x00000d80       0x20 Source/task_user.o
                0x00000d80                _ZN9task_userC1EPKchjP8emstream
                0x00000d80                _ZN9task_userC2EPKchjP8emstream
 .text._ZN9task_user18print_help_messageEv
                0x00000da0      0x150 Source/task_user.o
                0x00000da0                _ZN9task_user18print_help_messageEv
 .text._ZN9task_user11show_statusEv
                0x00000ef0      0x116 Source/task_user.o
                0x00000ef0                _ZN9task_user11show_statusEv
 .text._ZN9task_user3runEv
                0x00001006      0x25a Source/task_user.o
                0x00001006                _ZN9task_user3runEv
 .text._Z8CCPWritePVhh
                0x00001260       0x2a Source/xmega_util.o
                0x00001260                _Z8CCPWritePVhh
 .text._Z15config_SYSCLOCKv
                0x0000128a       0x66 Source/xmega_util.o
                0x0000128a                _Z15config_SYSCLOCKv
 .text.pvPortMalloc
                0x000012f0      0x134 Source/lib/freertos/heap_2.o
                0x000012f0                pvPortMalloc
 .text.vPortFree
                0x00001424       0x66 Source/lib/freertos/heap_2.o
                0x00001424                vPortFree
 .text.xPortGetFreeHeapSize
                0x0000148a        0xa Source/lib/freertos/heap_2.o
                0x0000148a                xPortGetFreeHeapSize
 .text.vListInitialise
                0x00001494       0x22 Source/lib/freertos/list.o
                0x00001494                vListInitialise
 .text.vListInitialiseItem
                0x000014b6        0x8 Source/lib/freertos/list.o
                0x000014b6                vListInitialiseItem
 .text.vListInsertEnd
                0x000014be       0x4e Source/lib/freertos/list.o
                0x000014be                vListInsertEnd
 .text.vListInsert
                0x0000150c       0x96 Source/lib/freertos/list.o
                0x0000150c                vListInsert
 .text.vListRemove
                0x000015a2       0x4c Source/lib/freertos/list.o
                0x000015a2                vListRemove
 .text.pxPortInitialiseStack
                0x000015ee       0xec Source/lib/freertos/port.o
                0x000015ee                pxPortInitialiseStack
 .text.xPortStartScheduler
                0x000016da       0x7c Source/lib/freertos/port.o
                0x000016da                xPortStartScheduler
 .text.vPortYield
                0x00001756       0xc2 Source/lib/freertos/port.o
                0x00001756                vPortYield
 .text.vPortYieldFromTick
                0x00001818       0xc6 Source/lib/freertos/port.o
                0x00001818                vPortYieldFromTick
 .text.__vector_55
                0x000018de       0x16 Source/lib/freertos/port.o
                0x000018de                __vector_55
 .text.prvCopyDataToQueue
                0x000018f4       0x98 Source/lib/freertos/queue.o
 .text.prvCopyDataFromQueue
                0x0000198c       0x34 Source/lib/freertos/queue.o
 .text.prvUnlockQueue
                0x000019c0       0x94 Source/lib/freertos/queue.o
 .text.xQueueGenericReset
                0x00001a54       0x78 Source/lib/freertos/queue.o
                0x00001a54                xQueueGenericReset
 .text.xQueueGenericCreate
                0x00001acc       0x5c Source/lib/freertos/queue.o
                0x00001acc                xQueueGenericCreate
 .text.xQueueGenericSend
                0x00001b28      0x136 Source/lib/freertos/queue.o
                0x00001b28                xQueueGenericSend
 .text.xQueueGenericReceive
                0x00001c5e      0x188 Source/lib/freertos/queue.o
                0x00001c5e                xQueueGenericReceive
 .text.uxQueueMessagesWaiting
                0x00001de6       0x10 Source/lib/freertos/queue.o
                0x00001de6                uxQueueMessagesWaiting
 .text.prvIdleTask
                0x00001df6       0x10 Source/lib/freertos/tasks.o
 .text.prvAddCurrentTaskToDelayedList
                0x00001e06       0x9c Source/lib/freertos/tasks.o
 .text.xTaskGenericCreate
                0x00001ea2      0x204 Source/lib/freertos/tasks.o
                0x00001ea2                xTaskGenericCreate
 .text.uxTaskPriorityGet
                0x000020a6       0x1c Source/lib/freertos/tasks.o
                0x000020a6                uxTaskPriorityGet
 .text.vTaskStartScheduler
                0x000020c2       0x66 Source/lib/freertos/tasks.o
                0x000020c2                vTaskStartScheduler
 .text.vTaskSuspendAll
                0x00002128        0xc Source/lib/freertos/tasks.o
                0x00002128                vTaskSuspendAll
 .text.xTaskGetTickCount
                0x00002134       0x1c Source/lib/freertos/tasks.o
                0x00002134                xTaskGetTickCount
 .text.pcTaskGetTaskName
                0x00002150       0x10 Source/lib/freertos/tasks.o
                0x00002150                pcTaskGetTaskName
 .text.xTaskGetIdleTaskHandle
                0x00002160        0xa Source/lib/freertos/tasks.o
                0x00002160                xTaskGetIdleTaskHandle
 .text.vTaskIncrementTick
                0x0000216a      0x202 Source/lib/freertos/tasks.o
                0x0000216a                vTaskIncrementTick
 .text.xTaskResumeAll
                0x0000236c      0x104 Source/lib/freertos/tasks.o
                0x0000236c                xTaskResumeAll
 .text.vTaskDelayUntil
                0x00002470       0xda Source/lib/freertos/tasks.o
                0x00002470                vTaskDelayUntil
 .text.vTaskDelay
                0x0000254a       0x5c Source/lib/freertos/tasks.o
                0x0000254a                vTaskDelay
 .text.vTaskSwitchContext
                0x000025a6       0xba Source/lib/freertos/tasks.o
                0x000025a6                vTaskSwitchContext
 .text.vTaskPlaceOnEventList
                0x00002660       0x54 Source/lib/freertos/tasks.o
                0x00002660                vTaskPlaceOnEventList
 .text.xTaskRemoveFromEventList
                0x000026b4       0x7e Source/lib/freertos/tasks.o
                0x000026b4                xTaskRemoveFromEventList
 .text.vTaskSetTimeOutState
                0x00002732       0x22 Source/lib/freertos/tasks.o
                0x00002732                vTaskSetTimeOutState
 .text.xTaskCheckForTimeOut
                0x00002754       0xda Source/lib/freertos/tasks.o
                0x00002754                xTaskCheckForTimeOut
 .text.vTaskMissedYield
                0x0000282e        0x8 Source/lib/freertos/tasks.o
                0x0000282e                vTaskMissedYield
 .text.uxTaskGetStackHighWaterMark
                0x00002836       0x32 Source/lib/freertos/tasks.o
                0x00002836                uxTaskGetStackHighWaterMark
 .text.xTaskGetCurrentTaskHandle
                0x00002868        0xa Source/lib/freertos/tasks.o
                0x00002868                xTaskGetCurrentTaskHandle
 .text.vTaskPriorityInherit
                0x00002872       0xaa Source/lib/freertos/tasks.o
                0x00002872                vTaskPriorityInherit
 .text.vTaskPriorityDisinherit
                0x0000291c       0x68 Source/lib/freertos/tasks.o
                0x0000291c                vTaskPriorityDisinherit
 .text._ZN8frt_task22_call_users_run_methodEPS_
                0x00002984       0x1e Source/lib/frtcpp/frt_task.o
                0x00002984                _ZN8frt_task22_call_users_run_methodEPS_
 .text._ZN8frt_task13transition_toEh
                0x000029a2        0x8 Source/lib/frtcpp/frt_task.o
                0x000029a2                _ZN8frt_task13transition_toEh
 .text._ZN8frt_taskC2EPKchjP8emstream
                0x000029aa      0x18e Source/lib/frtcpp/frt_task.o
                0x000029aa                _ZN8frt_taskC1EPKchjP8emstream
                0x000029aa                _ZN8frt_taskC2EPKchjP8emstream
 .text._ZN8frt_task19print_stack_in_listEP8emstream
                0x00002b38       0x9c Source/lib/frtcpp/frt_task_stackprt.o
                0x00002b38                _ZN8frt_task19print_stack_in_listEP8emstream
 .text._Z17print_task_stacksP8emstream
                0x00002bd4       0x80 Source/lib/frtcpp/frt_task_stackprt.o
                0x00002bd4                _Z17print_task_stacksP8emstream
 .text._ZN8frt_task12print_statusER8emstream
                0x00002c54      0x120 Source/lib/frtcpp/frt_task_status.o
                0x00002c54                _ZN8frt_task12print_statusER8emstream
 .text._ZlsR8emstreamR8frt_task
                0x00002d74       0x20 Source/lib/frtcpp/frt_task_status.o
                0x00002d74                _ZlsR8emstreamR8frt_task
 .text._ZN8frt_task20print_status_in_listEP8emstream
                0x00002d94       0x32 Source/lib/frtcpp/frt_task_status.o
                0x00002d94                _ZN8frt_task20print_status_in_listEP8emstream
 .text._Z15print_task_listP8emstream
                0x00002dc6      0x122 Source/lib/frtcpp/frt_task_status.o
                0x00002dc6                _Z15print_task_listP8emstream
 .text._ZN14frt_text_queue7getcharEv
                0x00002ee8       0x3c Source/lib/frtcpp/frt_text_queue.o
                0x00002ee8                _ZN14frt_text_queue7getcharEv
 .text._ZN14frt_text_queue14check_for_charEv
                0x00002f24       0x16 Source/lib/frtcpp/frt_text_queue.o
                0x00002f24                _ZN14frt_text_queue14check_for_charEv
 .text._ZN14frt_text_queue7putcharEc
                0x00002f3a       0x3c Source/lib/frtcpp/frt_text_queue.o
                0x00002f3a                _ZN14frt_text_queue7putcharEc
 .text._ZN14frt_text_queueC2EjP8emstreamm
                0x00002f76       0x5e Source/lib/frtcpp/frt_text_queue.o
                0x00002f76                _ZN14frt_text_queueC2EjP8emstreamm
                0x00002f76                _ZN14frt_text_queueC1EjP8emstreamm
 .text._ZN10time_stamp12get_microsecEv
                0x00002fd4       0x80 Source/lib/frtcpp/time_stamp_get_us.o
                0x00002fd4                _ZN10time_stamp12get_microsecEv
 .text._ZlsR8emstreamR10time_stamp
                0x00003054       0xb8 Source/lib/frtcpp/time_stamp_lshift.o
                0x00003054                _ZlsR8emstreamR10time_stamp
 .text._ZN10time_stamp10set_to_nowEv
                0x0000310c       0x30 Source/lib/frtcpp/time_stamp_to_now.o
                0x0000310c                _ZN10time_stamp10set_to_nowEv
 .text._Z15hex_dump_memoryPhS_P8emstreambh
                0x0000313c      0x162 Source/lib/misc/hex_dump_memory.o
                0x0000313c                _Z15hex_dump_memoryPhS_P8emstreambh
 .text._Znwj    0x0000329e        0x6 Source/lib/misc/mechutil.o
                0x0000329e                _Znwj
 .text._Znaj    0x000032a4        0x6 Source/lib/misc/mechutil.o
                0x000032a4                _Znaj
 .text.__cxa_pure_virtual
                0x000032aa        0x2 Source/lib/misc/mechutil.o
                0x000032aa                __cxa_pure_virtual
 .text._ZN7base232C2EjP12USART_struct
                0x000032ac      0x160 Source/lib/serial/base232.o
                0x000032ac                _ZN7base232C1EjP12USART_struct
                0x000032ac                _ZN7base232C2EjP12USART_struct
 .text._ZN8emstream13ready_to_sendEv
                0x0000340c        0x4 Source/lib/serial/emstream.o
                0x0000340c                _ZN8emstream13ready_to_sendEv
 .text._ZN8emstream7getcharEv
                0x00003410        0x6 Source/lib/serial/emstream.o
                0x00003410                _ZN8emstream7getcharEv
 .text._ZN8emstream14check_for_charEv
                0x00003416        0x4 Source/lib/serial/emstream.o
                0x00003416                _ZN8emstream14check_for_charEv
 .text._ZN8emstream12transmit_nowEv
                0x0000341a        0x2 Source/lib/serial/emstream.o
                0x0000341a                _ZN8emstream12transmit_nowEv
 .text._ZN8emstream12clear_screenEv
                0x0000341c        0x2 Source/lib/serial/emstream.o
                0x0000341c                _ZN8emstream12clear_screenEv
 .text._ZN8emstreamC2Ev
                0x0000341e       0x1c Source/lib/serial/emstream.o
                0x0000341e                _ZN8emstreamC2Ev
                0x0000341e                _ZN8emstreamC1Ev
 .text._ZN8emstream4putsEPKc
                0x0000343a       0x6e Source/lib/serial/emstream.o
                0x0000343a                _ZN8emstream4putsEPKc
 .text._ZN8emstreamlsE15ser_manipulator
                0x000034a8       0x8e Source/lib/serial/emstream.o
                0x000034a8                _ZN8emstreamlsE15ser_manipulator
 .text._ZN8emstreamlsEj
                0x00003536       0x68 Source/lib/serial/emstream_uint16_t.o
                0x00003536                _ZN8emstreamlsEj
 .text._ZN8emstreamlsEm
                0x0000359e       0x84 Source/lib/serial/emstream_uint32_t.o
                0x0000359e                _ZN8emstreamlsEm
 .text._ZN8emstreamlsEh
                0x00003622      0x100 Source/lib/serial/emstream_uint8_t.o
                0x00003622                _ZN8emstreamlsEh
 .text.main     0x00003722       0xbc Source/main.o
                0x00003722                main
 .text._GLOBAL__sub_I_print_ser_queue
                0x000037de       0x22 Source/main.o
 .text.libgcc.mul
                0x00003800       0x20 c:/program files (x86)/atmel/studio/7.0/toolchain/avr8/avr8-gnu-toolchain/bin/../lib/gcc/avr/5.4.0/avrxmega6\libgcc.a(_mulsi3.o)
                0x00003800                __mulsi3
 .text.libgcc.div
                0x00003820       0x44 c:/program files (x86)/atmel/studio/7.0/toolchain/avr8/avr8-gnu-toolchain/bin/../lib/gcc/avr/5.4.0/avrxmega6\libgcc.a(_udivmodsi4.o)
                0x00003820                __udivmodsi4
 .text.libgcc.div
                0x00003864       0x2e c:/program files (x86)/atmel/studio/7.0/toolchain/avr8/avr8-gnu-toolchain/bin/../lib/gcc/avr/5.4.0/avrxmega6\libgcc.a(_divmodsi4.o)
                0x00003864                __divmodsi4
 .text.libgcc.div
                0x00003892       0x10 c:/program files (x86)/atmel/studio/7.0/toolchain/avr8/avr8-gnu-toolchain/bin/../lib/gcc/avr/5.4.0/avrxmega6\libgcc.a(_negsi2.o)
                0x00003892                __negsi2
 .text.libgcc   0x000038a2       0x10 c:/program files (x86)/atmel/studio/7.0/toolchain/avr8/avr8-gnu-toolchain/bin/../lib/gcc/avr/5.4.0/avrxmega6\libgcc.a(_tablejump2.o)
                0x000038a2                __tablejump2__
 .text.libgcc.mul
                0x000038b2       0x16 c:/program files (x86)/atmel/studio/7.0/toolchain/avr8/avr8-gnu-toolchain/bin/../lib/gcc/avr/5.4.0/avrxmega6\libgcc.a(_muluhisi3.o)
                0x000038b2                __muluhisi3
 .text.libgcc.mul
                0x000038c8       0x1e c:/program files (x86)/atmel/studio/7.0/toolchain/avr8/avr8-gnu-toolchain/bin/../lib/gcc/avr/5.4.0/avrxmega6\libgcc.a(_umulhisi3.o)
                0x000038c8                __umulhisi3
 .text.avr-libc
                0x000038e6       0x12 c:/program files (x86)/atmel/studio/7.0/toolchain/avr8/avr8-gnu-toolchain/bin/../lib/gcc/avr/5.4.0/../../../../avr/lib/avrxmega6\libc.a(memcpy.o)
                0x000038e6                memcpy
 .text.avr-libc
                0x000038f8        0xe c:/program files (x86)/atmel/studio/7.0/toolchain/avr8/avr8-gnu-toolchain/bin/../lib/gcc/avr/5.4.0/../../../../avr/lib/avrxmega6\libc.a(memset.o)
                0x000038f8                memset
 .text.avr-libc
                0x00003906       0x1e c:/program files (x86)/atmel/studio/7.0/toolchain/avr8/avr8-gnu-toolchain/bin/../lib/gcc/avr/5.4.0/../../../../avr/lib/avrxmega6\libc.a(strncpy.o)
                0x00003906                strncpy
 .text.avr-libc
                0x00003924       0x16 c:/program files (x86)/atmel/studio/7.0/toolchain/avr8/avr8-gnu-toolchain/bin/../lib/gcc/avr/5.4.0/../../../../avr/lib/avrxmega6\libc.a(ultoa.o)
                0x00003924                ultoa
                0x00003924                __ultoa
 .text.avr-libc
                0x0000393a       0x44 c:/program files (x86)/atmel/studio/7.0/toolchain/avr8/avr8-gnu-toolchain/bin/../lib/gcc/avr/5.4.0/../../../../avr/lib/avrxmega6\libc.a(ultoa_ncheck.o)
                0x0000393a                __ultoa_ncheck
                0x0000393c                __ultoa_common
 .text.avr-libc
                0x0000397e       0x16 c:/program files (x86)/atmel/studio/7.0/toolchain/avr8/avr8-gnu-toolchain/bin/../lib/gcc/avr/5.4.0/../../../../avr/lib/avrxmega6\libc.a(utoa.o)
                0x0000397e                __utoa
                0x0000397e                utoa
 .text.avr-libc
                0x00003994       0x34 c:/program files (x86)/atmel/studio/7.0/toolchain/avr8/avr8-gnu-toolchain/bin/../lib/gcc/avr/5.4.0/../../../../avr/lib/avrxmega6\libc.a(utoa_ncheck.o)
                0x00003994                __utoa_ncheck
                0x00003996                __utoa_common
 .text.avr-libc
                0x000039c8       0x20 c:/program files (x86)/atmel/studio/7.0/toolchain/avr8/avr8-gnu-toolchain/bin/../lib/gcc/avr/5.4.0/../../../../avr/lib/avrxmega6\libc.a(strrev.o)
                0x000039c8                strrev
                0x000039e8                . = ALIGN (0x2)
 *(.fini9)
 .fini9         0x000039e8        0x0 c:/program files (x86)/atmel/studio/7.0/toolchain/avr8/avr8-gnu-toolchain/bin/../lib/gcc/avr/5.4.0/avrxmega6\libgcc.a(_exit.o)
                0x000039e8                _exit
                0x000039e8                exit
 *(.fini9)
 *(.fini8)
 *(.fini8)
 *(.fini7)
 *(.fini7)
 *(.fini6)
 *(.fini6)
 *(.fini5)
 *(.fini5)
 *(.fini4)
 *(.fini4)
 *(.fini3)
 *(.fini3)
 *(.fini2)
 *(.fini2)
 *(.fini1)
 *(.fini1)
 *(.fini0)
 .fini0         0x000039e8        0x4 c:/program files (x86)/atmel/studio/7.0/toolchain/avr8/avr8-gnu-toolchain/bin/../lib/gcc/avr/5.4.0/avrxmega6\libgcc.a(_exit.o)
 *(.fini0)
                0x000039ec                _etext = .

.data           0x00802000       0x86 load address 0x000039ec
                0x00802000                PROVIDE (__data_start, .)
 *(.data)
 *(.data*)
 .data.xFreeBytesRemaining
                0x00802000        0x2 Source/lib/freertos/heap_2.o
 .data.xNextTaskUnblockTime
                0x00802002        0x4 Source/lib/freertos/tasks.o
 *(.gnu.linkonce.d*)
 *(.rodata)
 *(.rodata*)
 .rodata._ZTV5rs232
                0x00802006       0x10 Source/lib/serial/rs232int.o
                0x00802006                _ZTV5rs232
 .rodata._ZTV8task_LED
                0x00802016        0x8 Source/task_LED.o
                0x00802016                _ZTV8task_LED
 .rodata._ZTV9task_user
                0x0080201e        0x8 Source/task_user.o
                0x0080201e                _ZTV9task_user
 .rodata.str1.1
                0x00802026        0x5 Source/lib/freertos/tasks.o
 .rodata._ZTV8frt_task
                0x0080202b        0x8 Source/lib/frtcpp/frt_task_status.o
                0x0080202b                _ZTV8frt_task
 .rodata._ZTV14frt_text_queue
                0x00802033       0x10 Source/lib/frtcpp/frt_text_queue.o
                0x00802033                _ZTV14frt_text_queue
 .rodata._ZTV8emstream
                0x00802043       0x10 Source/lib/serial/emstream.o
                0x00802043                _ZTV8emstream
 .rodata.str1.1
                0x00802053       0x33 Source/main.o
 *(.gnu.linkonce.r*)
                0x00802086                . = ALIGN (0x2)
                0x00802086                _edata = .
                0x00802086                PROVIDE (__data_end, .)

.bss            0x00802086     0x10a8
                0x00802086                PROVIDE (__bss_start, .)
 *(.bss)
 *(.bss*)
 .bss.rcvF0_write_index
                0x00802086        0x2 Source/lib/serial/rs232int.o
                0x00802086                rcvF0_write_index
 .bss.rcvE1_write_index
                0x00802088        0x2 Source/lib/serial/rs232int.o
                0x00802088                rcvE1_write_index
 .bss.rcvE0_write_index
                0x0080208a        0x2 Source/lib/serial/rs232int.o
                0x0080208a                rcvE0_write_index
 .bss.rcvD1_write_index
                0x0080208c        0x2 Source/lib/serial/rs232int.o
                0x0080208c                rcvD1_write_index
 .bss.rcvD0_write_index
                0x0080208e        0x2 Source/lib/serial/rs232int.o
                0x0080208e                rcvD0_write_index
 .bss.rcvC1_write_index
                0x00802090        0x2 Source/lib/serial/rs232int.o
                0x00802090                rcvC1_write_index
 .bss.rcvC0_write_index
                0x00802092        0x2 Source/lib/serial/rs232int.o
                0x00802092                rcvC0_write_index
 .bss.rcvF0_read_index
                0x00802094        0x2 Source/lib/serial/rs232int.o
                0x00802094                rcvF0_read_index
 .bss.rcvE1_read_index
                0x00802096        0x2 Source/lib/serial/rs232int.o
                0x00802096                rcvE1_read_index
 .bss.rcvE0_read_index
                0x00802098        0x2 Source/lib/serial/rs232int.o
                0x00802098                rcvE0_read_index
 .bss.rcvD1_read_index
                0x0080209a        0x2 Source/lib/serial/rs232int.o
                0x0080209a                rcvD1_read_index
 .bss.rcvD0_read_index
                0x0080209c        0x2 Source/lib/serial/rs232int.o
                0x0080209c                rcvD0_read_index
 .bss.rcvC1_read_index
                0x0080209e        0x2 Source/lib/serial/rs232int.o
                0x0080209e                rcvC1_read_index
 .bss.rcvC0_read_index
                0x008020a0        0x2 Source/lib/serial/rs232int.o
                0x008020a0                rcvC0_read_index
 .bss.rcvF0_buffer
                0x008020a2        0x2 Source/lib/serial/rs232int.o
                0x008020a2                rcvF0_buffer
 .bss.rcvE1_buffer
                0x008020a4        0x2 Source/lib/serial/rs232int.o
                0x008020a4                rcvE1_buffer
 .bss.rcvE0_buffer
                0x008020a6        0x2 Source/lib/serial/rs232int.o
                0x008020a6                rcvE0_buffer
 .bss.rcvD1_buffer
                0x008020a8        0x2 Source/lib/serial/rs232int.o
                0x008020a8                rcvD1_buffer
 .bss.rcvD0_buffer
                0x008020aa        0x2 Source/lib/serial/rs232int.o
                0x008020aa                rcvD0_buffer
 .bss.rcvC1_buffer
                0x008020ac        0x2 Source/lib/serial/rs232int.o
                0x008020ac                rcvC1_buffer
 .bss.rcvC0_buffer
                0x008020ae        0x2 Source/lib/serial/rs232int.o
                0x008020ae                rcvC0_buffer
 .bss.xHeapHasBeenInitialised.4150
                0x008020b0        0x1 Source/lib/freertos/heap_2.o
 .bss.xEnd      0x008020b1        0x4 Source/lib/freertos/heap_2.o
 .bss.xStart    0x008020b5        0x4 Source/lib/freertos/heap_2.o
 .bss.xHeap     0x008020b9      0xfff Source/lib/freertos/heap_2.o
 .bss.uxTaskNumber
                0x008030b8        0x1 Source/lib/freertos/tasks.o
 .bss.xNumOfOverflows
                0x008030b9        0x1 Source/lib/freertos/tasks.o
 .bss.xMissedYield
                0x008030ba        0x1 Source/lib/freertos/tasks.o
 .bss.uxMissedTicks
                0x008030bb        0x1 Source/lib/freertos/tasks.o
 .bss.uxSchedulerSuspended
                0x008030bc        0x1 Source/lib/freertos/tasks.o
 .bss.xSchedulerRunning
                0x008030bd        0x1 Source/lib/freertos/tasks.o
 .bss.uxTopReadyPriority
                0x008030be        0x1 Source/lib/freertos/tasks.o
 .bss.uxTopUsedPriority
                0x008030bf        0x1 Source/lib/freertos/tasks.o
 .bss.xTickCount
                0x008030c0        0x4 Source/lib/freertos/tasks.o
 .bss.uxCurrentNumberOfTasks
                0x008030c4        0x1 Source/lib/freertos/tasks.o
 .bss.xIdleTaskHandle
                0x008030c5        0x2 Source/lib/freertos/tasks.o
 .bss.xPendingReadyList
                0x008030c7        0xb Source/lib/freertos/tasks.o
 .bss.pxOverflowDelayedTaskList
                0x008030d2        0x2 Source/lib/freertos/tasks.o
 .bss.pxDelayedTaskList
                0x008030d4        0x2 Source/lib/freertos/tasks.o
 .bss.xDelayedTaskList2
                0x008030d6        0xb Source/lib/freertos/tasks.o
 .bss.xDelayedTaskList1
                0x008030e1        0xb Source/lib/freertos/tasks.o
 .bss.pxReadyTasksLists
                0x008030ec       0x2c Source/lib/freertos/tasks.o
 .bss.pxCurrentTCB
                0x00803118        0x2 Source/lib/freertos/tasks.o
                0x00803118                pxCurrentTCB
 .bss.last_created_task_pointer
                0x0080311a        0x2 Source/lib/frtcpp/frt_task.o
                0x0080311a                last_created_task_pointer
 .bss.print_ser_queue
                0x0080311c       0x10 Source/main.o
                0x0080311c                print_ser_queue
 *(COMMON)
 COMMON         0x0080312c        0x2 Source/lib/freertos/port.o
                0x0080312c                portStackTopForTask
                0x0080312e                PROVIDE (__bss_end, .)
                0x000039ec                __data_load_start = LOADADDR (.data)
                0x00003a72                __data_load_end = (__data_load_start + SIZEOF (.data))

.noinit         0x0080312e        0x0
                [!provide]                PROVIDE (__noinit_start, .)
 *(.noinit*)
                [!provide]                PROVIDE (__noinit_end, .)
                0x0080312e                _end = .
                [!provide]                PROVIDE (__heap_start, .)

.eeprom         0x00810000        0x0
 *(.eeprom*)
                0x00810000                __eeprom_end = .

.fuse
 *(.fuse)
 *(.lfuse)
 *(.hfuse)
 *(.efuse)

.lock
 *(.lock*)

.signature
 *(.signature*)

.user_signatures
 *(.user_signatures*)

.stab
 *(.stab)

.stabstr
 *(.stabstr)

.stab.excl
 *(.stab.excl)

.stab.exclstr
 *(.stab.exclstr)

.stab.index
 *(.stab.index)

.stab.indexstr
 *(.stab.indexstr)

.comment        0x00000000       0x30
 *(.comment)
 .comment       0x00000000       0x30 Source/lib/serial/rs232int.o
                                 0x31 (size before relaxing)
 .comment       0x00000030       0x31 Source/task_LED.o
 .comment       0x00000030       0x31 Source/task_user.o
 .comment       0x00000030       0x31 Source/xmega_util.o
 .comment       0x00000030       0x31 Source/lib/freertos/heap_2.o
 .comment       0x00000030       0x31 Source/lib/freertos/list.o
 .comment       0x00000030       0x31 Source/lib/freertos/port.o
 .comment       0x00000030       0x31 Source/lib/freertos/queue.o
 .comment       0x00000030       0x31 Source/lib/freertos/tasks.o
 .comment       0x00000030       0x31 Source/lib/frtcpp/frt_task.o
 .comment       0x00000030       0x31 Source/lib/frtcpp/frt_task_stackprt.o
 .comment       0x00000030       0x31 Source/lib/frtcpp/frt_task_status.o
 .comment       0x00000030       0x31 Source/lib/frtcpp/frt_text_queue.o
 .comment       0x00000030       0x31 Source/lib/frtcpp/time_stamp_get_us.o
 .comment       0x00000030       0x31 Source/lib/frtcpp/time_stamp_lshift.o
 .comment       0x00000030       0x31 Source/lib/frtcpp/time_stamp_to_now.o
 .comment       0x00000030       0x31 Source/lib/misc/hex_dump_memory.o
 .comment       0x00000030       0x31 Source/lib/misc/mechutil.o
 .comment       0x00000030       0x31 Source/lib/serial/base232.o
 .comment       0x00000030       0x31 Source/lib/serial/emstream.o
 .comment       0x00000030       0x31 Source/lib/serial/emstream_uint16_t.o
 .comment       0x00000030       0x31 Source/lib/serial/emstream_uint32_t.o
 .comment       0x00000030       0x31 Source/lib/serial/emstream_uint8_t.o
 .comment       0x00000030       0x31 Source/main.o

.note.gnu.avr.deviceinfo
                0x00000000       0x40
 .note.gnu.avr.deviceinfo
                0x00000000       0x40 C:/Program Files (x86)/Atmel/Studio/7.0/Packs/atmel/XMEGAA_DFP/1.1.68/gcc/dev/atxmega128a3u/avrxmega6/crtatxmega128a3u.o

.note.gnu.build-id
 *(.note.gnu.build-id)

.debug
 *(.debug)

.line
 *(.line)

.debug_srcinfo
 *(.debug_srcinfo)

.debug_sfnames
 *(.debug_sfnames)

.debug_aranges  0x00000000      0x618
 *(.debug_aranges)
 .debug_aranges
                0x00000000       0x78 Source/lib/serial/rs232int.o
 .debug_aranges
                0x00000078       0x28 Source/task_LED.o
 .debug_aranges
                0x000000a0       0x38 Source/task_user.o
 .debug_aranges
                0x000000d8       0x28 Source/xmega_util.o
 .debug_aranges
                0x00000100       0x38 Source/lib/freertos/heap_2.o
 .debug_aranges
                0x00000138       0x40 Source/lib/freertos/list.o
 .debug_aranges
                0x00000178       0x48 Source/lib/freertos/port.o
 .debug_aranges
                0x000001c0       0x98 Source/lib/freertos/queue.o
 .debug_aranges
                0x00000258       0xf0 Source/lib/freertos/tasks.o
 .debug_aranges
                0x00000348       0x40 Source/lib/frtcpp/frt_task.o
 .debug_aranges
                0x00000388       0x28 Source/lib/frtcpp/frt_task_stackprt.o
 .debug_aranges
                0x000003b0       0x38 Source/lib/frtcpp/frt_task_status.o
 .debug_aranges
                0x000003e8       0x38 Source/lib/frtcpp/frt_text_queue.o
 .debug_aranges
                0x00000420       0x20 Source/lib/frtcpp/time_stamp_get_us.o
 .debug_aranges
                0x00000440       0x20 Source/lib/frtcpp/time_stamp_lshift.o
 .debug_aranges
                0x00000460       0x20 Source/lib/frtcpp/time_stamp_to_now.o
 .debug_aranges
                0x00000480       0x20 Source/lib/misc/hex_dump_memory.o
 .debug_aranges
                0x000004a0       0x60 Source/lib/misc/mechutil.o
 .debug_aranges
                0x00000500       0x30 Source/lib/serial/base232.o
 .debug_aranges
                0x00000530       0x60 Source/lib/serial/emstream.o
 .debug_aranges
                0x00000590       0x20 Source/lib/serial/emstream_uint16_t.o
 .debug_aranges
                0x000005b0       0x20 Source/lib/serial/emstream_uint32_t.o
 .debug_aranges
                0x000005d0       0x20 Source/lib/serial/emstream_uint8_t.o
 .debug_aranges
                0x000005f0       0x28 Source/main.o

.debug_pubnames
 *(.debug_pubnames)

.debug_info     0x00000000     0xee9b
 *(.debug_info .gnu.linkonce.wi.*)
 .debug_info    0x00000000     0x3409 C:/Program Files (x86)/Atmel/Studio/7.0/Packs/atmel/XMEGAA_DFP/1.1.68/gcc/dev/atxmega128a3u/avrxmega6/crtatxmega128a3u.o
 .debug_info    0x00003409      0x907 Source/lib/serial/rs232int.o
 .debug_info    0x00003d10      0x6c7 Source/task_LED.o
 .debug_info    0x000043d7     0x1a79 Source/task_user.o
 .debug_info    0x00005e50      0x2c3 Source/xmega_util.o
 .debug_info    0x00006113      0x30f Source/lib/freertos/heap_2.o
 .debug_info    0x00006422      0x2c5 Source/lib/freertos/list.o
 .debug_info    0x000066e7      0x89b Source/lib/freertos/port.o
 .debug_info    0x00006f82      0xdde Source/lib/freertos/queue.o
 .debug_info    0x00007d60     0x1301 Source/lib/freertos/tasks.o
 .debug_info    0x00009061      0x9eb Source/lib/frtcpp/frt_task.o
 .debug_info    0x00009a4c      0x640 Source/lib/frtcpp/frt_task_stackprt.o
 .debug_info    0x0000a08c     0x10e6 Source/lib/frtcpp/frt_task_status.o
 .debug_info    0x0000b172      0x410 Source/lib/frtcpp/frt_text_queue.o
 .debug_info    0x0000b582      0x3ab Source/lib/frtcpp/time_stamp_get_us.o
 .debug_info    0x0000b92d      0x5ae Source/lib/frtcpp/time_stamp_lshift.o
 .debug_info    0x0000bedb      0x9a8 Source/lib/frtcpp/time_stamp_to_now.o
 .debug_info    0x0000c883      0x515 Source/lib/misc/hex_dump_memory.o
 .debug_info    0x0000cd98      0x29c Source/lib/misc/mechutil.o
 .debug_info    0x0000d034      0x482 Source/lib/serial/base232.o
 .debug_info    0x0000d4b6      0xa2f Source/lib/serial/emstream.o
 .debug_info    0x0000dee5      0x2b8 Source/lib/serial/emstream_uint16_t.o
 .debug_info    0x0000e19d      0x2e0 Source/lib/serial/emstream_uint32_t.o
 .debug_info    0x0000e47d      0x2d8 Source/lib/serial/emstream_uint8_t.o
 .debug_info    0x0000e755      0x746 Source/main.o

.debug_abbrev   0x00000000     0x6291
 *(.debug_abbrev)
 .debug_abbrev  0x00000000     0x3148 C:/Program Files (x86)/Atmel/Studio/7.0/Packs/atmel/XMEGAA_DFP/1.1.68/gcc/dev/atxmega128a3u/avrxmega6/crtatxmega128a3u.o
 .debug_abbrev  0x00003148      0x29f Source/lib/serial/rs232int.o
 .debug_abbrev  0x000033e7      0x2b3 Source/task_LED.o
 .debug_abbrev  0x0000369a      0x389 Source/task_user.o
 .debug_abbrev  0x00003a23      0x115 Source/xmega_util.o
 .debug_abbrev  0x00003b38      0x1a9 Source/lib/freertos/heap_2.o
 .debug_abbrev  0x00003ce1       0xf6 Source/lib/freertos/list.o
 .debug_abbrev  0x00003dd7      0x1f7 Source/lib/freertos/port.o
 .debug_abbrev  0x00003fce      0x1f2 Source/lib/freertos/queue.o
 .debug_abbrev  0x000041c0      0x2c2 Source/lib/freertos/tasks.o
 .debug_abbrev  0x00004482      0x301 Source/lib/frtcpp/frt_task.o
 .debug_abbrev  0x00004783      0x1fe Source/lib/frtcpp/frt_task_stackprt.o
 .debug_abbrev  0x00004981      0x354 Source/lib/frtcpp/frt_task_status.o
 .debug_abbrev  0x00004cd5      0x1ec Source/lib/frtcpp/frt_text_queue.o
 .debug_abbrev  0x00004ec1      0x109 Source/lib/frtcpp/time_stamp_get_us.o
 .debug_abbrev  0x00004fca      0x234 Source/lib/frtcpp/time_stamp_lshift.o
 .debug_abbrev  0x000051fe      0x19c Source/lib/frtcpp/time_stamp_to_now.o
 .debug_abbrev  0x0000539a      0x180 Source/lib/misc/hex_dump_memory.o
 .debug_abbrev  0x0000551a      0x12e Source/lib/misc/mechutil.o
 .debug_abbrev  0x00005648      0x182 Source/lib/serial/base232.o
 .debug_abbrev  0x000057ca      0x344 Source/lib/serial/emstream.o
 .debug_abbrev  0x00005b0e      0x1b7 Source/lib/serial/emstream_uint16_t.o
 .debug_abbrev  0x00005cc5      0x1b7 Source/lib/serial/emstream_uint32_t.o
 .debug_abbrev  0x00005e7c      0x1a6 Source/lib/serial/emstream_uint8_t.o
 .debug_abbrev  0x00006022      0x26f Source/main.o

.debug_line     0x00000000     0x47e3
 *(.debug_line .debug_line.* .debug_line_end)
 .debug_line    0x00000000      0x39d C:/Program Files (x86)/Atmel/Studio/7.0/Packs/atmel/XMEGAA_DFP/1.1.68/gcc/dev/atxmega128a3u/avrxmega6/crtatxmega128a3u.o
 .debug_line    0x0000039d      0x4bf Source/lib/serial/rs232int.o
 .debug_line    0x0000085c      0x29e Source/task_LED.o
 .debug_line    0x00000afa      0x57c Source/task_user.o
 .debug_line    0x00001076      0x197 Source/xmega_util.o
 .debug_line    0x0000120d      0x25f Source/lib/freertos/heap_2.o
 .debug_line    0x0000146c      0x17b Source/lib/freertos/list.o
 .debug_line    0x000015e7      0x384 Source/lib/freertos/port.o
 .debug_line    0x0000196b      0x725 Source/lib/freertos/queue.o
 .debug_line    0x00002090      0x9dc Source/lib/freertos/tasks.o
 .debug_line    0x00002a6c      0x367 Source/lib/frtcpp/frt_task.o
 .debug_line    0x00002dd3      0x210 Source/lib/frtcpp/frt_task_stackprt.o
 .debug_line    0x00002fe3      0x39f Source/lib/frtcpp/frt_task_status.o
 .debug_line    0x00003382      0x17d Source/lib/frtcpp/frt_text_queue.o
 .debug_line    0x000034ff       0xfc Source/lib/frtcpp/time_stamp_get_us.o
 .debug_line    0x000035fb      0x167 Source/lib/frtcpp/time_stamp_lshift.o
 .debug_line    0x00003762      0x179 Source/lib/frtcpp/time_stamp_to_now.o
 .debug_line    0x000038db      0x24d Source/lib/misc/hex_dump_memory.o
 .debug_line    0x00003b28      0x1c9 Source/lib/misc/mechutil.o
 .debug_line    0x00003cf1      0x260 Source/lib/serial/base232.o
 .debug_line    0x00003f51      0x2b4 Source/lib/serial/emstream.o
 .debug_line    0x00004205      0x10e Source/lib/serial/emstream_uint16_t.o
 .debug_line    0x00004313      0x10e Source/lib/serial/emstream_uint32_t.o
 .debug_line    0x00004421      0x185 Source/lib/serial/emstream_uint8_t.o
 .debug_line    0x000045a6      0x23d Source/main.o

.debug_frame    0x00000000     0x117c
 *(.debug_frame)
 .debug_frame   0x00000000      0x224 Source/lib/serial/rs232int.o
 .debug_frame   0x00000224       0x58 Source/task_LED.o
 .debug_frame   0x0000027c       0xc4 Source/task_user.o
 .debug_frame   0x00000340       0x5c Source/xmega_util.o
 .debug_frame   0x0000039c       0x7c Source/lib/freertos/heap_2.o
 .debug_frame   0x00000418       0x84 Source/lib/freertos/list.o
 .debug_frame   0x0000049c       0x74 Source/lib/freertos/port.o
 .debug_frame   0x00000510      0x20c Source/lib/freertos/queue.o
 .debug_frame   0x0000071c      0x380 Source/lib/freertos/tasks.o
 .debug_frame   0x00000a9c       0xbc Source/lib/frtcpp/frt_task.o
 .debug_frame   0x00000b58       0x70 Source/lib/frtcpp/frt_task_stackprt.o
 .debug_frame   0x00000bc8       0xc4 Source/lib/frtcpp/frt_task_status.o
 .debug_frame   0x00000c8c       0xbc Source/lib/frtcpp/frt_text_queue.o
 .debug_frame   0x00000d48       0x44 Source/lib/frtcpp/time_stamp_get_us.o
 .debug_frame   0x00000d8c       0x54 Source/lib/frtcpp/time_stamp_lshift.o
 .debug_frame   0x00000de0       0x30 Source/lib/frtcpp/time_stamp_to_now.o
 .debug_frame   0x00000e10       0x70 Source/lib/misc/hex_dump_memory.o
 .debug_frame   0x00000e80       0xa4 Source/lib/misc/mechutil.o
 .debug_frame   0x00000f24       0x50 Source/lib/serial/base232.o
 .debug_frame   0x00000f74       0xc4 Source/lib/serial/emstream.o
 .debug_frame   0x00001038       0x44 Source/lib/serial/emstream_uint16_t.o
 .debug_frame   0x0000107c       0x50 Source/lib/serial/emstream_uint32_t.o
 .debug_frame   0x000010cc       0x54 Source/lib/serial/emstream_uint8_t.o
 .debug_frame   0x00001120       0x5c Source/main.o

.debug_str      0x00000000     0x5337
 *(.debug_str)
 .debug_str     0x00000000     0x223b C:/Program Files (x86)/Atmel/Studio/7.0/Packs/atmel/XMEGAA_DFP/1.1.68/gcc/dev/atxmega128a3u/avrxmega6/crtatxmega128a3u.o
 .debug_str     0x0000223b      0x68d Source/lib/serial/rs232int.o
                                0x6fb (size before relaxing)
 .debug_str     0x000028c8      0x205 Source/task_LED.o
                                0x500 (size before relaxing)
 .debug_str     0x00002acd      0x828 Source/task_user.o
                                0xb97 (size before relaxing)
 .debug_str     0x000032f5      0x299 Source/xmega_util.o
                                0x499 (size before relaxing)
 .debug_str     0x0000358e      0x21c Source/lib/freertos/heap_2.o
                                0x345 (size before relaxing)
 .debug_str     0x000037aa      0x131 Source/lib/freertos/list.o
                                0x2f6 (size before relaxing)
 .debug_str     0x000038db      0x190 Source/lib/freertos/port.o
                                0x645 (size before relaxing)
 .debug_str     0x00003a6b      0x41d Source/lib/freertos/queue.o
                                0x6f5 (size before relaxing)
 .debug_str     0x00003e88      0x501 Source/lib/freertos/tasks.o
                                0x9cc (size before relaxing)
 .debug_str     0x00004389      0x130 Source/lib/frtcpp/frt_task.o
                                0x539 (size before relaxing)
 .debug_str     0x000044b9       0xe2 Source/lib/frtcpp/frt_task_stackprt.o
                                0x461 (size before relaxing)
 .debug_str     0x0000459b      0x3e6 Source/lib/frtcpp/frt_task_status.o
                                0x9d9 (size before relaxing)
 .debug_str     0x00004981      0x136 Source/lib/frtcpp/frt_text_queue.o
                                0x44b (size before relaxing)
 .debug_str     0x00004ab7       0x2b Source/lib/frtcpp/time_stamp_get_us.o
                                0x513 (size before relaxing)
 .debug_str     0x00004ae2       0x5f Source/lib/frtcpp/time_stamp_lshift.o
                                0x5d8 (size before relaxing)
 .debug_str     0x00004b41       0x2b Source/lib/frtcpp/time_stamp_to_now.o
                                0x7f6 (size before relaxing)
 .debug_str     0x00004b6c       0x8a Source/lib/misc/hex_dump_memory.o
                                0x3a7 (size before relaxing)
 .debug_str     0x00004bf6       0xcc Source/lib/misc/mechutil.o
                                0x2e2 (size before relaxing)
 .debug_str     0x00004cc2       0x40 Source/lib/serial/base232.o
                                0x41e (size before relaxing)
 .debug_str     0x00004d02      0x41a Source/lib/serial/emstream.o
                                0x7d2 (size before relaxing)
 .debug_str     0x0000511c       0x67 Source/lib/serial/emstream_uint16_t.o
                                0x2b0 (size before relaxing)
 .debug_str     0x00005183       0x42 Source/lib/serial/emstream_uint32_t.o
                                0x2b3 (size before relaxing)
 .debug_str     0x000051c5       0x3a Source/lib/serial/emstream_uint8_t.o
                                0x29d (size before relaxing)
 .debug_str     0x000051ff      0x138 Source/main.o
                                0x637 (size before relaxing)

.debug_loc      0x00000000     0x5373
 *(.debug_loc)
 .debug_loc     0x00000000      0x5ec Source/lib/serial/rs232int.o
 .debug_loc     0x000005ec      0x1aa Source/task_LED.o
 .debug_loc     0x00000796      0x602 Source/task_user.o
 .debug_loc     0x00000d98       0xfc Source/xmega_util.o
 .debug_loc     0x00000e94      0x2b1 Source/lib/freertos/heap_2.o
 .debug_loc     0x00001145      0x136 Source/lib/freertos/list.o
 .debug_loc     0x0000127b      0x29b Source/lib/freertos/port.o
 .debug_loc     0x00001516      0xd6d Source/lib/freertos/queue.o
 .debug_loc     0x00002283     0x1159 Source/lib/freertos/tasks.o
 .debug_loc     0x000033dc      0x434 Source/lib/frtcpp/frt_task.o
 .debug_loc     0x00003810      0x240 Source/lib/frtcpp/frt_task_stackprt.o
 .debug_loc     0x00003a50      0x56e Source/lib/frtcpp/frt_task_status.o
 .debug_loc     0x00003fbe      0x2fe Source/lib/frtcpp/frt_text_queue.o
 .debug_loc     0x000042bc       0x63 Source/lib/frtcpp/time_stamp_get_us.o
 .debug_loc     0x0000431f      0x19d Source/lib/frtcpp/time_stamp_lshift.o
 .debug_loc     0x000044bc       0x67 Source/lib/frtcpp/time_stamp_to_now.o
 .debug_loc     0x00004523      0x3e2 Source/lib/misc/hex_dump_memory.o
 .debug_loc     0x00004905       0xe6 Source/lib/misc/mechutil.o
 .debug_loc     0x000049eb      0x143 Source/lib/serial/base232.o
 .debug_loc     0x00004b2e      0x305 Source/lib/serial/emstream.o
 .debug_loc     0x00004e33      0x12f Source/lib/serial/emstream_uint16_t.o
 .debug_loc     0x00004f62      0x171 Source/lib/serial/emstream_uint32_t.o
 .debug_loc     0x000050d3      0x1cf Source/lib/serial/emstream_uint8_t.o
 .debug_loc     0x000052a2       0xd1 Source/main.o

.debug_macinfo
 *(.debug_macinfo)

.debug_weaknames
 *(.debug_weaknames)

.debug_funcnames
 *(.debug_funcnames)

.debug_typenames
 *(.debug_typenames)

.debug_varnames
 *(.debug_varnames)

.debug_pubtypes
 *(.debug_pubtypes)

.debug_ranges   0x00000000      0x4f8
 *(.debug_ranges)
 .debug_ranges  0x00000000       0x80 Source/lib/serial/rs232int.o
 .debug_ranges  0x00000080       0x18 Source/task_LED.o
 .debug_ranges  0x00000098       0x28 Source/task_user.o
 .debug_ranges  0x000000c0       0x18 Source/xmega_util.o
 .debug_ranges  0x000000d8       0x28 Source/lib/freertos/heap_2.o
 .debug_ranges  0x00000100       0x30 Source/lib/freertos/list.o
 .debug_ranges  0x00000130       0x38 Source/lib/freertos/port.o
 .debug_ranges  0x00000168       0x88 Source/lib/freertos/queue.o
 .debug_ranges  0x000001f0      0x110 Source/lib/freertos/tasks.o
 .debug_ranges  0x00000300       0x30 Source/lib/frtcpp/frt_task.o
 .debug_ranges  0x00000330       0x18 Source/lib/frtcpp/frt_task_stackprt.o
 .debug_ranges  0x00000348       0x28 Source/lib/frtcpp/frt_task_status.o
 .debug_ranges  0x00000370       0x28 Source/lib/frtcpp/frt_text_queue.o
 .debug_ranges  0x00000398       0x10 Source/lib/frtcpp/time_stamp_get_us.o
 .debug_ranges  0x000003a8       0x10 Source/lib/frtcpp/time_stamp_lshift.o
 .debug_ranges  0x000003b8       0x10 Source/lib/frtcpp/time_stamp_to_now.o
 .debug_ranges  0x000003c8       0x10 Source/lib/misc/hex_dump_memory.o
 .debug_ranges  0x000003d8       0x50 Source/lib/misc/mechutil.o
 .debug_ranges  0x00000428       0x20 Source/lib/serial/base232.o
 .debug_ranges  0x00000448       0x68 Source/lib/serial/emstream.o
 .debug_ranges  0x000004b0       0x10 Source/lib/serial/emstream_uint16_t.o
 .debug_ranges  0x000004c0       0x10 Source/lib/serial/emstream_uint32_t.o
 .debug_ranges  0x000004d0       0x10 Source/lib/serial/emstream_uint8_t.o
 .debug_ranges  0x000004e0       0x18 Source/main.o

.debug_macro
 *(.debug_macro)
OUTPUT(FREERTOS_SHELL.elf elf32-avr)
LOAD linker stubs
